Archive member included to satisfy reference by file (symbol)

app/libapp.a(main.c.obj)      (--whole-archive)
app/libapp.a(comms.c.obj)     (--whole-archive)
app/libapp.a(motors.c.obj)    (--whole-archive)
app/libapp.a(gripper.c.obj)   (--whole-archive)
zephyr/libzephyr.a(validate_libc.c.obj)
                              (--whole-archive)
zephyr/libzephyr.a(heap.c.obj)
                              (--whole-archive)
zephyr/libzephyr.a(cbprintf_packaged.c.obj)
                              (--whole-archive)
zephyr/libzephyr.a(clock.c.obj)
                              (--whole-archive)
zephyr/libzephyr.a(printk.c.obj)
                              (--whole-archive)
zephyr/libzephyr.a(cbprintf_complete.c.obj)
                              (--whole-archive)
zephyr/libzephyr.a(assert.c.obj)
                              (--whole-archive)
zephyr/libzephyr.a(dec.c.obj)
                              (--whole-archive)
zephyr/libzephyr.a(hex.c.obj)
                              (--whole-archive)
zephyr/libzephyr.a(rb.c.obj)  (--whole-archive)
zephyr/libzephyr.a(set.c.obj)
                              (--whole-archive)
zephyr/libzephyr.a(timeutil.c.obj)
                              (--whole-archive)
zephyr/libzephyr.a(bitarray.c.obj)
                              (--whole-archive)
zephyr/libzephyr.a(bitmask.c.obj)
                              (--whole-archive)
zephyr/libzephyr.a(getopt.c.obj)
                              (--whole-archive)
zephyr/libzephyr.a(getopt_common.c.obj)
                              (--whole-archive)
zephyr/libzephyr.a(ring_buffer.c.obj)
                              (--whole-archive)
zephyr/libzephyr.a(last_section_id.c.obj)
                              (--whole-archive)
zephyr/libzephyr.a(configs.c.obj)
                              (--whole-archive)
zephyr/libzephyr.a(stm32cube_hal.c.obj)
                              (--whole-archive)
zephyr/libzephyr.a(soc_config.c.obj)
                              (--whole-archive)
zephyr/libzephyr.a(gpioport_mgr.c.obj)
                              (--whole-archive)
zephyr/libzephyr.a(stm32_backup_domain.c.obj)
                              (--whole-archive)
zephyr/libzephyr.a(soc.c.obj)
                              (--whole-archive)
zephyr/libzephyr.a(mem_attr.c.obj)
                              (--whole-archive)
zephyr/libzephyr.a(tracing_none.c.obj)
                              (--whole-archive)
zephyr/libzephyr.a(sem.c.obj)
                              (--whole-archive)
zephyr/libzephyr.a(thread_entry.c.obj)
                              (--whole-archive)
zephyr/arch/common/libarch__common.a(sw_isr_common.c.obj)
                              (--whole-archive)
zephyr/arch/common/libarch__common.a(init.c.obj)
                              (--whole-archive)
zephyr/arch/common/libarch__common.a(xip.c.obj)
                              (--whole-archive)
zephyr/arch/arch/arm/core/libarch__arm__core.a(fatal.c.obj)
                              (--whole-archive)
zephyr/arch/arch/arm/core/libarch__arm__core.a(nmi.c.obj)
                              (--whole-archive)
zephyr/arch/arch/arm/core/libarch__arm__core.a(nmi_on_reset.S.obj)
                              (--whole-archive)
zephyr/arch/arch/arm/core/libarch__arm__core.a(tls.c.obj)
                              (--whole-archive)
zephyr/arch/arch/arm/core/cortex_m/libarch__arm__core__cortex_m.a(fault.c.obj)
                              (--whole-archive)
zephyr/arch/arch/arm/core/cortex_m/libarch__arm__core__cortex_m.a(fault_s.S.obj)
                              (--whole-archive)
zephyr/arch/arch/arm/core/cortex_m/libarch__arm__core__cortex_m.a(fpu.c.obj)
                              (--whole-archive)
zephyr/arch/arch/arm/core/cortex_m/libarch__arm__core__cortex_m.a(reset.S.obj)
                              (--whole-archive)
zephyr/arch/arch/arm/core/cortex_m/libarch__arm__core__cortex_m.a(scb.c.obj)
                              (--whole-archive)
zephyr/arch/arch/arm/core/cortex_m/libarch__arm__core__cortex_m.a(vector_table.S.obj)
                              (--whole-archive)
zephyr/arch/arch/arm/core/cortex_m/libarch__arm__core__cortex_m.a(svc.S.obj)
                              (--whole-archive)
zephyr/arch/arch/arm/core/cortex_m/libarch__arm__core__cortex_m.a(irq_manage.c.obj)
                              (--whole-archive)
zephyr/arch/arch/arm/core/cortex_m/libarch__arm__core__cortex_m.a(prep_c.c.obj)
                              (--whole-archive)
zephyr/arch/arch/arm/core/cortex_m/libarch__arm__core__cortex_m.a(thread.c.obj)
                              (--whole-archive)
zephyr/arch/arch/arm/core/cortex_m/libarch__arm__core__cortex_m.a(cpu_idle.c.obj)
                              (--whole-archive)
zephyr/arch/arch/arm/core/cortex_m/libarch__arm__core__cortex_m.a(exc_exit.c.obj)
                              (--whole-archive)
zephyr/arch/arch/arm/core/cortex_m/libarch__arm__core__cortex_m.a(thread_abort.c.obj)
                              (--whole-archive)
[...]
Memory Configuration

Name             Origin             Length             Attributes
FLASH            0x08000000         0x00080000         xr
RAM              0x20000000         0x00020000         xw
SRAM0            0x20000000         0x00020000         rw
IDT_LIST         0xffff7fff         0x00008000         xw
*default*        0x00000000         0xffffffff

Linker script and memory map

                0x08002be4                        vfprintf = __l_vfprintf
                0x00000000                        vfscanf = __l_vfscanf
LOAD zephyr/CMakeFiles/zephyr_final.dir/misc/empty_file.c.obj
LOAD zephyr/CMakeFiles/zephyr_final.dir/isr_tables.c.obj
LOAD zephyr/CMakeFiles/offsets.dir/./arch/arm/core/offsets/offsets.c.obj
LOAD app/libapp.a
LOAD zephyr/libzephyr.a
LOAD zephyr/arch/common/libarch__common.a
LOAD zephyr/arch/arch/arm/core/libarch__arm__core.a
LOAD zephyr/arch/arch/arm/core/cortex_m/libarch__arm__core__cortex_m.a
LOAD zephyr/arch/arch/arm/core/mpu/libarch__arm__core__mpu.a
LOAD zephyr/lib/libc/picolibc/liblib__libc__picolibc.a
LOAD zephyr/lib/libc/common/liblib__libc__common.a
LOAD zephyr/subsys/portability/posix/c_lib_ext/libsubsys__portability__posix__c_lib_ext.a
LOAD zephyr/drivers/interrupt_controller/libdrivers__interrupt_controller.a
LOAD zephyr/drivers/clock_control/libdrivers__clock_control.a
LOAD zephyr/drivers/console/libdrivers__console.a
LOAD zephyr/drivers/gpio/libdrivers__gpio.a
LOAD zephyr/drivers/pinctrl/libdrivers__pinctrl.a
LOAD zephyr/drivers/pwm/libdrivers__pwm.a
LOAD zephyr/drivers/reset/libdrivers__reset.a
LOAD zephyr/drivers/serial/libdrivers__serial.a
LOAD zephyr/drivers/timer/libdrivers__timer.a
LOAD modules/hal_stm32/stm32cube/lib..__modules__hal__stm32__stm32cube.a
LOAD zephyr/kernel/libkernel.a
LOAD zephyr/arch/common/libisr_tables.a
LOAD C:/Users/justin/zephyr-sdk-1.0.1/gnu/arm-zephyr-eabi/bin/../lib/gcc/arm-zephyr-eabi/14.3.0/../../../../arm-zephyr-eabi/lib/thumb/v7e-m/nofp/space\libc.a
LOAD C:/Users/justin/zephyr-sdk-1.0.1/gnu/arm-zephyr-eabi/bin/../lib/gcc/arm-zephyr-eabi/14.3.0/thumb/v7e-m/nofp/space\libgcc.a
                0x00000020                        _region_min_align = 0x20

.rel.plt        0x08000000        0x0
 *(SORT_BY_ALIGNMENT(.rel.plt))
                [!provide]                        PROVIDE (__rel_iplt_start = .)
 *(SORT_BY_ALIGNMENT(.rel.iplt))
 .rel.iplt      0x08000000        0x0 zephyr/CMakeFiles/zephyr_final.dir/isr_tables.c.obj
                [!provide]                        PROVIDE (__rel_iplt_end = .)

.rela.plt       0x00000000        0x0
 *(SORT_BY_ALIGNMENT(.rela.plt))
                [!provide]                        PROVIDE (__rela_iplt_start = .)
 *(SORT_BY_ALIGNMENT(.rela.iplt))
                [!provide]                        PROVIDE (__rela_iplt_end = .)

.rel.dyn
 *(SORT_BY_ALIGNMENT(.rel.*))

.rela.dyn
 *(SORT_BY_ALIGNMENT(.rela.*))

/DISCARD/
 *(SORT_BY_ALIGNMENT(.plt))

/DISCARD/
 *(SORT_BY_ALIGNMENT(.iplt))
                0x08000000                        __rom_region_start = 0x8000000

rom_start       0x08000000      0x1b0
                0x08000000                        __rom_start_address = .
 FILL mask 0x00
                0x08000000                        . = (. + (0x0 - (. - __rom_start_address)))
                0x08000000                        . = ALIGN (0x4)
                0x08000000                        . = ALIGN (0x80)
                0x08000000                        . = ALIGN (0x200)
                0x08000000                        _vector_start = .
 *(SORT_BY_ALIGNMENT(.exc_vector_table))
 *(SORT_BY_ALIGNMENT(.exc_vector_table.*))
 .exc_vector_table._vector_table_section
                0x08000000       0x40 zephyr/arch/arch/arm/core/cortex_m/libarch__arm__core__cortex_m.a(vector_table.S.obj)
                0x08000000                _vector_table
 *(SORT_BY_ALIGNMENT(.vectors))
                0x080001b0                        _vector_end = .
                0x08000040                        . = ALIGN (0x4)
 *(SORT_BY_ALIGNMENT(.gnu.linkonce.irq_vector_table*))
 .gnu.linkonce.irq_vector_table
                0x08000040      0x170 zephyr/CMakeFiles/zephyr_final.dir/isr_tables.c.obj
                0x08000040                _irq_vector_table
                0x080001b0                        _vector_end = .

text            0x080001b0     0x3b74
                0x080001b0                        __text_region_start = .
 *(SORT_BY_ALIGNMENT(.text))
 .text          0x080001b0       0x30 C:/Users/justin/zephyr-sdk-1.0.1/gnu/arm-zephyr-eabi/bin/../lib/gcc/arm-zephyr-eabi/14.3.0/thumb/v7e-m/nofp/space\libgcc.a(_aeabi_uldivmod.o)
                0x080001b0                __aeabi_uldivmod
 .text          0x080001e0        0x4 C:/Users/justin/zephyr-sdk-1.0.1/gnu/arm-zephyr-eabi/bin/../lib/gcc/arm-zephyr-eabi/14.3.0/thumb/v7e-m/nofp/space\libgcc.a(_dvmd_tls.o)
                0x080001e0                __aeabi_idiv0
                0x080001e0                __aeabi_ldiv0
 .text          0x080001e4      0x2bc C:/Users/justin/zephyr-sdk-1.0.1/gnu/arm-zephyr-eabi/bin/../lib/gcc/arm-zephyr-eabi/14.3.0/thumb/v7e-m/nofp/space\libgcc.a(_udivmoddi4.o)
                0x080001e4                __udivmoddi4
 *(SORT_BY_ALIGNMENT(.text.*))
 .text.gripper_set
                0x080004a0       0xb4 app/libapp.a(gripper.c.obj)
                0x080004a0                gripper_set
 .text.main     0x08000554       0x2c app/libapp.a(main.c.obj)
                0x08000554                main
 .text.gripper_init
                0x08000580       0x18 app/libapp.a(gripper.c.obj)
                0x08000580                gripper_init
 .text.char_out
                0x08000598        0xc zephyr/libzephyr.a(printk.c.obj)
 .text.__printk_hook_install
                0x080005a4        0xc zephyr/libzephyr.a(printk.c.obj)
                0x080005a4                __printk_hook_install
 .text.vprintk  0x080005b0       0x30 zephyr/libzephyr.a(printk.c.obj)
                0x080005b0                vprintk
 .text.st_stm32_common_config
                0x080005e0       0x14 zephyr/libzephyr.a(soc_config.c.obj)
 .text.stm32_gpioport_init
                0x080005f4       0x20 zephyr/libzephyr.a(gpioport_mgr.c.obj)
 .text.stm32_gpioport_get
                0x08000614       0x24 zephyr/libzephyr.a(gpioport_mgr.c.obj)
                0x08000614                stm32_gpioport_get
 .text.soc_early_init_hook
                0x08000638       0x68 zephyr/libzephyr.a(soc.c.obj)
                0x08000638                soc_early_init_hook
 .text.mem_attr_get_regions
                0x080006a0        0xc zephyr/libzephyr.a(mem_attr.c.obj)
                0x080006a0                mem_attr_get_regions
 .text.z_thread_entry
                0x080006ac       0x34 zephyr/libzephyr.a(thread_entry.c.obj)
                0x080006ac                z_thread_entry
 .text.arch_bss_zero
                0x080006e0       0x18 zephyr/arch/common/libarch__common.a(init.c.obj)
                0x080006e0                arch_bss_zero
 .text.arch_data_copy
                0x080006f8       0x38 zephyr/arch/common/libarch__common.a(xip.c.obj)
                0x080006f8                arch_data_copy
 .text.z_arm_fatal_error
                0x08000730       0x60 zephyr/arch/arch/arm/core/libarch__arm__core.a(fatal.c.obj)
                0x08000730                z_arm_fatal_error
 .text.z_SysNmiOnReset
                0x08000790        0x8 zephyr/arch/arch/arm/core/libarch__arm__core.a(nmi_on_reset.S.obj)
                0x08000790                z_SysNmiOnReset
 .text.arch_tls_stack_setup
                0x08000798       0x40 zephyr/arch/arch/arm/core/libarch__arm__core.a(tls.c.obj)
                0x08000798                arch_tls_stack_setup
 .text.mem_manage_fault
                0x080007d8       0xf0 zephyr/arch/arch/arm/core/cortex_m/libarch__arm__core__cortex_m.a(fault.c.obj)
 .text.usage_fault.isra.0
                0x080008c8       0x98 zephyr/arch/arch/arm/core/cortex_m/libarch__arm__core__cortex_m.a(fault.c.obj)
 .text.bus_fault.isra.0
                0x08000960       0xb8 zephyr/arch/arch/arm/core/cortex_m/libarch__arm__core__cortex_m.a(fault.c.obj)
 .text.z_arm_fault
                0x08000a18      0x1a8 zephyr/arch/arch/arm/core/cortex_m/libarch__arm__core__cortex_m.a(fault.c.obj)
                0x08000a18                z_arm_fault
 .text.z_arm_fault_init
                0x08000bc0       0x18 zephyr/arch/arch/arm/core/cortex_m/libarch__arm__core__cortex_m.a(fault.c.obj)
                0x08000bc0                z_arm_fault_init
 .text.__fault  0x08000bd8       0x14 zephyr/arch/arch/arm/core/cortex_m/libarch__arm__core__cortex_m.a(fault_s.S.obj)
                0x08000bd8                z_arm_usage_fault
                0x08000bd8                z_arm_mpu_fault
                0x08000bd8                z_arm_exc_spurious
                0x08000bd8                z_arm_debug_monitor
                0x08000bd8                z_arm_hard_fault
                0x08000bd8                z_arm_bus_fault
 .text._reset_section
                0x08000bec       0x34 zephyr/arch/arch/arm/core/cortex_m/libarch__arm__core__cortex_m.a(reset.S.obj)
                0x08000bec                __start
                0x08000bec                z_arm_reset
 .text.z_arm_svc
                0x08000c20       0x24 zephyr/arch/arch/arm/core/cortex_m/libarch__arm__core__cortex_m.a(svc.S.obj)
                0x08000c20                z_arm_svc
 .text.arm_irq_enable
                0x08000c44       0x1c zephyr/arch/arch/arm/core/cortex_m/libarch__arm__core__cortex_m.a(irq_manage.c.obj)
                0x08000c44                arm_irq_enable
 .text.arm_irq_priority_set
                0x08000c60       0x30 zephyr/arch/arch/arm/core/cortex_m/libarch__arm__core__cortex_m.a(irq_manage.c.obj)
                0x08000c60                arm_irq_priority_set
 .text.relocate_vector_table
                0x08000c90       0x1c zephyr/arch/arch/arm/core/cortex_m/libarch__arm__core__cortex_m.a(prep_c.c.obj)
                0x08000c90                relocate_vector_table
 .text.z_prep_c
                0x08000cac       0x38 zephyr/arch/arch/arm/core/cortex_m/libarch__arm__core__cortex_m.a(prep_c.c.obj)
                0x08000cac                z_prep_c
 .text.arch_new_thread
                0x08000ce4       0x38 zephyr/arch/arch/arm/core/cortex_m/libarch__arm__core__cortex_m.a(thread.c.obj)
                0x08000ce4                arch_new_thread
 .text.z_check_thread_stack_fail
                0x08000d1c       0x2c zephyr/arch/arch/arm/core/cortex_m/libarch__arm__core__cortex_m.a(thread.c.obj)
                0x08000d1c                z_check_thread_stack_fail
 .text.arch_switch_to_main_thread
                0x08000d48       0x3c zephyr/arch/arch/arm/core/cortex_m/libarch__arm__core__cortex_m.a(thread.c.obj)
                0x08000d48                arch_switch_to_main_thread
 .text.z_arm_cpu_idle_init
                0x08000d84        0xc zephyr/arch/arch/arm/core/cortex_m/libarch__arm__core__cortex_m.a(cpu_idle.c.obj)
                0x08000d84                z_arm_cpu_idle_init
 .text._HandlerModeExit
                0x08000d90       0x20 zephyr/arch/arch/arm/core/cortex_m/libarch__arm__core__cortex_m.a(exc_exit.c.obj)
                0x08000d90                z_arm_int_exit
                0x08000d90                z_arm_exc_exit
 .text.z_impl_k_thread_abort
                0x08000db0       0x2c zephyr/arch/arch/arm/core/cortex_m/libarch__arm__core__cortex_m.a(thread_abort.c.obj)
                0x08000db0                z_impl_k_thread_abort
 .text.z_arm_pendsv
                0x08000ddc       0x60 zephyr/arch/arch/arm/core/cortex_m/libarch__arm__core__cortex_m.a(swap_helper.S.obj)
                0x08000ddc                z_arm_pendsv
 .text.z_arm_interrupt_init
                0x08000e3c       0x18 zephyr/arch/arch/arm/core/cortex_m/libarch__arm__core__cortex_m.a(irq_init.c.obj)
                0x08000e3c                z_arm_interrupt_init
 .text._isr_wrapper
                0x08000e54       0x24 zephyr/arch/arch/arm/core/cortex_m/libarch__arm__core__cortex_m.a(isr_wrapper.c.obj)
                0x08000e54                _isr_wrapper
 .text.__aeabi_read_tp
                0x08000e78        0xc zephyr/arch/arch/arm/core/cortex_m/libarch__arm__core__cortex_m.a(__aeabi_read_tp.S.obj)
                0x08000e78                __aeabi_read_tp
 .text.z_arm_configure_static_mpu_regions
                0x08000e84       0x18 zephyr/arch/arch/arm/core/mpu/libarch__arm__core__mpu.a(arm_core_mpu.c.obj)
                0x08000e84                z_arm_configure_static_mpu_regions
 .text.z_arm_configure_dynamic_mpu_regions
                0x08000e9c       0x20 zephyr/arch/arch/arm/core/mpu/libarch__arm__core__mpu.a(arm_core_mpu.c.obj)
                0x08000e9c                z_arm_configure_dynamic_mpu_regions
 .text.region_init
                0x08000ebc       0x28 zephyr/arch/arch/arm/core/mpu/libarch__arm__core__mpu.a(arm_mpu.c.obj)
 .text.mpu_configure_regions
                0x08000ee4       0x6c zephyr/arch/arch/arm/core/mpu/libarch__arm__core__mpu.a(arm_mpu.c.obj)
 .text.arm_core_mpu_enable
                0x08000f50       0x18 zephyr/arch/arch/arm/core/mpu/libarch__arm__core__mpu.a(arm_mpu.c.obj)
                0x08000f50                arm_core_mpu_enable
 .text.arm_core_mpu_disable
                0x08000f68       0x14 zephyr/arch/arch/arm/core/mpu/libarch__arm__core__mpu.a(arm_mpu.c.obj)
                0x08000f68                arm_core_mpu_disable
 .text.arm_core_mpu_configure_static_mpu_regions
                0x08000f7c       0x14 zephyr/arch/arch/arm/core/mpu/libarch__arm__core__mpu.a(arm_mpu.c.obj)
                0x08000f7c                arm_core_mpu_configure_static_mpu_regions
 .text.arm_core_mpu_configure_dynamic_mpu_regions
                0x08000f90       0x38 zephyr/arch/arch/arm/core/mpu/libarch__arm__core__mpu.a(arm_mpu.c.obj)
                0x08000f90                arm_core_mpu_configure_dynamic_mpu_regions
 .text.z_arm_mpu_init
                0x08000fc8      0x184 zephyr/arch/arch/arm/core/mpu/libarch__arm__core__mpu.a(arm_mpu.c.obj)
                0x08000fc8                z_arm_mpu_init
 .text.z_impl_zephyr_fputc
                0x0800114c       0x10 zephyr/lib/libc/picolibc/liblib__libc__picolibc.a(stdio.c.obj)
                0x0800114c                z_impl_zephyr_fputc
 .text.__stdout_hook_install
                0x0800115c       0x18 zephyr/lib/libc/picolibc/liblib__libc__picolibc.a(stdio.c.obj)
                0x0800115c                __stdout_hook_install
 .text.malloc_prepare
                0x08001174       0x24 zephyr/lib/libc/common/liblib__libc__common.a(malloc.c.obj)
 .text.stm32_exti_init
                0x08001198       0x2c zephyr/drivers/interrupt_controller/libdrivers__interrupt_controller.a(intc_exti_stm32.c.obj)
 .text.stm32_exti_is_pending
                0x080011c4       0x28 zephyr/drivers/interrupt_controller/libdrivers__interrupt_controller.a(intc_exti_stm32.c.obj)
                0x080011c4                stm32_exti_is_pending
 .text.stm32_exti_clear_pending
                0x080011ec       0x28 zephyr/drivers/interrupt_controller/libdrivers__interrupt_controller.a(intc_exti_stm32.c.obj)
                0x080011ec                stm32_exti_clear_pending
 .text.stm32_fill_irq_table
                0x08001214       0x18 zephyr/drivers/interrupt_controller/libdrivers__interrupt_controller.a(intc_gpio_stm32.c.obj)
 .text.stm32_intc_gpio_isr
                0x0800122c       0x4c zephyr/drivers/interrupt_controller/libdrivers__interrupt_controller.a(intc_gpio_stm32.c.obj)
 .text.stm32_gpio_intc_enable_line
                0x08001278       0x2c zephyr/drivers/interrupt_controller/libdrivers__interrupt_controller.a(intc_gpio_stm32.c.obj)
                0x08001278                stm32_gpio_intc_enable_line
 .text.stm32_gpio_intc_disable_line
                0x080012a4       0x10 zephyr/drivers/interrupt_controller/libdrivers__interrupt_controller.a(intc_gpio_stm32.c.obj)
                0x080012a4                stm32_gpio_intc_disable_line
 .text.stm32_gpio_intc_select_line_trigger
                0x080012b4       0x50 zephyr/drivers/interrupt_controller/libdrivers__interrupt_controller.a(intc_gpio_stm32.c.obj)
                0x080012b4                stm32_gpio_intc_select_line_trigger
 .text.stm32_gpio_intc_set_irq_callback
                0x08001304       0x40 zephyr/drivers/interrupt_controller/libdrivers__interrupt_controller.a(intc_gpio_stm32.c.obj)
                0x08001304                stm32_gpio_intc_set_irq_callback
 .text.stm32_gpio_intc_remove_irq_callback
                0x08001344       0x24 zephyr/drivers/interrupt_controller/libdrivers__interrupt_controller.a(intc_gpio_stm32.c.obj)
                0x08001344                stm32_gpio_intc_remove_irq_callback
 .text.stm32_exti_get_line_src_port
                0x08001368       0x38 zephyr/drivers/interrupt_controller/libdrivers__interrupt_controller.a(intc_gpio_stm32.c.obj)
                0x08001368                stm32_exti_get_line_src_port
 .text.stm32_clock_control_get_subsys_rate
                0x080013a0       0xb0 zephyr/drivers/clock_control/libdrivers__clock_control.a(clock_stm32_ll_common.c.obj)
 .text.stm32_clock_control_init
                0x08001450      0x150 zephyr/drivers/clock_control/libdrivers__clock_control.a(clock_stm32_ll_common.c.obj)
                0x08001450                stm32_clock_control_init
 .text.get_pllsrc_frequency
                0x080015a0        0x8 zephyr/drivers/clock_control/libdrivers__clock_control.a(clock_stm32g4.c.obj)
                0x080015a0                get_pllsrc_frequency
 .text.config_pll_sysclock
                0x080015a8       0x34 zephyr/drivers/clock_control/libdrivers__clock_control.a(clock_stm32g4.c.obj)
                0x080015a8                config_pll_sysclock
 .text.config_enable_default_clocks
                0x080015dc       0x20 zephyr/drivers/clock_control/libdrivers__clock_control.a(clock_stm32g4.c.obj)
                0x080015dc                config_enable_default_clocks
 .text.uart_console_init
                0x080015fc       0x28 zephyr/drivers/console/libdrivers__console.a(uart_console.c.obj)
 .text.console_out
                0x08001624       0x28 zephyr/drivers/console/libdrivers__console.a(uart_console.c.obj)
 .text.gpio_stm32_pin_interrupt_configure
                0x0800164c       0xac zephyr/drivers/gpio/libdrivers__gpio.a(gpio_stm32.c.obj)
 .text.pwm_stm32_set_cycles
                0x080016f8      0x2f4 zephyr/drivers/pwm/libdrivers__pwm.a(pwm_stm32.c.obj)
 .text.pwm_stm32_init
                0x080019ec      0x1c8 zephyr/drivers/pwm/libdrivers__pwm.a(pwm_stm32.c.obj)
 .text.uart_stm32_cfg2ll_stopbits
                0x08001bb4       0x38 zephyr/drivers/serial/libdrivers__serial.a(uart_stm32.c.obj)
 .text.lpuartdiv_calc
                0x08001bec       0x30 zephyr/drivers/serial/libdrivers__serial.a(uart_stm32.c.obj)
                0x08001bec                lpuartdiv_calc
 .text.uart_stm32_set_baudrate.isra.0
                0x08001c1c       0xb8 zephyr/drivers/serial/libdrivers__serial.a(uart_stm32.c.obj)
 .text.uart_stm32_configure
                0x08001cd4      0x10c zephyr/drivers/serial/libdrivers__serial.a(uart_stm32.c.obj)
 .text.uart_stm32_init
                0x08001de0      0x14c zephyr/drivers/serial/libdrivers__serial.a(uart_stm32.c.obj)
 .text.elapsed  0x08001f2c       0x44 zephyr/drivers/timer/libdrivers__timer.a(cortex_m_systick.c.obj)
 .text.sys_clock_driver_init
                0x08001f70       0x34 zephyr/drivers/timer/libdrivers__timer.a(cortex_m_systick.c.obj)
 .text.sys_clock_isr
                0x08001fa4       0x6c zephyr/drivers/timer/libdrivers__timer.a(cortex_m_systick.c.obj)
                0x08001fa4                sys_clock_isr
 .text.sys_clock_set_timeout
                0x08002010       0xf4 zephyr/drivers/timer/libdrivers__timer.a(cortex_m_systick.c.obj)
                0x08002010                sys_clock_set_timeout
 .text.sys_clock_elapsed
                0x08002104       0x3c zephyr/drivers/timer/libdrivers__timer.a(cortex_m_systick.c.obj)
                0x08002104                sys_clock_elapsed
 .text.HAL_RCC_GetSysClockFreq
                0x08002140       0x6c modules/hal_stm32/stm32cube/lib..__modules__hal__stm32__stm32cube.a(stm32g4xx_hal_rcc.c.obj)
                0x08002140                HAL_RCC_GetSysClockFreq
 .text.LL_SetFlashLatency
                0x080021ac       0xd4 modules/hal_stm32/stm32cube/lib..__modules__hal__stm32__stm32cube.a(stm32g4xx_ll_utils.c.obj)
                0x080021ac                LL_SetFlashLatency
 .text.z_fatal_error
                0x08002280       0x30 zephyr/kernel/libkernel.a(fatal.c.obj)
                0x08002280                z_fatal_error
 .text.z_sys_init_run_level
                0x080022b0       0x30 zephyr/kernel/libkernel.a(init.c.obj)
 .text.bg_thread_main
                0x080022e0       0xc0 zephyr/kernel/libkernel.a(init.c.obj)
 .text.z_init_cpu
                0x080023a0       0x70 zephyr/kernel/libkernel.a(init.c.obj)
                0x080023a0                z_init_cpu
 .text.z_cstart
                0x08002410       0xcc zephyr/kernel/libkernel.a(init.c.obj)
                0x08002410                z_cstart
 .text.z_setup_new_thread
                0x080024dc       0x98 zephyr/kernel/libkernel.a(thread.c.obj)
                0x080024dc                z_setup_new_thread
 .text.z_dummy_thread_init
                0x08002574       0x18 zephyr/kernel/libkernel.a(thread.c.obj)
                0x08002574                z_dummy_thread_init
 .text.z_swap_irqlock
                0x0800258c       0x30 zephyr/kernel/libkernel.a(sched.c.obj)
 .text.ready_thread
                0x080025bc       0x80 zephyr/kernel/libkernel.a(sched.c.obj)
 .text.reschedule.isra.0
                0x0800263c       0x28 zephyr/kernel/libkernel.a(sched.c.obj)
 .text.move_current_to_end_of_prio_q
                0x08002664       0x6c zephyr/kernel/libkernel.a(sched.c.obj)
                0x08002664                move_current_to_end_of_prio_q
 .text.k_sched_lock
                0x080026d0       0x28 zephyr/kernel/libkernel.a(sched.c.obj)
                0x080026d0                k_sched_lock
 .text.k_sched_unlock
                0x080026f8       0x54 zephyr/kernel/libkernel.a(sched.c.obj)
                0x080026f8                k_sched_unlock
 .text.z_sched_init
                0x0800274c       0x10 zephyr/kernel/libkernel.a(sched.c.obj)
                0x0800274c                z_sched_init
 .text.z_impl_k_sched_current_thread_query
                0x0800275c        0xc zephyr/kernel/libkernel.a(sched.c.obj)
                0x0800275c                z_impl_k_sched_current_thread_query
 .text.z_thread_abort
                0x08002768      0x13c zephyr/kernel/libkernel.a(sched.c.obj)
                0x08002768                z_thread_abort
 .text.z_time_slice_size
                0x080028a4       0x40 zephyr/kernel/libkernel.a(timeslicing.c.obj)
 .text.slice_timeout
                0x080028e4       0x20 zephyr/kernel/libkernel.a(timeslicing.c.obj)
 .text.z_reset_time_slice
                0x08002904       0x44 zephyr/kernel/libkernel.a(timeslicing.c.obj)
                0x08002904                z_reset_time_slice
 .text.z_time_slice
                0x08002948       0x5c zephyr/kernel/libkernel.a(timeslicing.c.obj)
                0x08002948                z_time_slice
 .text.first    0x080029a4       0x10 zephyr/kernel/libkernel.a(timeout.c.obj)
 .text.elapsed  0x080029b4       0x14 zephyr/kernel/libkernel.a(timeout.c.obj)
 .text.remove_timeout
                0x080029c8       0x38 zephyr/kernel/libkernel.a(timeout.c.obj)
 .text.z_add_timeout
                0x08002a00      0x120 zephyr/kernel/libkernel.a(timeout.c.obj)
                0x08002a00                z_add_timeout
 .text.sys_clock_announce_locked
                0x08002b20       0xb8 zephyr/kernel/libkernel.a(timeout.c.obj)
                0x08002b20                sys_clock_announce_locked
 .text.boot_banner
                0x08002bd8        0xc zephyr/kernel/libkernel.a(banner.c.obj)
                0x08002bd8                boot_banner
 .text.__l_vfprintf
                0x08002be4      0x488 C:/Users/justin/zephyr-sdk-1.0.1/gnu/arm-zephyr-eabi/bin/../lib/gcc/arm-zephyr-eabi/14.3.0/../../../../arm-zephyr-eabi/lib/thumb/v7e-m/nofp/space\libc.a(libc_tinystdio_vflprintf.c.o)
                0x08002be4                __l_vfprintf
 .text._OffsetAbsSyms
                0x0800306c        0x2 zephyr/CMakeFiles/offsets.dir/./arch/arm/core/offsets/offsets.c.obj
                0x0800306c                _OffsetAbsSyms
 .text.chunk_size
                0x0800306e        0xa zephyr/libzephyr.a(heap.c.obj)
 .text.free_list_add
                0x08003078       0x4e zephyr/libzephyr.a(heap.c.obj)
 .text.sys_heap_init
                0x080030c6       0x82 zephyr/libzephyr.a(heap.c.obj)
                0x080030c6                sys_heap_init
 .text.arch_printk_char_out
                0x08003148        0x4 zephyr/libzephyr.a(printk.c.obj)
                0x08003148                arch_printk_char_out
 .text.printk   0x0800314c       0x1a zephyr/libzephyr.a(printk.c.obj)
                0x0800314c                printk
 .text._ConfigAbsSyms
                0x08003166        0x2 zephyr/libzephyr.a(configs.c.obj)
                0x08003166                _ConfigAbsSyms
 .text.stm32_gpioport_configure_pin
                0x08003168      0x10a zephyr/libzephyr.a(gpioport_mgr.c.obj)
                0x08003168                stm32_gpioport_configure_pin
 .text.arch_early_memset
                0x08003272        0x4 zephyr/arch/common/libarch__common.a(init.c.obj)
                0x08003272                arch_early_memset
 .text.arch_early_memcpy
                0x08003276        0x4 zephyr/arch/common/libarch__common.a(init.c.obj)
                0x08003276                arch_early_memcpy
 .text.z_do_kernel_oops
                0x0800327a        0x8 zephyr/arch/arch/arm/core/libarch__arm__core.a(fatal.c.obj)
                0x0800327a                z_do_kernel_oops
 .text.z_arm_nmi
                0x08003282        0xe zephyr/arch/arch/arm/core/libarch__arm__core.a(nmi.c.obj)
                0x08003282                z_arm_nmi
 .text.z_irq_spurious
                0x08003290        0x8 zephyr/arch/arch/arm/core/cortex_m/libarch__arm__core__cortex_m.a(irq_manage.c.obj)
                0x08003290                z_irq_spurious
 .text.arch_coprocessors_disable
                0x08003298        0x6 zephyr/arch/arch/arm/core/cortex_m/libarch__arm__core__cortex_m.a(thread.c.obj)
                0x08003298                arch_coprocessors_disable
 .text.arch_irq_unlock_outlined
                0x0800329e        0xe zephyr/arch/arch/arm/core/cortex_m/libarch__arm__core__cortex_m.a(thread.c.obj)
                0x0800329e                arch_irq_unlock_outlined
 .text.arch_cpu_idle
                0x080032ac       0x1a zephyr/arch/arch/arm/core/cortex_m/libarch__arm__core__cortex_m.a(cpu_idle.c.obj)
                0x080032ac                arch_cpu_idle
 .text.size_to_mpu_rasr_size
                0x080032c6       0x20 zephyr/arch/arch/arm/core/mpu/libarch__arm__core__mpu.a(arm_mpu.c.obj)
 .text.picolibc_put
                0x080032e6        0xa zephyr/lib/libc/picolibc/liblib__libc__picolibc.a(stdio.c.obj)
 .text.stm32_exti_gpio_intc_init
                0x080032f0       0x92 zephyr/drivers/interrupt_controller/libdrivers__interrupt_controller.a(intc_gpio_stm32.c.obj)
 .text.stm32_gpio_intc_get_pin_irq_line
                0x08003382        0xa zephyr/drivers/interrupt_controller/libdrivers__interrupt_controller.a(intc_gpio_stm32.c.obj)
                0x08003382                stm32_gpio_intc_get_pin_irq_line
 .text.stm32_exti_set_line_src_port
                0x0800338c       0x3a zephyr/drivers/interrupt_controller/libdrivers__interrupt_controller.a(intc_gpio_stm32.c.obj)
                0x0800338c                stm32_exti_set_line_src_port
 .text.stm32_clock_control_on
                0x080033c6       0x44 zephyr/drivers/clock_control/libdrivers__clock_control.a(clock_stm32_ll_common.c.obj)
 .text.stm32_clock_control_off
                0x0800340a       0x2c zephyr/drivers/clock_control/libdrivers__clock_control.a(clock_stm32_ll_common.c.obj)
 .text.enabled_clock
                0x08003436       0x1e zephyr/drivers/clock_control/libdrivers__clock_control.a(clock_stm32_ll_common.c.obj)
                0x08003436                enabled_clock
 .text.stm32_clock_control_configure
                0x08003454       0x46 zephyr/drivers/clock_control/libdrivers__clock_control.a(clock_stm32_ll_common.c.obj)
 .text.stm32_clock_control_get_status
                0x0800349a       0x38 zephyr/drivers/clock_control/libdrivers__clock_control.a(clock_stm32_ll_common.c.obj)
 .text.config_regulator_voltage
                0x080034d2        0x2 zephyr/drivers/clock_control/libdrivers__clock_control.a(clock_stm32_ll_common.c.obj)
                0x080034d2                config_regulator_voltage
 .text.gpio_stm32_port_get_raw
                0x080034d4        0xc zephyr/drivers/gpio/libdrivers__gpio.a(gpio_stm32.c.obj)
 .text.gpio_stm32_port_set_masked_raw
                0x080034e0       0x12 zephyr/drivers/gpio/libdrivers__gpio.a(gpio_stm32.c.obj)
 .text.gpio_stm32_port_set_bits_raw
                0x080034f2        0xa zephyr/drivers/gpio/libdrivers__gpio.a(gpio_stm32.c.obj)
 .text.gpio_stm32_port_clear_bits_raw
                0x080034fc        0xa zephyr/drivers/gpio/libdrivers__gpio.a(gpio_stm32.c.obj)
 .text.gpio_stm32_port_toggle_bits
                0x08003506        0xe zephyr/drivers/gpio/libdrivers__gpio.a(gpio_stm32.c.obj)
 .text.gpio_stm32_manage_callback
                0x08003514       0x54 zephyr/drivers/gpio/libdrivers__gpio.a(gpio_stm32.c.obj)
 .text.gpio_stm32_config
                0x08003568       0xd2 zephyr/drivers/gpio/libdrivers__gpio.a(gpio_stm32.c.obj)
 .text.gpio_stm32_isr
                0x0800363a       0x2c zephyr/drivers/gpio/libdrivers__gpio.a(gpio_stm32.c.obj)
 .text.pinctrl_lookup_state
                0x08003666       0x26 zephyr/drivers/pinctrl/libdrivers__pinctrl.a(common.c.obj)
                0x08003666                pinctrl_lookup_state
 .text.pinctrl_configure_pins
                0x0800368c       0x80 zephyr/drivers/pinctrl/libdrivers__pinctrl.a(pinctrl_stm32.c.obj)
                0x0800368c                pinctrl_configure_pins
 .text.LL_TIM_OC_SetCompareCH1
                0x0800370c        0x4 zephyr/drivers/pwm/libdrivers__pwm.a(pwm_stm32.c.obj)
 .text.LL_TIM_OC_SetCompareCH2
                0x08003710        0x4 zephyr/drivers/pwm/libdrivers__pwm.a(pwm_stm32.c.obj)
 .text.LL_TIM_OC_SetCompareCH3
                0x08003714        0x4 zephyr/drivers/pwm/libdrivers__pwm.a(pwm_stm32.c.obj)
 .text.LL_TIM_OC_SetCompareCH4
                0x08003718        0x4 zephyr/drivers/pwm/libdrivers__pwm.a(pwm_stm32.c.obj)
 .text.LL_TIM_OC_SetCompareCH5
                0x0800371c        0x6 zephyr/drivers/pwm/libdrivers__pwm.a(pwm_stm32.c.obj)
 .text.LL_TIM_OC_SetCompareCH6
                0x08003722        0x4 zephyr/drivers/pwm/libdrivers__pwm.a(pwm_stm32.c.obj)
 .text.pwm_stm32_get_cycles_per_sec
                0x08003726       0x16 zephyr/drivers/pwm/libdrivers__pwm.a(pwm_stm32.c.obj)
 .text.reset_stm32_status
                0x0800373c       0x20 zephyr/drivers/reset/libdrivers__reset.a(reset_stm32.c.obj)
 .text.reset_stm32_line_assert
                0x0800375c       0x1c zephyr/drivers/reset/libdrivers__reset.a(reset_stm32.c.obj)
 .text.reset_stm32_line_deassert
                0x08003778       0x1e zephyr/drivers/reset/libdrivers__reset.a(reset_stm32.c.obj)
 .text.reset_stm32_line_toggle
                0x08003796       0x16 zephyr/drivers/reset/libdrivers__reset.a(reset_stm32.c.obj)
 .text.uart_stm32_ll2cfg_databits
                0x080037ac       0x2a zephyr/drivers/serial/libdrivers__serial.a(uart_stm32.c.obj)
 .text.uart_stm32_err_check
                0x080037d6       0x5a zephyr/drivers/serial/libdrivers__serial.a(uart_stm32.c.obj)
 .text.uart_stm32_poll_out
                0x08003830       0x36 zephyr/drivers/serial/libdrivers__serial.a(uart_stm32.c.obj)
 .text.uart_stm32_poll_in
                0x08003866       0x20 zephyr/drivers/serial/libdrivers__serial.a(uart_stm32.c.obj)
 .text.uart_stm32_config_get
                0x08003886       0x92 zephyr/drivers/serial/libdrivers__serial.a(uart_stm32.c.obj)
 .text.uart_stm32_parameters_set
                0x08003918      0x144 zephyr/drivers/serial/libdrivers__serial.a(uart_stm32.c.obj)
 .text.do_device_init
                0x08003a5c       0x30 zephyr/kernel/libkernel.a(device.c.obj)
                0x08003a5c                do_device_init
 .text.z_impl_device_is_ready
                0x08003a8c       0x16 zephyr/kernel/libkernel.a(device.c.obj)
                0x08003a8c                z_impl_device_is_ready
 .text.arch_system_halt
                0x08003aa2       0x10 zephyr/kernel/libkernel.a(fatal.c.obj)
                0x08003aa2                arch_system_halt
 .text.k_sys_fatal_error_handler
                0x08003ab2        0x6 zephyr/kernel/libkernel.a(fatal.c.obj)
                0x08003ab2                k_sys_fatal_error_handler
 .text.idle     0x08003ab8       0x16 zephyr/kernel/libkernel.a(idle.c.obj)
                0x08003ab8                idle
 .text.sys_dlist_remove
                0x08003ace       0x10 zephyr/kernel/libkernel.a(sched.c.obj)
 .text.unpend_thread_no_timeout
                0x08003ade       0x14 zephyr/kernel/libkernel.a(sched.c.obj)
 .text.z_ready_thread
                0x08003af2       0x1e zephyr/kernel/libkernel.a(sched.c.obj)
                0x08003af2                z_ready_thread
 .text.z_sched_wake_thread_locked
                0x08003b10       0x28 zephyr/kernel/libkernel.a(sched.c.obj)
                0x08003b10                z_sched_wake_thread_locked
 .text.z_thread_timeout
                0x08003b38       0x20 zephyr/kernel/libkernel.a(sched.c.obj)
                0x08003b38                z_thread_timeout
 .text.z_impl_k_wakeup
                0x08003b58       0x40 zephyr/kernel/libkernel.a(sched.c.obj)
                0x08003b58                z_impl_k_wakeup
 .text.next_timeout
                0x08003b98       0x2e zephyr/kernel/libkernel.a(timeout.c.obj)
 .text.z_abort_timeout
                0x08003bc6       0x6a zephyr/kernel/libkernel.a(timeout.c.obj)
                0x08003bc6                z_abort_timeout
 .text.memcpy   0x08003c30       0x1c C:/Users/justin/zephyr-sdk-1.0.1/gnu/arm-zephyr-eabi/bin/../lib/gcc/arm-zephyr-eabi/14.3.0/../../../../arm-zephyr-eabi/lib/thumb/v7e-m/nofp/space\libc.a(memcpy.c.o)
                0x08003c30                __aeabi_memcpy
                0x08003c30                __aeabi_memcpy4
                0x08003c30                __aeabi_memcpy8
                0x08003c30                memcpy
 .text.memset   0x08003c4c       0x10 C:/Users/justin/zephyr-sdk-1.0.1/gnu/arm-zephyr-eabi/bin/../lib/gcc/arm-zephyr-eabi/14.3.0/../../../../arm-zephyr-eabi/lib/thumb/v7e-m/nofp/space\libc.a(memset.c.o)
                0x08003c4c                memset
 .text.strnlen  0x08003c5c       0x18 C:/Users/justin/zephyr-sdk-1.0.1/gnu/arm-zephyr-eabi/bin/../lib/gcc/arm-zephyr-eabi/14.3.0/../../../../arm-zephyr-eabi/lib/thumb/v7e-m/nofp/space\libc.a(libc_string_strnlen.c.o)
                0x08003c5c                strnlen
 .text.__ultoa_invert
                0x08003c74       0xae C:/Users/justin/zephyr-sdk-1.0.1/gnu/arm-zephyr-eabi/bin/../lib/gcc/arm-zephyr-eabi/14.3.0/../../../../arm-zephyr-eabi/lib/thumb/v7e-m/nofp/space\libc.a(libc_tinystdio_vflprintf.c.o)
 *(SORT_BY_ALIGNMENT(.gnu.linkonce.t.*))
 *(SORT_BY_ALIGNMENT(.glue_7t))
 .glue_7t       0x08003d22        0x0 linker stubs
 *(SORT_BY_ALIGNMENT(.glue_7))
 .glue_7        0x08003d22        0x0 linker stubs
 *(SORT_BY_ALIGNMENT(.vfp11_veneer))
 .vfp11_veneer  0x08003d22        0x0 linker stubs
 *(SORT_BY_ALIGNMENT(.v4_bx))
 .v4_bx         0x08003d22        0x0 linker stubs
                0x08003d24                        . = ALIGN (0x4)
 *fill*         0x08003d22        0x2 
                0x08003d24                        __text_region_end = .

.ARM.exidx      0x08003d24        0x8
                0x08003d24                        __exidx_start = .
 *(SORT_BY_ALIGNMENT(.ARM.exidx*) SORT_BY_ALIGNMENT(gnu.linkonce.armexidx.*))
 .ARM.exidx     0x08003d24        0x8 C:/Users/justin/zephyr-sdk-1.0.1/gnu/arm-zephyr-eabi/bin/../lib/gcc/arm-zephyr-eabi/14.3.0/thumb/v7e-m/nofp/space\libgcc.a(_udivmoddi4.o)
                0x08003d2c                        __exidx_end = .
                0x08003d2c                        __rodata_region_start = .

initlevel       0x08003d2c       0xa8
                0x08003d2c                        __init_start = .
                0x08003d2c                        __init_EARLY_start = .
 *(SORT_BY_NAME(SORT_BY_ALIGNMENT(.z_init_EARLY_P_?_*)))
 *(SORT_BY_NAME(SORT_BY_ALIGNMENT(.z_init_EARLY_P_??_*)))
 *(SORT_BY_NAME(SORT_BY_ALIGNMENT(.z_init_EARLY_P_???_*)))
                0x08003d2c                        __init_PRE_KERNEL_1_start = .
 *(SORT_BY_NAME(SORT_BY_ALIGNMENT(.z_init_PRE_KERNEL_1_P_?_*)))
 .z_init_PRE_KERNEL_1_P_1_SUB_00009_
                0x08003d2c        0x8 zephyr/drivers/clock_control/libdrivers__clock_control.a(clock_stm32_ll_common.c.obj)
 .z_init_PRE_KERNEL_1_P_1_SUB_0_
                0x08003d34        0x8 zephyr/libzephyr.a(soc_config.c.obj)
 *(SORT_BY_NAME(SORT_BY_ALIGNMENT(.z_init_PRE_KERNEL_1_P_??_*)))
 .z_init_PRE_KERNEL_1_P_35_SUB_00019_
                0x08003d3c        0x8 zephyr/drivers/reset/libdrivers__reset.a(reset_stm32.c.obj)
 .z_init_PRE_KERNEL_1_P_40_SUB_00025_
                0x08003d44        0x8 zephyr/libzephyr.a(gpioport_mgr.c.obj)
 .z_init_PRE_KERNEL_1_P_40_SUB_00062_
                0x08003d4c        0x8 zephyr/libzephyr.a(gpioport_mgr.c.obj)
 .z_init_PRE_KERNEL_1_P_40_SUB_00086_
                0x08003d54        0x8 zephyr/drivers/interrupt_controller/libdrivers__interrupt_controller.a(intc_exti_stm32.c.obj)
 .z_init_PRE_KERNEL_1_P_40_SUB_00117_
                0x08003d5c        0x8 zephyr/libzephyr.a(gpioport_mgr.c.obj)
 .z_init_PRE_KERNEL_1_P_40_SUB_00138_
                0x08003d64        0x8 zephyr/libzephyr.a(gpioport_mgr.c.obj)
 .z_init_PRE_KERNEL_1_P_40_SUB_00139_
                0x08003d6c        0x8 zephyr/libzephyr.a(gpioport_mgr.c.obj)
 .z_init_PRE_KERNEL_1_P_40_SUB_00140_
                0x08003d74        0x8 zephyr/libzephyr.a(gpioport_mgr.c.obj)
 .z_init_PRE_KERNEL_1_P_40_SUB_00141_
                0x08003d7c        0x8 zephyr/libzephyr.a(gpioport_mgr.c.obj)
 .z_init_PRE_KERNEL_1_P_40_SUB_0_
                0x08003d84        0x8 zephyr/drivers/interrupt_controller/libdrivers__interrupt_controller.a(intc_gpio_stm32.c.obj)
 .z_init_PRE_KERNEL_1_P_50_SUB_00103_
                0x08003d8c        0x8 zephyr/drivers/serial/libdrivers__serial.a(uart_stm32.c.obj)
 .z_init_PRE_KERNEL_1_P_50_SUB_00106_
                0x08003d94        0x8 zephyr/drivers/serial/libdrivers__serial.a(uart_stm32.c.obj)
 .z_init_PRE_KERNEL_1_P_60_SUB_0_
                0x08003d9c        0x8 zephyr/drivers/console/libdrivers__console.a(uart_console.c.obj)
 *(SORT_BY_NAME(SORT_BY_ALIGNMENT(.z_init_PRE_KERNEL_1_P_???_*)))
                0x08003da4                        __init_PRE_KERNEL_2_start = .
 *(SORT_BY_NAME(SORT_BY_ALIGNMENT(.z_init_PRE_KERNEL_2_P_?_*)))
 .z_init_PRE_KERNEL_2_P_0_SUB_0_
                0x08003da4        0x8 zephyr/drivers/timer/libdrivers__timer.a(cortex_m_systick.c.obj)
 *(SORT_BY_NAME(SORT_BY_ALIGNMENT(.z_init_PRE_KERNEL_2_P_??_*)))
 *(SORT_BY_NAME(SORT_BY_ALIGNMENT(.z_init_PRE_KERNEL_2_P_???_*)))
                0x08003dac                        __init_POST_KERNEL_start = .
 *(SORT_BY_NAME(SORT_BY_ALIGNMENT(.z_init_POST_KERNEL_P_?_*)))
 *(SORT_BY_NAME(SORT_BY_ALIGNMENT(.z_init_POST_KERNEL_P_??_*)))
 .z_init_POST_KERNEL_P_35_SUB_0_
                0x08003dac        0x8 zephyr/lib/libc/common/liblib__libc__common.a(malloc.c.obj)
 .z_init_POST_KERNEL_P_50_SUB_00022_
                0x08003db4        0x8 zephyr/drivers/pwm/libdrivers__pwm.a(pwm_stm32.c.obj)
 .z_init_POST_KERNEL_P_50_SUB_00029_
                0x08003dbc        0x8 zephyr/drivers/pwm/libdrivers__pwm.a(pwm_stm32.c.obj)
 .z_init_POST_KERNEL_P_50_SUB_00032_
                0x08003dc4        0x8 zephyr/drivers/pwm/libdrivers__pwm.a(pwm_stm32.c.obj)
 .z_init_POST_KERNEL_P_50_SUB_00035_
                0x08003dcc        0x8 zephyr/drivers/pwm/libdrivers__pwm.a(pwm_stm32.c.obj)
 *(SORT_BY_NAME(SORT_BY_ALIGNMENT(.z_init_POST_KERNEL_P_???_*)))
                0x08003dd4                        __init_APPLICATION_start = .
 *(SORT_BY_NAME(SORT_BY_ALIGNMENT(.z_init_APPLICATION_P_?_*)))
 *(SORT_BY_NAME(SORT_BY_ALIGNMENT(.z_init_APPLICATION_P_??_*)))
 *(SORT_BY_NAME(SORT_BY_ALIGNMENT(.z_init_APPLICATION_P_???_*)))
                0x08003dd4                        __init_SMP_start = .
 *(SORT_BY_NAME(SORT_BY_ALIGNMENT(.z_init_SMP_P_?_*)))
 *(SORT_BY_NAME(SORT_BY_ALIGNMENT(.z_init_SMP_P_??_*)))
 *(SORT_BY_NAME(SORT_BY_ALIGNMENT(.z_init_SMP_P_???_*)))
                0x08003dd4                        __init_end = .

device_area     0x08003dd4      0x1c0
                0x08003dd4                        _device_list_start = .
 *(SORT_BY_NAME(SORT_BY_ALIGNMENT(._device.static.*_?_*)))
 ._device.static.1_1_
                0x08003dd4       0x1c zephyr/drivers/clock_control/libdrivers__clock_control.a(clock_stm32_ll_common.c.obj)
                0x08003dd4                __device_dts_ord_9
 *(SORT_BY_NAME(SORT_BY_ALIGNMENT(._device.static.*_??_*)))
 ._device.static.1_35_
                0x08003df0       0x1c zephyr/drivers/reset/libdrivers__reset.a(reset_stm32.c.obj)
                0x08003df0                __device_dts_ord_19
 ._device.static.1_40_
                0x08003e0c       0xc4 zephyr/libzephyr.a(gpioport_mgr.c.obj)
                0x08003e0c                __device_dts_ord_141
                0x08003e28                __device_dts_ord_140
                0x08003e44                __device_dts_ord_139
                0x08003e60                __device_dts_ord_138
                0x08003e7c                __device_dts_ord_25
                0x08003e98                __device_dts_ord_117
                0x08003eb4                __device_dts_ord_62
 ._device.static.1_40_
                0x08003ed0       0x1c zephyr/drivers/interrupt_controller/libdrivers__interrupt_controller.a(intc_exti_stm32.c.obj)
                0x08003ed0                __device_dts_ord_86
 ._device.static.1_50_
                0x08003eec       0x38 zephyr/drivers/serial/libdrivers__serial.a(uart_stm32.c.obj)
                0x08003eec                __device_dts_ord_103
                0x08003f08                __device_dts_ord_106
 ._device.static.3_50_
                0x08003f24       0x70 zephyr/drivers/pwm/libdrivers__pwm.a(pwm_stm32.c.obj)
                0x08003f24                __device_dts_ord_35
                0x08003f40                __device_dts_ord_32
                0x08003f5c                __device_dts_ord_29
                0x08003f78                __device_dts_ord_22
 *(SORT_BY_NAME(SORT_BY_ALIGNMENT(._device.static.*_???_*)))
 *(SORT_BY_NAME(SORT_BY_ALIGNMENT(._device.static.*_????_*)))
 *(SORT_BY_NAME(SORT_BY_ALIGNMENT(._device.static.*_?????_*)))
                0x08003f94                        _device_list_end = .

sw_isr_table    0x08003f94      0x2e0
                0x08003f94                        . = ALIGN (0x4)
 *(SORT_BY_ALIGNMENT(.gnu.linkonce.sw_isr_table*))
 .gnu.linkonce.sw_isr_table
                0x08003f94      0x2e0 zephyr/CMakeFiles/zephyr_final.dir/isr_tables.c.obj
                0x08003f94                _sw_isr_table

initlevel_error
 *(SORT_BY_NAME(SORT_BY_ALIGNMENT(.z_init_*)))
                0x00000001                        ASSERT ((SIZEOF (initlevel_error) == 0x0), Undefined initialization levels used.)

app_shmem_regions
                0x08004274        0x0
                0x08004274                        __app_shmem_regions_start = .
 *(SORT_BY_NAME(SORT_BY_ALIGNMENT(.app_regions.*)))
                0x08004274                        __app_shmem_regions_end = .

k_p4wq_initparam_area
                0x08004274        0x0
                0x08004274                        _k_p4wq_initparam_list_start = .
 *(SORT_BY_NAME(SORT_BY_ALIGNMENT(._k_p4wq_initparam.static.*)))
                0x08004274                        _k_p4wq_initparam_list_end = .

_static_thread_data_area
                0x08004274        0x0
                0x08004274                        __static_thread_data_list_start = .
 *(SORT_BY_NAME(SORT_BY_ALIGNMENT(.__static_thread_data.static.*)))
                0x08004274                        __static_thread_data_list_end = .

device_deps     0x08004274        0x0
                0x08004274                        __device_deps_start = .
 *(SORT_BY_NAME(SORT_BY_ALIGNMENT(.__device_deps_pass2*)))
                0x08004274                        __device_deps_end = .

gpio_driver_api_area
                0x08004274       0x24
                0x08004274                        _gpio_driver_api_list_start = .
 *(SORT_BY_NAME(SORT_BY_ALIGNMENT(._gpio_driver_api.static.*)))
 ._gpio_driver_api.static.gpio_stm32_driver_
                0x08004274       0x24 zephyr/drivers/gpio/libdrivers__gpio.a(gpio_stm32.c.obj)
                0x08004274                gpio_stm32_driver
                0x08004298                        _gpio_driver_api_list_end = .

pwm_driver_api_area
                0x08004298        0x8
                0x08004298                        _pwm_driver_api_list_start = .
 *(SORT_BY_NAME(SORT_BY_ALIGNMENT(._pwm_driver_api.static.*)))
 ._pwm_driver_api.static.pwm_stm32_driver_api_
                0x08004298        0x8 zephyr/drivers/pwm/libdrivers__pwm.a(pwm_stm32.c.obj)
                0x080042a0                        _pwm_driver_api_list_end = .

reset_driver_api_area
                0x080042a0       0x10
                0x080042a0                        _reset_driver_api_list_start = .
 *(SORT_BY_NAME(SORT_BY_ALIGNMENT(._reset_driver_api.static.*)))
 ._reset_driver_api.static.reset_stm32_driver_api_
                0x080042a0       0x10 zephyr/drivers/reset/libdrivers__reset.a(reset_stm32.c.obj)
                0x080042b0                        _reset_driver_api_list_end = .

shared_irq_driver_api_area
                0x080042b0        0x0
                0x080042b0                        _shared_irq_driver_api_list_start = .
 *(SORT_BY_NAME(SORT_BY_ALIGNMENT(._shared_irq_driver_api.static.*)))
                0x080042b0                        _shared_irq_driver_api_list_end = .

crypto_driver_api_area
                0x080042b0        0x0
                0x080042b0                        _crypto_driver_api_list_start = .
 *(SORT_BY_NAME(SORT_BY_ALIGNMENT(._crypto_driver_api.static.*)))
                0x080042b0                        _crypto_driver_api_list_end = .

adc_driver_api_area
                0x080042b0        0x0
                0x080042b0                        _adc_driver_api_list_start = .
 *(SORT_BY_NAME(SORT_BY_ALIGNMENT(._adc_driver_api.static.*)))
                0x080042b0                        _adc_driver_api_list_end = .

auxdisplay_driver_api_area
                0x080042b0        0x0
                0x080042b0                        _auxdisplay_driver_api_list_start = .
 *(SORT_BY_NAME(SORT_BY_ALIGNMENT(._auxdisplay_driver_api.static.*)))
                0x080042b0                        _auxdisplay_driver_api_list_end = .

bbram_driver_api_area
                0x080042b0        0x0
                0x080042b0                        _bbram_driver_api_list_start = .
 *(SORT_BY_NAME(SORT_BY_ALIGNMENT(._bbram_driver_api.static.*)))
                0x080042b0                        _bbram_driver_api_list_end = .

biometric_driver_api_area
                0x080042b0        0x0
                0x080042b0                        _biometric_driver_api_list_start = .
 *(SORT_BY_NAME(SORT_BY_ALIGNMENT(._biometric_driver_api.static.*)))
                0x080042b0                        _biometric_driver_api_list_end = .

bt_hci_driver_api_area
                0x080042b0        0x0
                0x080042b0                        _bt_hci_driver_api_list_start = .
 *(SORT_BY_NAME(SORT_BY_ALIGNMENT(._bt_hci_driver_api.static.*)))
                0x080042b0                        _bt_hci_driver_api_list_end = .

can_driver_api_area
                0x080042b0        0x0
                0x080042b0                        _can_driver_api_list_start = .
 *(SORT_BY_NAME(SORT_BY_ALIGNMENT(._can_driver_api.static.*)))
                0x080042b0                        _can_driver_api_list_end = .

cellular_driver_api_area
                0x080042b0        0x0
                0x080042b0                        _cellular_driver_api_list_start = .
 *(SORT_BY_NAME(SORT_BY_ALIGNMENT(._cellular_driver_api.static.*)))
                0x080042b0                        _cellular_driver_api_list_end = .

charger_driver_api_area
                0x080042b0        0x0
                0x080042b0                        _charger_driver_api_list_start = .
 *(SORT_BY_NAME(SORT_BY_ALIGNMENT(._charger_driver_api.static.*)))
                0x080042b0                        _charger_driver_api_list_end = .

clock_control_driver_api_area
                0x080042b0       0x1c
                0x080042b0                        _clock_control_driver_api_list_start = .
 *(SORT_BY_NAME(SORT_BY_ALIGNMENT(._clock_control_driver_api.static.*)))
 ._clock_control_driver_api.static.stm32_clock_control_api_
                0x080042b0       0x1c zephyr/drivers/clock_control/libdrivers__clock_control.a(clock_stm32_ll_common.c.obj)
                0x080042cc                        _clock_control_driver_api_list_end = .

comparator_driver_api_area
                0x080042cc        0x0
                0x080042cc                        _comparator_driver_api_list_start = .
 *(SORT_BY_NAME(SORT_BY_ALIGNMENT(._comparator_driver_api.static.*)))
                0x080042cc                        _comparator_driver_api_list_end = .

coredump_driver_api_area
                0x080042cc        0x0
                0x080042cc                        _coredump_driver_api_list_start = .
 *(SORT_BY_NAME(SORT_BY_ALIGNMENT(._coredump_driver_api.static.*)))
                0x080042cc                        _coredump_driver_api_list_end = .

counter_driver_api_area
                0x080042cc        0x0
                0x080042cc                        _counter_driver_api_list_start = .
 *(SORT_BY_NAME(SORT_BY_ALIGNMENT(._counter_driver_api.static.*)))
                0x080042cc                        _counter_driver_api_list_end = .

crc_driver_api_area
                0x080042cc        0x0
                0x080042cc                        _crc_driver_api_list_start = .
 *(SORT_BY_NAME(SORT_BY_ALIGNMENT(._crc_driver_api.static.*)))
                0x080042cc                        _crc_driver_api_list_end = .

dac_driver_api_area
                0x080042cc        0x0
                0x080042cc                        _dac_driver_api_list_start = .
 *(SORT_BY_NAME(SORT_BY_ALIGNMENT(._dac_driver_api.static.*)))
                0x080042cc                        _dac_driver_api_list_end = .

dai_driver_api_area
                0x080042cc        0x0
                0x080042cc                        _dai_driver_api_list_start = .
 *(SORT_BY_NAME(SORT_BY_ALIGNMENT(._dai_driver_api.static.*)))
                0x080042cc                        _dai_driver_api_list_end = .

display_driver_api_area
                0x080042cc        0x0
                0x080042cc                        _display_driver_api_list_start = .
 *(SORT_BY_NAME(SORT_BY_ALIGNMENT(._display_driver_api.static.*)))
                0x080042cc                        _display_driver_api_list_end = .

dma_driver_api_area
                0x080042cc        0x0
                0x080042cc                        _dma_driver_api_list_start = .
 *(SORT_BY_NAME(SORT_BY_ALIGNMENT(._dma_driver_api.static.*)))
                0x080042cc                        _dma_driver_api_list_end = .

edac_driver_api_area
                0x080042cc        0x0
                0x080042cc                        _edac_driver_api_list_start = .
 *(SORT_BY_NAME(SORT_BY_ALIGNMENT(._edac_driver_api.static.*)))
                0x080042cc                        _edac_driver_api_list_end = .

eeprom_driver_api_area
                0x080042cc        0x0
                0x080042cc                        _eeprom_driver_api_list_start = .
 *(SORT_BY_NAME(SORT_BY_ALIGNMENT(._eeprom_driver_api.static.*)))
                0x080042cc                        _eeprom_driver_api_list_end = .

emul_bbram_driver_api_area
                0x080042cc        0x0
                0x080042cc                        _emul_bbram_driver_api_list_start = .
 *(SORT_BY_NAME(SORT_BY_ALIGNMENT(._emul_bbram_driver_api.static.*)))
                0x080042cc                        _emul_bbram_driver_api_list_end = .

fuel_gauge_emul_driver_api_area
                0x080042cc        0x0
                0x080042cc                        _fuel_gauge_emul_driver_api_list_start = .
 *(SORT_BY_NAME(SORT_BY_ALIGNMENT(._fuel_gauge_emul_driver_api.static.*)))
                0x080042cc                        _fuel_gauge_emul_driver_api_list_end = .

emul_sensor_driver_api_area
                0x080042cc        0x0
                0x080042cc                        _emul_sensor_driver_api_list_start = .
 *(SORT_BY_NAME(SORT_BY_ALIGNMENT(._emul_sensor_driver_api.static.*)))
                0x080042cc                        _emul_sensor_driver_api_list_end = .

entropy_driver_api_area
                0x080042cc        0x0
                0x080042cc                        _entropy_driver_api_list_start = .
 *(SORT_BY_NAME(SORT_BY_ALIGNMENT(._entropy_driver_api.static.*)))
                0x080042cc                        _entropy_driver_api_list_end = .

espi_driver_api_area
                0x080042cc        0x0
                0x080042cc                        _espi_driver_api_list_start = .
 *(SORT_BY_NAME(SORT_BY_ALIGNMENT(._espi_driver_api.static.*)))
                0x080042cc                        _espi_driver_api_list_end = .

espi_saf_driver_api_area
                0x080042cc        0x0
                0x080042cc                        _espi_saf_driver_api_list_start = .
 *(SORT_BY_NAME(SORT_BY_ALIGNMENT(._espi_saf_driver_api.static.*)))
                0x080042cc                        _espi_saf_driver_api_list_end = .

flash_driver_api_area
                0x080042cc        0x0
                0x080042cc                        _flash_driver_api_list_start = .
 *(SORT_BY_NAME(SORT_BY_ALIGNMENT(._flash_driver_api.static.*)))
                0x080042cc                        _flash_driver_api_list_end = .

fpga_driver_api_area
                0x080042cc        0x0
                0x080042cc                        _fpga_driver_api_list_start = .
 *(SORT_BY_NAME(SORT_BY_ALIGNMENT(._fpga_driver_api.static.*)))
                0x080042cc                        _fpga_driver_api_list_end = .

fuel_gauge_driver_api_area
                0x080042cc        0x0
                0x080042cc                        _fuel_gauge_driver_api_list_start = .
 *(SORT_BY_NAME(SORT_BY_ALIGNMENT(._fuel_gauge_driver_api.static.*)))
                0x080042cc                        _fuel_gauge_driver_api_list_end = .

gnss_driver_api_area
                0x080042cc        0x0
                0x080042cc                        _gnss_driver_api_list_start = .
 *(SORT_BY_NAME(SORT_BY_ALIGNMENT(._gnss_driver_api.static.*)))
                0x080042cc                        _gnss_driver_api_list_end = .

haptics_driver_api_area
                0x080042cc        0x0
                0x080042cc                        _haptics_driver_api_list_start = .
 *(SORT_BY_NAME(SORT_BY_ALIGNMENT(._haptics_driver_api.static.*)))
                0x080042cc                        _haptics_driver_api_list_end = .

hwspinlock_driver_api_area
                0x080042cc        0x0
                0x080042cc                        _hwspinlock_driver_api_list_start = .
 *(SORT_BY_NAME(SORT_BY_ALIGNMENT(._hwspinlock_driver_api.static.*)))
                0x080042cc                        _hwspinlock_driver_api_list_end = .

i2c_driver_api_area
                0x080042cc        0x0
                0x080042cc                        _i2c_driver_api_list_start = .
 *(SORT_BY_NAME(SORT_BY_ALIGNMENT(._i2c_driver_api.static.*)))
                0x080042cc                        _i2c_driver_api_list_end = .

i2c_target_driver_api_area
                0x080042cc        0x0
                0x080042cc                        _i2c_target_driver_api_list_start = .
 *(SORT_BY_NAME(SORT_BY_ALIGNMENT(._i2c_target_driver_api.static.*)))
                0x080042cc                        _i2c_target_driver_api_list_end = .

i2s_driver_api_area
                0x080042cc        0x0
                0x080042cc                        _i2s_driver_api_list_start = .
 *(SORT_BY_NAME(SORT_BY_ALIGNMENT(._i2s_driver_api.static.*)))
                0x080042cc                        _i2s_driver_api_list_end = .

i3c_driver_api_area
                0x080042cc        0x0
                0x080042cc                        _i3c_driver_api_list_start = .
 *(SORT_BY_NAME(SORT_BY_ALIGNMENT(._i3c_driver_api.static.*)))
                0x080042cc                        _i3c_driver_api_list_end = .

ipm_driver_api_area
                0x080042cc        0x0
                0x080042cc                        _ipm_driver_api_list_start = .
 *(SORT_BY_NAME(SORT_BY_ALIGNMENT(._ipm_driver_api.static.*)))
                0x080042cc                        _ipm_driver_api_list_end = .

led_driver_api_area
                0x080042cc        0x0
                0x080042cc                        _led_driver_api_list_start = .
 *(SORT_BY_NAME(SORT_BY_ALIGNMENT(._led_driver_api.static.*)))
                0x080042cc                        _led_driver_api_list_end = .

led_strip_driver_api_area
                0x080042cc        0x0
                0x080042cc                        _led_strip_driver_api_list_start = .
 *(SORT_BY_NAME(SORT_BY_ALIGNMENT(._led_strip_driver_api.static.*)))
                0x080042cc                        _led_strip_driver_api_list_end = .

lora_driver_api_area
                0x080042cc        0x0
                0x080042cc                        _lora_driver_api_list_start = .
 *(SORT_BY_NAME(SORT_BY_ALIGNMENT(._lora_driver_api.static.*)))
                0x080042cc                        _lora_driver_api_list_end = .

mbox_driver_api_area
                0x080042cc        0x0
                0x080042cc                        _mbox_driver_api_list_start = .
 *(SORT_BY_NAME(SORT_BY_ALIGNMENT(._mbox_driver_api.static.*)))
                0x080042cc                        _mbox_driver_api_list_end = .

mdio_driver_api_area
                0x080042cc        0x0
                0x080042cc                        _mdio_driver_api_list_start = .
 *(SORT_BY_NAME(SORT_BY_ALIGNMENT(._mdio_driver_api.static.*)))
                0x080042cc                        _mdio_driver_api_list_end = .

mipi_dbi_driver_api_area
                0x080042cc        0x0
                0x080042cc                        _mipi_dbi_driver_api_list_start = .
 *(SORT_BY_NAME(SORT_BY_ALIGNMENT(._mipi_dbi_driver_api.static.*)))
                0x080042cc                        _mipi_dbi_driver_api_list_end = .

mipi_dsi_driver_api_area
                0x080042cc        0x0
                0x080042cc                        _mipi_dsi_driver_api_list_start = .
 *(SORT_BY_NAME(SORT_BY_ALIGNMENT(._mipi_dsi_driver_api.static.*)))
                0x080042cc                        _mipi_dsi_driver_api_list_end = .

mspi_driver_api_area
                0x080042cc        0x0
                0x080042cc                        _mspi_driver_api_list_start = .
 *(SORT_BY_NAME(SORT_BY_ALIGNMENT(._mspi_driver_api.static.*)))
                0x080042cc                        _mspi_driver_api_list_end = .

opamp_driver_api_area
                0x080042cc        0x0
                0x080042cc                        _opamp_driver_api_list_start = .
 *(SORT_BY_NAME(SORT_BY_ALIGNMENT(._opamp_driver_api.static.*)))
                0x080042cc                        _opamp_driver_api_list_end = .

otp_driver_api_area
                0x080042cc        0x0
                0x080042cc                        _otp_driver_api_list_start = .
 *(SORT_BY_NAME(SORT_BY_ALIGNMENT(._otp_driver_api.static.*)))
                0x080042cc                        _otp_driver_api_list_end = .

peci_driver_api_area
                0x080042cc        0x0
                0x080042cc                        _peci_driver_api_list_start = .
 *(SORT_BY_NAME(SORT_BY_ALIGNMENT(._peci_driver_api.static.*)))
                0x080042cc                        _peci_driver_api_list_end = .

ps2_driver_api_area
                0x080042cc        0x0
                0x080042cc                        _ps2_driver_api_list_start = .
 *(SORT_BY_NAME(SORT_BY_ALIGNMENT(._ps2_driver_api.static.*)))
                0x080042cc                        _ps2_driver_api_list_end = .

ptp_clock_driver_api_area
                0x080042cc        0x0
                0x080042cc                        _ptp_clock_driver_api_list_start = .
 *(SORT_BY_NAME(SORT_BY_ALIGNMENT(._ptp_clock_driver_api.static.*)))
                0x080042cc                        _ptp_clock_driver_api_list_end = .

regulator_parent_driver_api_area
                0x080042cc        0x0
                0x080042cc                        _regulator_parent_driver_api_list_start = .
 *(SORT_BY_NAME(SORT_BY_ALIGNMENT(._regulator_parent_driver_api.static.*)))
                0x080042cc                        _regulator_parent_driver_api_list_end = .

regulator_driver_api_area
                0x080042cc        0x0
                0x080042cc                        _regulator_driver_api_list_start = .
 *(SORT_BY_NAME(SORT_BY_ALIGNMENT(._regulator_driver_api.static.*)))
                0x080042cc                        _regulator_driver_api_list_end = .

retained_mem_driver_api_area
                0x080042cc        0x0
                0x080042cc                        _retained_mem_driver_api_list_start = .
 *(SORT_BY_NAME(SORT_BY_ALIGNMENT(._retained_mem_driver_api.static.*)))
                0x080042cc                        _retained_mem_driver_api_list_end = .

rtc_driver_api_area
                0x080042cc        0x0
                0x080042cc                        _rtc_driver_api_list_start = .
 *(SORT_BY_NAME(SORT_BY_ALIGNMENT(._rtc_driver_api.static.*)))
                0x080042cc                        _rtc_driver_api_list_end = .

sdhc_driver_api_area
                0x080042cc        0x0
                0x080042cc                        _sdhc_driver_api_list_start = .
 *(SORT_BY_NAME(SORT_BY_ALIGNMENT(._sdhc_driver_api.static.*)))
                0x080042cc                        _sdhc_driver_api_list_end = .

sensor_driver_api_area
                0x080042cc        0x0
                0x080042cc                        _sensor_driver_api_list_start = .
 *(SORT_BY_NAME(SORT_BY_ALIGNMENT(._sensor_driver_api.static.*)))
                0x080042cc                        _sensor_driver_api_list_end = .

smbus_driver_api_area
                0x080042cc        0x0
                0x080042cc                        _smbus_driver_api_list_start = .
 *(SORT_BY_NAME(SORT_BY_ALIGNMENT(._smbus_driver_api.static.*)))
                0x080042cc                        _smbus_driver_api_list_end = .

spi_driver_api_area
                0x080042cc        0x0
                0x080042cc                        _spi_driver_api_list_start = .
 *(SORT_BY_NAME(SORT_BY_ALIGNMENT(._spi_driver_api.static.*)))
                0x080042cc                        _spi_driver_api_list_end = .

syscon_driver_api_area
                0x080042cc        0x0
                0x080042cc                        _syscon_driver_api_list_start = .
 *(SORT_BY_NAME(SORT_BY_ALIGNMENT(._syscon_driver_api.static.*)))
                0x080042cc                        _syscon_driver_api_list_end = .

tee_driver_api_area
                0x080042cc        0x0
                0x080042cc                        _tee_driver_api_list_start = .
 *(SORT_BY_NAME(SORT_BY_ALIGNMENT(._tee_driver_api.static.*)))
                0x080042cc                        _tee_driver_api_list_end = .

uaol_driver_api_area
                0x080042cc        0x0
                0x080042cc                        _uaol_driver_api_list_start = .
 *(SORT_BY_NAME(SORT_BY_ALIGNMENT(._uaol_driver_api.static.*)))
                0x080042cc                        _uaol_driver_api_list_end = .

video_driver_api_area
                0x080042cc        0x0
                0x080042cc                        _video_driver_api_list_start = .
 *(SORT_BY_NAME(SORT_BY_ALIGNMENT(._video_driver_api.static.*)))
                0x080042cc                        _video_driver_api_list_end = .

virtio_driver_api_area
                0x080042cc        0x0
                0x080042cc                        _virtio_driver_api_list_start = .
 *(SORT_BY_NAME(SORT_BY_ALIGNMENT(._virtio_driver_api.static.*)))
                0x080042cc                        _virtio_driver_api_list_end = .

w1_driver_api_area
                0x080042cc        0x0
                0x080042cc                        _w1_driver_api_list_start = .
 *(SORT_BY_NAME(SORT_BY_ALIGNMENT(._w1_driver_api.static.*)))
                0x080042cc                        _w1_driver_api_list_end = .

wdt_driver_api_area
                0x080042cc        0x0
                0x080042cc                        _wdt_driver_api_list_start = .
 *(SORT_BY_NAME(SORT_BY_ALIGNMENT(._wdt_driver_api.static.*)))
                0x080042cc                        _wdt_driver_api_list_end = .

wuc_driver_api_area
                0x080042cc        0x0
                0x080042cc                        _wuc_driver_api_list_start = .
 *(SORT_BY_NAME(SORT_BY_ALIGNMENT(._wuc_driver_api.static.*)))
                0x080042cc                        _wuc_driver_api_list_end = .

can_transceiver_driver_api_area
                0x080042cc        0x0
                0x080042cc                        _can_transceiver_driver_api_list_start = .
 *(SORT_BY_NAME(SORT_BY_ALIGNMENT(._can_transceiver_driver_api.static.*)))
                0x080042cc                        _can_transceiver_driver_api_list_end = .

nrf_clock_control_driver_api_area
                0x080042cc        0x0
                0x080042cc                        _nrf_clock_control_driver_api_list_start = .
 *(SORT_BY_NAME(SORT_BY_ALIGNMENT(._nrf_clock_control_driver_api.static.*)))
                0x080042cc                        _nrf_clock_control_driver_api_list_end = .

i3c_target_driver_api_area
                0x080042cc        0x0
                0x080042cc                        _i3c_target_driver_api_list_start = .
 *(SORT_BY_NAME(SORT_BY_ALIGNMENT(._i3c_target_driver_api.static.*)))
                0x080042cc                        _i3c_target_driver_api_list_end = .

its_driver_api_area
                0x080042cc        0x0
                0x080042cc                        _its_driver_api_list_start = .
 *(SORT_BY_NAME(SORT_BY_ALIGNMENT(._its_driver_api.static.*)))
                0x080042cc                        _its_driver_api_list_end = .

vtd_driver_api_area
                0x080042cc        0x0
                0x080042cc                        _vtd_driver_api_list_start = .
 *(SORT_BY_NAME(SORT_BY_ALIGNMENT(._vtd_driver_api.static.*)))
                0x080042cc                        _vtd_driver_api_list_end = .

renesas_elc_driver_api_area
                0x080042cc        0x0
                0x080042cc                        _renesas_elc_driver_api_list_start = .
 *(SORT_BY_NAME(SORT_BY_ALIGNMENT(._renesas_elc_driver_api.static.*)))
                0x080042cc                        _renesas_elc_driver_api_list_end = .

tgpio_driver_api_area
                0x080042cc        0x0
                0x080042cc                        _tgpio_driver_api_list_start = .
 *(SORT_BY_NAME(SORT_BY_ALIGNMENT(._tgpio_driver_api.static.*)))
                0x080042cc                        _tgpio_driver_api_list_end = .

pcie_ctrl_driver_api_area
                0x080042cc        0x0
                0x080042cc                        _pcie_ctrl_driver_api_list_start = .
 *(SORT_BY_NAME(SORT_BY_ALIGNMENT(._pcie_ctrl_driver_api.static.*)))
                0x080042cc                        _pcie_ctrl_driver_api_list_end = .

pcie_ep_driver_api_area
                0x080042cc        0x0
                0x080042cc                        _pcie_ep_driver_api_list_start = .
 *(SORT_BY_NAME(SORT_BY_ALIGNMENT(._pcie_ep_driver_api.static.*)))
                0x080042cc                        _pcie_ep_driver_api_list_end = .

psi5_driver_api_area
                0x080042cc        0x0
                0x080042cc                        _psi5_driver_api_list_start = .
 *(SORT_BY_NAME(SORT_BY_ALIGNMENT(._psi5_driver_api.static.*)))
                0x080042cc                        _psi5_driver_api_list_end = .

sent_driver_api_area
                0x080042cc        0x0
                0x080042cc                        _sent_driver_api_list_start = .
 *(SORT_BY_NAME(SORT_BY_ALIGNMENT(._sent_driver_api.static.*)))
                0x080042cc                        _sent_driver_api_list_end = .

svc_driver_api_area
                0x080042cc        0x0
                0x080042cc                        _svc_driver_api_list_start = .
 *(SORT_BY_NAME(SORT_BY_ALIGNMENT(._svc_driver_api.static.*)))
                0x080042cc                        _svc_driver_api_list_end = .

stepper_driver_api_area
                0x080042cc        0x0
                0x080042cc                        _stepper_driver_api_list_start = .
 *(SORT_BY_NAME(SORT_BY_ALIGNMENT(._stepper_driver_api.static.*)))
                0x080042cc                        _stepper_driver_api_list_end = .

stepper_ctrl_driver_api_area
                0x080042cc        0x0
                0x080042cc                        _stepper_ctrl_driver_api_list_start = .
 *(SORT_BY_NAME(SORT_BY_ALIGNMENT(._stepper_ctrl_driver_api.static.*)))
                0x080042cc                        _stepper_ctrl_driver_api_list_end = .

uart_driver_api_area
                0x080042cc       0x14
                0x080042cc                        _uart_driver_api_list_start = .
 *(SORT_BY_NAME(SORT_BY_ALIGNMENT(._uart_driver_api.static.*)))
 ._uart_driver_api.static.uart_stm32_driver_api_
                0x080042cc       0x14 zephyr/drivers/serial/libdrivers__serial.a(uart_stm32.c.obj)
                0x080042e0                        _uart_driver_api_list_end = .

bc12_emul_driver_api_area
                0x080042e0        0x0
                0x080042e0                        _bc12_emul_driver_api_list_start = .
 *(SORT_BY_NAME(SORT_BY_ALIGNMENT(._bc12_emul_driver_api.static.*)))
                0x080042e0                        _bc12_emul_driver_api_list_end = .

bc12_driver_api_area
                0x080042e0        0x0
                0x080042e0                        _bc12_driver_api_list_start = .
 *(SORT_BY_NAME(SORT_BY_ALIGNMENT(._bc12_driver_api.static.*)))
                0x080042e0                        _bc12_driver_api_list_end = .

usbc_ppc_driver_api_area
                0x080042e0        0x0
                0x080042e0                        _usbc_ppc_driver_api_list_start = .
 *(SORT_BY_NAME(SORT_BY_ALIGNMENT(._usbc_ppc_driver_api.static.*)))
                0x080042e0                        _usbc_ppc_driver_api_list_end = .

tcpc_driver_api_area
                0x080042e0        0x0
                0x080042e0                        _tcpc_driver_api_list_start = .
 *(SORT_BY_NAME(SORT_BY_ALIGNMENT(._tcpc_driver_api.static.*)))
                0x080042e0                        _tcpc_driver_api_list_end = .

usbc_vbus_driver_api_area
                0x080042e0        0x0
                0x080042e0                        _usbc_vbus_driver_api_list_start = .
 *(SORT_BY_NAME(SORT_BY_ALIGNMENT(._usbc_vbus_driver_api.static.*)))
                0x080042e0                        _usbc_vbus_driver_api_list_end = .

ivshmem_driver_api_area
                0x080042e0        0x0
                0x080042e0                        _ivshmem_driver_api_list_start = .
 *(SORT_BY_NAME(SORT_BY_ALIGNMENT(._ivshmem_driver_api.static.*)))
                0x080042e0                        _ivshmem_driver_api_list_end = .

ethphy_driver_api_area
                0x080042e0        0x0
                0x080042e0                        _ethphy_driver_api_list_start = .
 *(SORT_BY_NAME(SORT_BY_ALIGNMENT(._ethphy_driver_api.static.*)))
                0x080042e0                        _ethphy_driver_api_list_end = .

ztest           0x080042e0        0x0
                0x080042e0                        _ztest_expected_result_entry_list_start = .
 *(SORT_BY_NAME(SORT_BY_ALIGNMENT(._ztest_expected_result_entry.static.*)))
                0x080042e0                        _ztest_expected_result_entry_list_end = .
                0x080042e0                        _ztest_suite_node_list_start = .
 *(SORT_BY_NAME(SORT_BY_ALIGNMENT(._ztest_suite_node.static.*)))
                0x080042e0                        _ztest_suite_node_list_end = .
                0x080042e0                        _ztest_unit_test_list_start = .
 *(SORT_BY_NAME(SORT_BY_ALIGNMENT(._ztest_unit_test.static.*)))
                0x080042e0                        _ztest_unit_test_list_end = .
                0x080042e0                        _ztest_test_rule_list_start = .
 *(SORT_BY_NAME(SORT_BY_ALIGNMENT(._ztest_test_rule.static.*)))
                0x080042e0                        _ztest_test_rule_list_end = .

init_array      0x080042e0        0x0
                0x080042e0                        __zephyr_init_array_start = .
 *(SORT_BY_INIT_PRIORITY(.init_array.*) SORT_BY_INIT_PRIORITY(.ctors.*))
 *(SORT_BY_ALIGNMENT(.init_array) SORT_BY_ALIGNMENT(.ctors))
                0x080042e0                        __zephyr_init_array_end = .
                0x00000001                        ASSERT ((__zephyr_init_array_start == __zephyr_init_array_end), GNU-style constructors required but STATIC_INIT_GNU not enabled)

bt_l2cap_fixed_chan_area
                0x080042e0        0x0
                0x080042e0                        _bt_l2cap_fixed_chan_list_start = .
 *(SORT_BY_NAME(SORT_BY_ALIGNMENT(._bt_l2cap_fixed_chan.static.*)))
                0x080042e0                        _bt_l2cap_fixed_chan_list_end = .

bt_gatt_service_static_area
                0x080042e0        0x0
                0x080042e0                        _bt_gatt_service_static_list_start = .
 *(SORT_BY_NAME(SORT_BY_ALIGNMENT(._bt_gatt_service_static.static.*)))
                0x080042e0                        _bt_gatt_service_static_list_end = .

log_strings_area
                0x080042e0        0x0
                0x080042e0                        _log_strings_list_start = .
 *(SORT_BY_NAME(SORT_BY_ALIGNMENT(._log_strings.static.*)))
                0x080042e0                        _log_strings_list_end = .

log_stmesp_ptr_area
                0x080042e0        0x0
                0x080042e0                        _log_stmesp_ptr_list_start = .
 *(SORT_BY_NAME(SORT_BY_ALIGNMENT(._log_stmesp_ptr.static.*)))
                0x080042e0                        _log_stmesp_ptr_list_end = .

log_stmesp_str_area
                0x080042e0        0x0
                0x080042e0                        _log_stmesp_str_list_start = .
 *(SORT_BY_NAME(SORT_BY_ALIGNMENT(._log_stmesp_str.static.*)))
                0x080042e0                        _log_stmesp_str_list_end = .

log_const_area  0x080042e0        0x0
                0x080042e0                        _log_const_list_start = .
 *(SORT_BY_NAME(SORT_BY_ALIGNMENT(._log_const.static.*)))
                0x080042e0                        _log_const_list_end = .

log_backend_area
                0x080042e0        0x0
                0x080042e0                        _log_backend_list_start = .
 *(SORT_BY_NAME(SORT_BY_ALIGNMENT(._log_backend.static.*)))
                0x080042e0                        _log_backend_list_end = .

log_link_area   0x080042e0        0x0
                0x080042e0                        _log_link_list_start = .
 *(SORT_BY_NAME(SORT_BY_ALIGNMENT(._log_link.static.*)))
                0x080042e0                        _log_link_list_end = .

tracing_backend_area
                0x080042e0        0x0
                0x080042e0                        _tracing_backend_list_start = .
 *(SORT_BY_NAME(SORT_BY_ALIGNMENT(._tracing_backend.static.*)))
                0x080042e0                        _tracing_backend_list_end = .

zephyr_dbg_info
 *(SORT_BY_ALIGNMENT(.dbg_thread_info))

intc_table_area
                0x080042e0        0x0
                0x080042e0                        _intc_table_list_start = .
 *(SORT_BY_NAME(SORT_BY_ALIGNMENT(._intc_table.static.*)))
                0x080042e0                        _intc_table_list_end = .

symbol_to_keep  0x080042e0        0x0
                0x080042e0                        __symbol_to_keep_start = .
 *(SORT_BY_NAME(SORT_BY_ALIGNMENT(.symbol_to_keep*)))
                0x080042e0                        __symbol_to_keep_end = .

shell_area      0x080042e0        0x0
                0x080042e0                        _shell_list_start = .
 *(SORT_BY_NAME(SORT_BY_ALIGNMENT(._shell.static.*)))
                0x080042e0                        _shell_list_end = .

shell_root_cmds_area
                0x080042e0        0x0
                0x080042e0                        _shell_root_cmds_list_start = .
 *(SORT_BY_NAME(SORT_BY_ALIGNMENT(._shell_root_cmds.static.*)))
                0x080042e0                        _shell_root_cmds_list_end = .

shell_subcmds_area
                0x080042e0        0x0
                0x080042e0                        _shell_subcmds_list_start = .
 *(SORT_BY_NAME(SORT_BY_ALIGNMENT(._shell_subcmds.static.*)))
                0x080042e0                        _shell_subcmds_list_end = .

shell_dynamic_subcmds_area
                0x080042e0        0x0
                0x080042e0                        _shell_dynamic_subcmds_list_start = .
 *(SORT_BY_NAME(SORT_BY_ALIGNMENT(._shell_dynamic_subcmds.static.*)))
                0x080042e0                        _shell_dynamic_subcmds_list_end = .

cfb_font_area   0x080042e0        0x0
                0x080042e0                        _cfb_font_list_start = .
 *(SORT_BY_NAME(SORT_BY_ALIGNMENT(._cfb_font.static.*)))
                0x080042e0                        _cfb_font_list_end = .

tdata           0x080042e0        0x0
 *(SORT_BY_ALIGNMENT(.tdata) SORT_BY_ALIGNMENT(.tdata.*) SORT_BY_ALIGNMENT(.gnu.linkonce.td.*))

tbss            0x080042e0        0x4
 *(SORT_BY_ALIGNMENT(.tbss) SORT_BY_ALIGNMENT(.tbss.*) SORT_BY_ALIGNMENT(.gnu.linkonce.tb.*) SORT_BY_ALIGNMENT(.tcommon))
 .tbss.z_tls_current
                0x080042e0        0x4 zephyr/libzephyr.a(thread_entry.c.obj)
                0x080042e0                z_tls_current
                0x080042e0                        PROVIDE (__tdata_start = LOADADDR (tdata))
                0x00000001                        PROVIDE (__tdata_align = ALIGNOF (tdata))
                0x00000000                        PROVIDE (__tdata_size = (((SIZEOF (tdata) + __tdata_align) - 0x1) & ~ ((__tdata_align - 0x1))))
                [!provide]                        PROVIDE (__tdata_end = (__tdata_start + __tdata_size))
                0x00000004                        PROVIDE (__tbss_align = ALIGNOF (tbss))
                [!provide]                        PROVIDE (__tbss_start = ADDR (tbss))
                0x00000004                        PROVIDE (__tbss_size = (((SIZEOF (tbss) + __tbss_align) - 0x1) & ~ ((__tbss_align - 0x1))))
                [!provide]                        PROVIDE (__tbss_end = (__tbss_start + __tbss_size))
                [!provide]                        PROVIDE (__tls_start = __tdata_start)
                [!provide]                        PROVIDE (__tls_end = __tbss_end)
                [!provide]                        PROVIDE (__tls_size = (__tbss_end - __tdata_start))

rodata          0x080042e0      0x900
 *(SORT_BY_ALIGNMENT(.rodata))
 .rodata        0x080042e0        0x8 zephyr/drivers/interrupt_controller/libdrivers__interrupt_controller.a(intc_exti_stm32.c.obj)
 *(SORT_BY_ALIGNMENT(.rodata.*))
 .rodata.gpio_stm32_cfg_g
                0x080042e8       0x14 zephyr/libzephyr.a(gpioport_mgr.c.obj)
 .rodata.gpio_stm32_cfg_f
                0x080042fc       0x14 zephyr/libzephyr.a(gpioport_mgr.c.obj)
 .rodata.gpio_stm32_cfg_e
                0x08004310       0x14 zephyr/libzephyr.a(gpioport_mgr.c.obj)
 .rodata.gpio_stm32_cfg_d
                0x08004324       0x14 zephyr/libzephyr.a(gpioport_mgr.c.obj)
 .rodata.gpio_stm32_cfg_c
                0x08004338       0x14 zephyr/libzephyr.a(gpioport_mgr.c.obj)
 .rodata.gpio_stm32_cfg_b
                0x0800434c       0x14 zephyr/libzephyr.a(gpioport_mgr.c.obj)
 .rodata.gpio_stm32_cfg_a
                0x08004360       0x14 zephyr/libzephyr.a(gpioport_mgr.c.obj)
 .rodata.gpio_ports
                0x08004374       0x68 zephyr/libzephyr.a(gpioport_mgr.c.obj)
 .rodata.mem_attr_region
                0x080043dc        0x0 zephyr/libzephyr.a(mem_attr.c.obj)
 .rodata.static_regions
                0x080043dc        0xc zephyr/arch/arch/arm/core/mpu/libarch__arm__core__mpu.a(arm_core_mpu.c.obj)
 .rodata.mpu_config
                0x080043e8        0x8 zephyr/arch/arch/arm/core/mpu/libarch__arm__core__mpu.a(arm_mpu_regions.c.obj)
                0x080043e8                mpu_config
 .rodata.mpu_regions
                0x080043f0       0x18 zephyr/arch/arch/arm/core/mpu/libarch__arm__core__mpu.a(arm_mpu_regions.c.obj)
 .rodata.pwm_stm32_config_3
                0x08004408       0x20 zephyr/drivers/pwm/libdrivers__pwm.a(pwm_stm32.c.obj)
 .rodata.pclken_3
                0x08004428       0x10 zephyr/drivers/pwm/libdrivers__pwm.a(pwm_stm32.c.obj)
 .rodata.__pinctrl_dev_config__device_dts_ord_35
                0x08004438        0x8 zephyr/drivers/pwm/libdrivers__pwm.a(pwm_stm32.c.obj)
 .rodata.__pinctrl_states__device_dts_ord_35
                0x08004440        0x8 zephyr/drivers/pwm/libdrivers__pwm.a(pwm_stm32.c.obj)
 .rodata.__pinctrl_state_pins_0__device_dts_ord_35
                0x08004448        0x8 zephyr/drivers/pwm/libdrivers__pwm.a(pwm_stm32.c.obj)
 .rodata.pwm_stm32_config_2
                0x08004450       0x20 zephyr/drivers/pwm/libdrivers__pwm.a(pwm_stm32.c.obj)
 .rodata.pclken_2
                0x08004470       0x10 zephyr/drivers/pwm/libdrivers__pwm.a(pwm_stm32.c.obj)
 .rodata.__pinctrl_dev_config__device_dts_ord_32
                0x08004480        0x8 zephyr/drivers/pwm/libdrivers__pwm.a(pwm_stm32.c.obj)
 .rodata.__pinctrl_states__device_dts_ord_32
                0x08004488        0x8 zephyr/drivers/pwm/libdrivers__pwm.a(pwm_stm32.c.obj)
 .rodata.__pinctrl_state_pins_0__device_dts_ord_32
                0x08004490        0x8 zephyr/drivers/pwm/libdrivers__pwm.a(pwm_stm32.c.obj)
 .rodata.pwm_stm32_config_1
                0x08004498       0x20 zephyr/drivers/pwm/libdrivers__pwm.a(pwm_stm32.c.obj)
 .rodata.pclken_1
                0x080044b8       0x10 zephyr/drivers/pwm/libdrivers__pwm.a(pwm_stm32.c.obj)
 .rodata.__pinctrl_dev_config__device_dts_ord_29
                0x080044c8        0x8 zephyr/drivers/pwm/libdrivers__pwm.a(pwm_stm32.c.obj)
 .rodata.__pinctrl_states__device_dts_ord_29
                0x080044d0        0x8 zephyr/drivers/pwm/libdrivers__pwm.a(pwm_stm32.c.obj)
 .rodata.__pinctrl_state_pins_0__device_dts_ord_29
                0x080044d8       0x10 zephyr/drivers/pwm/libdrivers__pwm.a(pwm_stm32.c.obj)
 .rodata.pwm_stm32_config_0
                0x080044e8       0x20 zephyr/drivers/pwm/libdrivers__pwm.a(pwm_stm32.c.obj)
 .rodata.pclken_0
                0x08004508       0x10 zephyr/drivers/pwm/libdrivers__pwm.a(pwm_stm32.c.obj)
 .rodata.__pinctrl_dev_config__device_dts_ord_22
                0x08004518        0x8 zephyr/drivers/pwm/libdrivers__pwm.a(pwm_stm32.c.obj)
 .rodata.__pinctrl_states__device_dts_ord_22
                0x08004520        0x8 zephyr/drivers/pwm/libdrivers__pwm.a(pwm_stm32.c.obj)
 .rodata.__pinctrl_state_pins_0__device_dts_ord_22
                0x08004528        0x8 zephyr/drivers/pwm/libdrivers__pwm.a(pwm_stm32.c.obj)
 .rodata.set_timer_compare
                0x08004530       0x18 zephyr/drivers/pwm/libdrivers__pwm.a(pwm_stm32.c.obj)
 .rodata.ch2ll_n
                0x08004548       0x10 zephyr/drivers/pwm/libdrivers__pwm.a(pwm_stm32.c.obj)
 .rodata.ch2ll  0x08004558       0x18 zephyr/drivers/pwm/libdrivers__pwm.a(pwm_stm32.c.obj)
 .rodata.reset_stm32_config
                0x08004570        0x4 zephyr/drivers/reset/libdrivers__reset.a(reset_stm32.c.obj)
 .rodata.uart_stm32_cfg_1
                0x08004574       0x28 zephyr/drivers/serial/libdrivers__serial.a(uart_stm32.c.obj)
 .rodata.pclken_1
                0x0800459c        0x8 zephyr/drivers/serial/libdrivers__serial.a(uart_stm32.c.obj)
 .rodata.__pinctrl_dev_config__device_dts_ord_103
                0x080045a4        0x8 zephyr/drivers/serial/libdrivers__serial.a(uart_stm32.c.obj)
 .rodata.__pinctrl_states__device_dts_ord_103
                0x080045ac        0x8 zephyr/drivers/serial/libdrivers__serial.a(uart_stm32.c.obj)
 .rodata.__pinctrl_state_pins_0__device_dts_ord_103
                0x080045b4       0x10 zephyr/drivers/serial/libdrivers__serial.a(uart_stm32.c.obj)
 .rodata.uart_stm32_cfg_0
                0x080045c4       0x28 zephyr/drivers/serial/libdrivers__serial.a(uart_stm32.c.obj)
 .rodata.pclken_0
                0x080045ec        0x8 zephyr/drivers/serial/libdrivers__serial.a(uart_stm32.c.obj)
 .rodata.__pinctrl_dev_config__device_dts_ord_106
                0x080045f4        0x8 zephyr/drivers/serial/libdrivers__serial.a(uart_stm32.c.obj)
 .rodata.__pinctrl_states__device_dts_ord_106
                0x080045fc        0x8 zephyr/drivers/serial/libdrivers__serial.a(uart_stm32.c.obj)
 .rodata.__pinctrl_state_pins_0__device_dts_ord_106
                0x08004604       0x10 zephyr/drivers/serial/libdrivers__serial.a(uart_stm32.c.obj)
 .rodata.levels.0
                0x08004614       0x18 zephyr/kernel/libkernel.a(init.c.obj)
 .rodata.LPUART_PRESCALER_TAB
                0x0800462c       0x18 zephyr/drivers/serial/libdrivers__serial.a(uart_stm32.c.obj)
 .rodata.main.str1.1
                0x08004644      0x555 app/libapp.a(main.c.obj)
                                 0x29 (size before relaxing)
 .rodata.str1.1
                0x08004b99       0x62 zephyr/libzephyr.a(gpioport_mgr.c.obj)
 .rodata.z_arm_fatal_error.str1.1
                0x08004b99       0xb3 zephyr/arch/arch/arm/core/libarch__arm__core.a(fatal.c.obj)
 .rodata.mem_manage_fault.str1.1
                0x08004b99       0xdf zephyr/arch/arch/arm/core/cortex_m/libarch__arm__core__cortex_m.a(fault.c.obj)
 .rodata.usage_fault.isra.0.str1.1
                0x08004b99       0xd4 zephyr/arch/arch/arm/core/cortex_m/libarch__arm__core__cortex_m.a(fault.c.obj)
 .rodata.bus_fault.isra.0.str1.1
                0x08004b99       0x8e zephyr/arch/arch/arm/core/cortex_m/libarch__arm__core__cortex_m.a(fault.c.obj)
 .rodata.z_arm_fault.str1.1
                0x08004b99      0x119 zephyr/arch/arch/arm/core/cortex_m/libarch__arm__core__cortex_m.a(fault.c.obj)
 .rodata.str1.1
                0x08004b99        0xf zephyr/arch/arch/arm/core/mpu/libarch__arm__core__mpu.a(arm_mpu_regions.c.obj)
 .rodata.str1.1
                0x08004b99       0x1e zephyr/drivers/interrupt_controller/libdrivers__interrupt_controller.a(intc_exti_stm32.c.obj)
 .rodata.line_range_6.0
                0x08004b99        0x2 zephyr/drivers/interrupt_controller/libdrivers__interrupt_controller.a(intc_gpio_stm32.c.obj)
 .rodata.line_range_5.1
                0x08004b9b        0x2 zephyr/drivers/interrupt_controller/libdrivers__interrupt_controller.a(intc_gpio_stm32.c.obj)
 .rodata.line_range_4.2
                0x08004b9d        0x2 zephyr/drivers/interrupt_controller/libdrivers__interrupt_controller.a(intc_gpio_stm32.c.obj)
 .rodata.line_range_3.3
                0x08004b9f        0x2 zephyr/drivers/interrupt_controller/libdrivers__interrupt_controller.a(intc_gpio_stm32.c.obj)
 .rodata.line_range_2.4
                0x08004ba1        0x2 zephyr/drivers/interrupt_controller/libdrivers__interrupt_controller.a(intc_gpio_stm32.c.obj)
 .rodata.line_range_1.5
                0x08004ba3        0x2 zephyr/drivers/interrupt_controller/libdrivers__interrupt_controller.a(intc_gpio_stm32.c.obj)
 .rodata.line_range_0.6
                0x08004ba5        0x2 zephyr/drivers/interrupt_controller/libdrivers__interrupt_controller.a(intc_gpio_stm32.c.obj)
 .rodata.str1.1
                0x08004ba7        0xd zephyr/drivers/clock_control/libdrivers__clock_control.a(clock_stm32_ll_common.c.obj)
 .rodata.str1.1
                0x08004ba7        0x4 zephyr/drivers/pwm/libdrivers__pwm.a(pwm_stm32.c.obj)
 .rodata.SHIFT_TAB_OISx
                0x08004ba7        0xa zephyr/drivers/pwm/libdrivers__pwm.a(pwm_stm32.c.obj)
 .rodata.SHIFT_TAB_CCxP
                0x08004bb1        0xa zephyr/drivers/pwm/libdrivers__pwm.a(pwm_stm32.c.obj)
 .rodata.SHIFT_TAB_OCxx
                0x08004bbb        0xa zephyr/drivers/pwm/libdrivers__pwm.a(pwm_stm32.c.obj)
 .rodata.OFFSET_TAB_CCMRx
                0x08004bc5        0xa zephyr/drivers/pwm/libdrivers__pwm.a(pwm_stm32.c.obj)
 .rodata.str1.1
                0x08004bcf       0x11 zephyr/drivers/reset/libdrivers__reset.a(reset_stm32.c.obj)
 .rodata.str1.1
                0x08004bcf       0x20 zephyr/drivers/serial/libdrivers__serial.a(uart_stm32.c.obj)
 .rodata.AHBPrescTable
                0x08004bcf       0x10 modules/hal_stm32/stm32cube/lib..__modules__hal__stm32__stm32cube.a(system_stm32g4xx.c.obj)
                0x08004bcf                AHBPrescTable
 .rodata.z_cstart.str1.1
                0x08004bdf        0x5 zephyr/kernel/libkernel.a(init.c.obj)
 .rodata.boot_banner.str1.1
                0x08004bdf       0x3a zephyr/kernel/libkernel.a(banner.c.obj)
 .rodata.__l_vfprintf.str1.1
                0x08004bdf        0xf C:/Users/justin/zephyr-sdk-1.0.1/gnu/arm-zephyr-eabi/bin/../lib/gcc/arm-zephyr-eabi/14.3.0/../../../../arm-zephyr-eabi/lib/thumb/v7e-m/nofp/space\libc.a(libc_tinystdio_vflprintf.c.o)
 *(SORT_BY_ALIGNMENT(.gnu.linkonce.r.*))
                0x08004cb4                        . = ALIGN (0x4)
 *fill*         0x08004bdf        0x1 
                [!provide]                        PROVIDE (__eh_frame_start = 0x0)
                [!provide]                        PROVIDE (__eh_frame_end = 0x0)
                [!provide]                        PROVIDE (__eh_frame_hdr_start = 0x0)
                [!provide]                        PROVIDE (__eh_frame_hdr_end = 0x0)

/DISCARD/
 *(SORT_BY_ALIGNMENT(.eh_frame))
                0x08004be0                        __rodata_region_end = .
                0x08004be0                        . = ALIGN (_region_min_align)
                0x08008000                        . = ALIGN ((0x1 << LOG2CEIL ((__rodata_region_end - ADDR (rom_start)))))
                0x08008000                        __rom_region_end = ((__rom_region_start + .) - ADDR (rom_start))
                0x00008000                        __rom_region_size = (__rom_region_end - __rom_region_start)

/DISCARD/
 *(SORT_BY_ALIGNMENT(.got.plt))
 *(SORT_BY_ALIGNMENT(.igot.plt))
 *(SORT_BY_ALIGNMENT(.got))
 *(SORT_BY_ALIGNMENT(.igot))
                0x20000000                        . = 0x20000000
                0x20000000                        . = ALIGN (_region_min_align)
                0x20000000                        _image_ram_start = .

.ramfunc        0x20000000        0x0 load address 0x08004be0
                0x20000000                        __ramfunc_region_start = .
                0x20000000                        . = ALIGN (_region_min_align)
                0x20000000                        . = ALIGN ((0x1 << LOG2CEIL (__ramfunc_size)))
                0x20000000                        __ramfunc_start = .
 *(SORT_BY_ALIGNMENT(.ramfunc))
 *(SORT_BY_ALIGNMENT(.ramfunc.*))
                0x20000000                        . = ALIGN (_region_min_align)
                0x20000000                        . = ALIGN ((0x1 << LOG2CEIL (__ramfunc_size)))
                0x20000000                        __ramfunc_end = .
                0x00000000                        __ramfunc_size = (__ramfunc_end - __ramfunc_start)
                0x08004be0                        __ramfunc_load_start = LOADADDR (.ramfunc)

datas           0x20000000       0x7c load address 0x08004be0
                0x20000000                        __data_region_start = .
                0x20000000                        __data_start = .
 *(SORT_BY_ALIGNMENT(.data))
 *(SORT_BY_ALIGNMENT(.data.*))
 .data._char_out
                0x20000000        0x4 zephyr/libzephyr.a(printk.c.obj)
 .data.__stdout
                0x20000004       0x10 zephyr/lib/libc/picolibc/liblib__libc__picolibc.a(stdio.c.obj)
 .data.pwm_stm32_data_3
                0x20000014        0xc zephyr/drivers/pwm/libdrivers__pwm.a(pwm_stm32.c.obj)
 .data.pwm_stm32_data_2
                0x20000020        0xc zephyr/drivers/pwm/libdrivers__pwm.a(pwm_stm32.c.obj)
 .data.pwm_stm32_data_1
                0x2000002c        0xc zephyr/drivers/pwm/libdrivers__pwm.a(pwm_stm32.c.obj)
 .data.pwm_stm32_data_0
                0x20000038        0xc zephyr/drivers/pwm/libdrivers__pwm.a(pwm_stm32.c.obj)
 .data.uart_stm32_data_1
                0x20000044        0x4 zephyr/drivers/serial/libdrivers__serial.a(uart_stm32.c.obj)
 .data.uart_cfg_1
                0x20000048        0x8 zephyr/drivers/serial/libdrivers__serial.a(uart_stm32.c.obj)
 .data.uart_stm32_data_0
                0x20000050        0x4 zephyr/drivers/serial/libdrivers__serial.a(uart_stm32.c.obj)
 .data.uart_cfg_0
                0x20000054        0x8 zephyr/drivers/serial/libdrivers__serial.a(uart_stm32.c.obj)
 .data.SystemCoreClock
                0x2000005c        0x4 modules/hal_stm32/stm32cube/lib..__modules__hal__stm32__stm32cube.a(system_stm32g4xx.c.obj)
                0x2000005c                SystemCoreClock
 .data.slice_ticks
                0x20000060        0x4 zephyr/kernel/libkernel.a(timeslicing.c.obj)
 .data.timeout_list