Archive member included to satisfy reference by file (symbol)

app/libapp.a(main.c.obj)      (--whole-archive)
app/libapp.a(comms.c.obj)     (--whole-archive)
app/libapp.a(motors.c.obj)    (--whole-archive)
app/libapp.a(gripper.c.obj)   (--whole-archive)
zephyr/libzephyr.a(validate_libc.c.obj)
                              (--whole-archive)
zephyr/libzephyr.a(heap.c.obj)
                              (--whole-archive)
zephyr/libzephyr.a(cbprintf_packaged.c.obj)
                              (--whole-archive)
zephyr/libzephyr.a(clock.c.obj)
                              (--whole-archive)
zephyr/libzephyr.a(printk.c.obj)
                              (--whole-archive)
zephyr/libzephyr.a(cbprintf_complete.c.obj)
                              (--whole-archive)
zephyr/libzephyr.a(assert.c.obj)
                              (--whole-archive)
zephyr/libzephyr.a(dec.c.obj)
                              (--whole-archive)
zephyr/libzephyr.a(hex.c.obj)
                              (--whole-archive)
zephyr/libzephyr.a(rb.c.obj)  (--whole-archive)
zephyr/libzephyr.a(set.c.obj)
                              (--whole-archive)
zephyr/libzephyr.a(timeutil.c.obj)
                              (--whole-archive)
zephyr/libzephyr.a(bitarray.c.obj)
                              (--whole-archive)
zephyr/libzephyr.a(bitmask.c.obj)
                              (--whole-archive)
zephyr/libzephyr.a(getopt.c.obj)
                              (--whole-archive)
zephyr/libzephyr.a(getopt_common.c.obj)
                              (--whole-archive)
zephyr/libzephyr.a(ring_buffer.c.obj)
                              (--whole-archive)
zephyr/libzephyr.a(last_section_id.c.obj)
                              (--whole-archive)
zephyr/libzephyr.a(configs.c.obj)
                              (--whole-archive)
zephyr/libzephyr.a(stm32cube_hal.c.obj)
                              (--whole-archive)
zephyr/libzephyr.a(soc_config.c.obj)
                              (--whole-archive)
zephyr/libzephyr.a(gpioport_mgr.c.obj)
                              (--whole-archive)
zephyr/libzephyr.a(stm32_backup_domain.c.obj)
                              (--whole-archive)
zephyr/libzephyr.a(soc.c.obj)
                              (--whole-archive)
zephyr/libzephyr.a(tracing_none.c.obj)
                              (--whole-archive)
zephyr/libzephyr.a(sem.c.obj)
                              (--whole-archive)
zephyr/libzephyr.a(thread_entry.c.obj)
                              (--whole-archive)
zephyr/arch/common/libarch__common.a(sw_isr_common.c.obj)
                              (--whole-archive)
zephyr/arch/common/libarch__common.a(init.c.obj)
                              (--whole-archive)
zephyr/arch/common/libarch__common.a(xip.c.obj)
                              (--whole-archive)
zephyr/arch/arch/arm/core/libarch__arm__core.a(fatal.c.obj)
                              (--whole-archive)
zephyr/arch/arch/arm/core/libarch__arm__core.a(nmi.c.obj)
                              (--whole-archive)
zephyr/arch/arch/arm/core/libarch__arm__core.a(nmi_on_reset.S.obj)
                              (--whole-archive)
zephyr/arch/arch/arm/core/libarch__arm__core.a(tls.c.obj)
                              (--whole-archive)
zephyr/arch/arch/arm/core/cortex_m/libarch__arm__core__cortex_m.a(fault.c.obj)
                              (--whole-archive)
zephyr/arch/arch/arm/core/cortex_m/libarch__arm__core__cortex_m.a(fault_s.S.obj)
                              (--whole-archive)
zephyr/arch/arch/arm/core/cortex_m/libarch__arm__core__cortex_m.a(fpu.c.obj)
                              (--whole-archive)
zephyr/arch/arch/arm/core/cortex_m/libarch__arm__core__cortex_m.a(reset.S.obj)
                              (--whole-archive)
zephyr/arch/arch/arm/core/cortex_m/libarch__arm__core__cortex_m.a(scb.c.obj)
                              (--whole-archive)
zephyr/arch/arch/arm/core/cortex_m/libarch__arm__core__cortex_m.a(vector_table.S.obj)
                              (--whole-archive)
zephyr/arch/arch/arm/core/cortex_m/libarch__arm__core__cortex_m.a(svc.S.obj)
                              (--whole-archive)
zephyr/arch/arch/arm/core/cortex_m/libarch__arm__core__cortex_m.a(irq_manage.c.obj)
                              (--whole-archive)
zephyr/arch/arch/arm/core/cortex_m/libarch__arm__core__cortex_m.a(prep_c.c.obj)
                              (--whole-archive)
zephyr/arch/arch/arm/core/cortex_m/libarch__arm__core__cortex_m.a(thread.c.obj)
                              (--whole-archive)
zephyr/arch/arch/arm/core/cortex_m/libarch__arm__core__cortex_m.a(cpu_idle.c.obj)
                              (--whole-archive)
zephyr/arch/arch/arm/core/cortex_m/libarch__arm__core__cortex_m.a(exc_exit.c.obj)
                              (--whole-archive)
zephyr/arch/arch/arm/core/cortex_m/libarch__arm__core__cortex_m.a(thread_abort.c.obj)
                              (--whole-archive)
zephyr/arch/arch/arm/core/cortex_m/libarch__arm__core__cortex_m.a(swap_helper.S.obj)
[...]
Memory Configuration

Name             Origin             Length             Attributes
FLASH            0x08000000         0x00020000         xr
RAM              0x20000000         0x00004000         xw
SRAM0            0x20000000         0x00004000         rw
IDT_LIST         0xffff7fff         0x00008000         xw
*default*        0x00000000         0xffffffff

Linker script and memory map

                0x08002668                        vfprintf = __l_vfprintf
                0x00000000                        vfscanf = __l_vfscanf
LOAD zephyr/CMakeFiles/zephyr_pre0.dir/misc/empty_file.c.obj
LOAD zephyr/CMakeFiles/offsets.dir/./arch/arm/core/offsets/offsets.c.obj
LOAD app/libapp.a
LOAD zephyr/libzephyr.a
LOAD zephyr/arch/common/libarch__common.a
LOAD zephyr/arch/arch/arm/core/libarch__arm__core.a
LOAD zephyr/arch/arch/arm/core/cortex_m/libarch__arm__core__cortex_m.a
LOAD zephyr/lib/libc/picolibc/liblib__libc__picolibc.a
LOAD zephyr/lib/libc/common/liblib__libc__common.a
LOAD zephyr/subsys/portability/posix/c_lib_ext/libsubsys__portability__posix__c_lib_ext.a
LOAD zephyr/drivers/interrupt_controller/libdrivers__interrupt_controller.a
LOAD zephyr/drivers/clock_control/libdrivers__clock_control.a
LOAD zephyr/drivers/console/libdrivers__console.a
LOAD zephyr/drivers/gpio/libdrivers__gpio.a
LOAD zephyr/drivers/pinctrl/libdrivers__pinctrl.a
LOAD zephyr/drivers/pwm/libdrivers__pwm.a
LOAD zephyr/drivers/reset/libdrivers__reset.a
LOAD zephyr/drivers/serial/libdrivers__serial.a
LOAD zephyr/drivers/timer/libdrivers__timer.a
LOAD modules/hal_stm32/stm32cube/lib..__modules__hal__stm32__stm32cube.a
LOAD zephyr/kernel/libkernel.a
LOAD zephyr/arch/common/libisr_tables.a
LOAD C:/Users/justin/zephyr-sdk-1.0.1/gnu/arm-zephyr-eabi/bin/../lib/gcc/arm-zephyr-eabi/14.3.0/../../../../arm-zephyr-eabi/lib/thumb/v6-m/nofp/space\libc.a
LOAD C:/Users/justin/zephyr-sdk-1.0.1/gnu/arm-zephyr-eabi/bin/../lib/gcc/arm-zephyr-eabi/14.3.0/thumb/v6-m/nofp/space\libgcc.a
                0x00000004                        _region_min_align = 0x4

.rel.plt        0x08000000        0x0
 *(SORT_BY_ALIGNMENT(.rel.plt))
                [!provide]                        PROVIDE (__rel_iplt_start = .)
 *(SORT_BY_ALIGNMENT(.rel.iplt))
 .rel.iplt      0x08000000        0x0 app/libapp.a(main.c.obj)
                [!provide]                        PROVIDE (__rel_iplt_end = .)

.rela.plt       0x00000000        0x0
 *(SORT_BY_ALIGNMENT(.rela.plt))
                [!provide]                        PROVIDE (__rela_iplt_start = .)
 *(SORT_BY_ALIGNMENT(.rela.iplt))
                [!provide]                        PROVIDE (__rela_iplt_end = .)

.rel.dyn
 *(SORT_BY_ALIGNMENT(.rel.*))

.rela.dyn
 *(SORT_BY_ALIGNMENT(.rela.*))

/DISCARD/
 *(SORT_BY_ALIGNMENT(.plt))

/DISCARD/
 *(SORT_BY_ALIGNMENT(.iplt))
                0x08000000                        __rom_region_start = 0x8000000

rom_start       0x08000000       0xb4
                0x08000000                        __rom_start_address = .
 FILL mask 0x00
                0x08000000                        . = (. + (0x0 - (. - __rom_start_address)))
                0x08000000                        . = ALIGN (0x4)
                0x08000000                        _vector_start = .
 *(SORT_BY_ALIGNMENT(.exc_vector_table))
 *(SORT_BY_ALIGNMENT(.exc_vector_table.*))
 .exc_vector_table._vector_table_section
                0x08000000       0x40 zephyr/arch/arch/arm/core/cortex_m/libarch__arm__core__cortex_m.a(vector_table.S.obj)
                0x08000000                _vector_table
 *(SORT_BY_ALIGNMENT(.vectors))
                0x080000b4                        _vector_end = .
                0x08000040                        . = ALIGN (0x4)
 *(SORT_BY_ALIGNMENT(.gnu.linkonce.irq_vector_table*))
 .gnu.linkonce.irq_vector_table
                0x08000040       0x74 zephyr/arch/common/libisr_tables.a(isr_tables.c.obj)
                0x08000040                _irq_vector_table
                0x080000b4                        _vector_end = .

text            0x080000b4     0x343c
                0x080000b4                        __text_region_start = .
 *(SORT_BY_ALIGNMENT(.text))
 .text          0x080000b4       0x14 C:/Users/justin/zephyr-sdk-1.0.1/gnu/arm-zephyr-eabi/bin/../lib/gcc/arm-zephyr-eabi/14.3.0/thumb/v6-m/nofp/space\libgcc.a(_thumb1_case_uqi.o)
                0x080000b4                __gnu_thumb1_case_uqi
 .text          0x080000c8       0x8c C:/Users/justin/zephyr-sdk-1.0.1/gnu/arm-zephyr-eabi/bin/../lib/gcc/arm-zephyr-eabi/14.3.0/thumb/v6-m/nofp/space\libgcc.a(_udivsi3.o)
                0x080000c8                __aeabi_uidiv
                0x080000c8                __udivsi3
                0x08000140                __aeabi_uidivmod
 .text          0x08000154        0x4 C:/Users/justin/zephyr-sdk-1.0.1/gnu/arm-zephyr-eabi/bin/../lib/gcc/arm-zephyr-eabi/14.3.0/thumb/v6-m/nofp/space\libgcc.a(_dvmd_tls.o)
                0x08000154                __aeabi_idiv0
                0x08000154                __aeabi_ldiv0
 .text          0x08000158       0x3c C:/Users/justin/zephyr-sdk-1.0.1/gnu/arm-zephyr-eabi/bin/../lib/gcc/arm-zephyr-eabi/14.3.0/thumb/v6-m/nofp/space\libgcc.a(_clzsi2.o)
                0x08000158                __clzsi2
 .text          0x08000194       0x40 C:/Users/justin/zephyr-sdk-1.0.1/gnu/arm-zephyr-eabi/bin/../lib/gcc/arm-zephyr-eabi/14.3.0/thumb/v6-m/nofp/space\libgcc.a(_aeabi_uldivmod.o)
                0x08000194                __aeabi_uldivmod
 .text          0x080001d4       0x18 C:/Users/justin/zephyr-sdk-1.0.1/gnu/arm-zephyr-eabi/bin/../lib/gcc/arm-zephyr-eabi/14.3.0/thumb/v6-m/nofp/space\libgcc.a(_lshrdi3.o)
                0x080001d4                __lshrdi3
                0x080001d4                __aeabi_llsr
 .text          0x080001ec       0x18 C:/Users/justin/zephyr-sdk-1.0.1/gnu/arm-zephyr-eabi/bin/../lib/gcc/arm-zephyr-eabi/14.3.0/thumb/v6-m/nofp/space\libgcc.a(_ashldi3.o)
                0x080001ec                __aeabi_llsl
                0x080001ec                __ashldi3
 .text          0x08000204       0x18 C:/Users/justin/zephyr-sdk-1.0.1/gnu/arm-zephyr-eabi/bin/../lib/gcc/arm-zephyr-eabi/14.3.0/thumb/v6-m/nofp/space\libgcc.a(_clzdi2.o)
                0x08000204                __clzdi2
 .text          0x0800021c       0x44 C:/Users/justin/zephyr-sdk-1.0.1/gnu/arm-zephyr-eabi/bin/../lib/gcc/arm-zephyr-eabi/14.3.0/thumb/v6-m/nofp/space\libgcc.a(_muldi3.o)
                0x0800021c                __muldi3
                0x0800021c                __aeabi_lmul
 .text          0x08000260       0xea C:/Users/justin/zephyr-sdk-1.0.1/gnu/arm-zephyr-eabi/bin/../lib/gcc/arm-zephyr-eabi/14.3.0/thumb/v6-m/nofp/space\libgcc.a(_udivmoddi4.o)
                0x08000260                __udivmoddi4
 *(SORT_BY_ALIGNMENT(.text.*))
 *fill*         0x0800034a        0x2 
 .text.main     0x0800034c       0x2c app/libapp.a(main.c.obj)
                0x0800034c                main
 .text.gripper_init
                0x08000378       0x1c app/libapp.a(gripper.c.obj)
                0x08000378                gripper_init
 .text.gripper_set
                0x08000394       0xa0 app/libapp.a(gripper.c.obj)
                0x08000394                gripper_set
 .text.char_out
                0x08000434       0x10 zephyr/libzephyr.a(printk.c.obj)
 .text.__printk_hook_install
                0x08000444        0xc zephyr/libzephyr.a(printk.c.obj)
                0x08000444                __printk_hook_install
 .text.vprintk  0x08000450       0x2c zephyr/libzephyr.a(printk.c.obj)
                0x08000450                vprintk
 .text.st_stm32_common_config
                0x0800047c       0x3c zephyr/libzephyr.a(soc_config.c.obj)
 .text.stm32_gpioport_init
                0x080004b8       0x28 zephyr/libzephyr.a(gpioport_mgr.c.obj)
 .text.stm32_gpioport_get
                0x080004e0       0x24 zephyr/libzephyr.a(gpioport_mgr.c.obj)
                0x080004e0                stm32_gpioport_get
 .text.stm32_backup_domain_enable_access
                0x08000504       0x3c zephyr/libzephyr.a(stm32_backup_domain.c.obj)
                0x08000504                stm32_backup_domain_enable_access
 .text.stm32_backup_domain_disable_access
                0x08000540       0x4c zephyr/libzephyr.a(stm32_backup_domain.c.obj)
                0x08000540                stm32_backup_domain_disable_access
 .text.relocate_vector_table
                0x0800058c       0x2c zephyr/libzephyr.a(soc.c.obj)
                0x0800058c                relocate_vector_table
 .text.soc_early_init_hook
                0x080005b8       0x20 zephyr/libzephyr.a(soc.c.obj)
                0x080005b8                soc_early_init_hook
 .text.z_thread_entry
                0x080005d8       0x30 zephyr/libzephyr.a(thread_entry.c.obj)
                0x080005d8                z_thread_entry
 .text.arch_bss_zero
                0x08000608       0x18 zephyr/arch/common/libarch__common.a(init.c.obj)
                0x08000608                arch_bss_zero
 .text.arch_data_copy
                0x08000620       0x34 zephyr/arch/common/libarch__common.a(xip.c.obj)
                0x08000620                arch_data_copy
 .text.z_arm_fatal_error
                0x08000654       0x60 zephyr/arch/arch/arm/core/libarch__arm__core.a(fatal.c.obj)
                0x08000654                z_arm_fatal_error
 .text.z_SysNmiOnReset
                0x080006b4        0x4 zephyr/arch/arch/arm/core/libarch__arm__core.a(nmi_on_reset.S.obj)
                0x080006b4                z_SysNmiOnReset
 .text.arch_tls_stack_setup
                0x080006b8       0x38 zephyr/arch/arch/arm/core/libarch__arm__core.a(tls.c.obj)
                0x080006b8                arch_tls_stack_setup
 .text.z_arm_fault
                0x080006f0       0xf8 zephyr/arch/arch/arm/core/cortex_m/libarch__arm__core__cortex_m.a(fault.c.obj)
                0x080006f0                z_arm_fault
 .text.z_arm_fault_init
                0x080007e8       0x10 zephyr/arch/arch/arm/core/cortex_m/libarch__arm__core__cortex_m.a(fault.c.obj)
                0x080007e8                z_arm_fault_init
 .text.__fault  0x080007f8       0x14 zephyr/arch/arch/arm/core/cortex_m/libarch__arm__core__cortex_m.a(fault_s.S.obj)
                0x080007f8                z_arm_hard_fault
                0x080007f8                z_arm_exc_spurious
 .text._reset_section
                0x0800080c       0x34 zephyr/arch/arch/arm/core/cortex_m/libarch__arm__core__cortex_m.a(reset.S.obj)
                0x0800080c                __start
                0x0800080c                z_arm_reset
 .text.z_arm_svc
                0x08000840       0x28 zephyr/arch/arch/arm/core/cortex_m/libarch__arm__core__cortex_m.a(svc.S.obj)
                0x08000840                z_arm_svc
 .text.arm_irq_enable
                0x08000868       0x18 zephyr/arch/arch/arm/core/cortex_m/libarch__arm__core__cortex_m.a(irq_manage.c.obj)
                0x08000868                arm_irq_enable
 .text.arm_irq_priority_set
                0x08000880       0x54 zephyr/arch/arch/arm/core/cortex_m/libarch__arm__core__cortex_m.a(irq_manage.c.obj)
                0x08000880                arm_irq_priority_set
 .text.arch_new_thread
                0x080008d4       0x2c zephyr/arch/arch/arm/core/cortex_m/libarch__arm__core__cortex_m.a(thread.c.obj)
                0x080008d4                arch_new_thread
 .text.arch_switch_to_main_thread
                0x08000900       0x38 zephyr/arch/arch/arm/core/cortex_m/libarch__arm__core__cortex_m.a(thread.c.obj)
                0x08000900                arch_switch_to_main_thread
 .text.z_arm_cpu_idle_init
                0x08000938        0xc zephyr/arch/arch/arm/core/cortex_m/libarch__arm__core__cortex_m.a(cpu_idle.c.obj)
                0x08000938                z_arm_cpu_idle_init
 .text._HandlerModeExit
                0x08000944       0x20 zephyr/arch/arch/arm/core/cortex_m/libarch__arm__core__cortex_m.a(exc_exit.c.obj)
                0x08000944                z_arm_int_exit
                0x08000944                z_arm_exc_exit
 .text.z_impl_k_thread_abort
                0x08000964       0x38 zephyr/arch/arch/arm/core/cortex_m/libarch__arm__core__cortex_m.a(thread_abort.c.obj)
                0x08000964                z_impl_k_thread_abort
 .text.z_arm_pendsv
                0x0800099c       0x70 zephyr/arch/arch/arm/core/cortex_m/libarch__arm__core__cortex_m.a(swap_helper.S.obj)
                0x0800099c                z_arm_pendsv
 .text.z_arm_interrupt_init
                0x08000a0c       0x30 zephyr/arch/arch/arm/core/cortex_m/libarch__arm__core__cortex_m.a(irq_init.c.obj)
                0x08000a0c                z_arm_interrupt_init
 .text._isr_wrapper
                0x08000a3c       0x20 zephyr/arch/arch/arm/core/cortex_m/libarch__arm__core__cortex_m.a(isr_wrapper.c.obj)
                0x08000a3c                _isr_wrapper
 .text.__aeabi_read_tp
                0x08000a5c        0xc zephyr/arch/arch/arm/core/cortex_m/libarch__arm__core__cortex_m.a(__aeabi_read_tp.S.obj)
                0x08000a5c                __aeabi_read_tp
 .text.z_impl_zephyr_fputc
                0x08000a68       0x10 zephyr/lib/libc/picolibc/liblib__libc__picolibc.a(stdio.c.obj)
                0x08000a68                z_impl_zephyr_fputc
 .text.__stdout_hook_install
                0x08000a78       0x18 zephyr/lib/libc/picolibc/liblib__libc__picolibc.a(stdio.c.obj)
                0x08000a78                __stdout_hook_install
 .text.malloc_prepare
                0x08000a90       0x24 zephyr/lib/libc/common/liblib__libc__common.a(malloc.c.obj)
 .text.stm32_exti_init
                0x08000ab4       0x28 zephyr/drivers/interrupt_controller/libdrivers__interrupt_controller.a(intc_exti_stm32.c.obj)
 .text.stm32_exti_is_pending
                0x08000adc       0x20 zephyr/drivers/interrupt_controller/libdrivers__interrupt_controller.a(intc_exti_stm32.c.obj)
                0x08000adc                stm32_exti_is_pending
 .text.stm32_exti_clear_pending
                0x08000afc       0x20 zephyr/drivers/interrupt_controller/libdrivers__interrupt_controller.a(intc_exti_stm32.c.obj)
                0x08000afc                stm32_exti_clear_pending
 .text.stm32_intc_gpio_isr
                0x08000b1c       0x48 zephyr/drivers/interrupt_controller/libdrivers__interrupt_controller.a(intc_gpio_stm32.c.obj)
 .text.stm32_exti_gpio_intc_init
                0x08000b64       0x40 zephyr/drivers/interrupt_controller/libdrivers__interrupt_controller.a(intc_gpio_stm32.c.obj)
 .text.stm32_gpio_intc_enable_line
                0x08000ba4       0x30 zephyr/drivers/interrupt_controller/libdrivers__interrupt_controller.a(intc_gpio_stm32.c.obj)
                0x08000ba4                stm32_gpio_intc_enable_line
 .text.stm32_gpio_intc_disable_line
                0x08000bd4       0x10 zephyr/drivers/interrupt_controller/libdrivers__interrupt_controller.a(intc_gpio_stm32.c.obj)
                0x08000bd4                stm32_gpio_intc_disable_line
 .text.stm32_gpio_intc_select_line_trigger
                0x08000be4       0x48 zephyr/drivers/interrupt_controller/libdrivers__interrupt_controller.a(intc_gpio_stm32.c.obj)
                0x08000be4                stm32_gpio_intc_select_line_trigger
 .text.stm32_gpio_intc_set_irq_callback
                0x08000c2c       0x40 zephyr/drivers/interrupt_controller/libdrivers__interrupt_controller.a(intc_gpio_stm32.c.obj)
                0x08000c2c                stm32_gpio_intc_set_irq_callback
 .text.stm32_gpio_intc_remove_irq_callback
                0x08000c6c       0x24 zephyr/drivers/interrupt_controller/libdrivers__interrupt_controller.a(intc_gpio_stm32.c.obj)
                0x08000c6c                stm32_gpio_intc_remove_irq_callback
 .text.stm32_exti_set_line_src_port
                0x08000c90       0x24 zephyr/drivers/interrupt_controller/libdrivers__interrupt_controller.a(intc_gpio_stm32.c.obj)
                0x08000c90                stm32_exti_set_line_src_port
 .text.stm32_exti_get_line_src_port
                0x08000cb4       0x20 zephyr/drivers/interrupt_controller/libdrivers__interrupt_controller.a(intc_gpio_stm32.c.obj)
                0x08000cb4                stm32_exti_get_line_src_port
 .text.stm32_clock_control_on
                0x08000cd4       0x40 zephyr/drivers/clock_control/libdrivers__clock_control.a(clock_stm32_ll_common.c.obj)
 .text.stm32_clock_control_off
                0x08000d14       0x30 zephyr/drivers/clock_control/libdrivers__clock_control.a(clock_stm32_ll_common.c.obj)
 .text.stm32_clock_control_get_subsys_rate
                0x08000d44       0x88 zephyr/drivers/clock_control/libdrivers__clock_control.a(clock_stm32_ll_common.c.obj)
 .text.stm32_clock_control_configure
                0x08000dcc       0x48 zephyr/drivers/clock_control/libdrivers__clock_control.a(clock_stm32_ll_common.c.obj)
 .text.stm32_clock_control_get_status
                0x08000e14       0x34 zephyr/drivers/clock_control/libdrivers__clock_control.a(clock_stm32_ll_common.c.obj)
 .text.stm32_clock_control_init
                0x08000e48      0x120 zephyr/drivers/clock_control/libdrivers__clock_control.a(clock_stm32_ll_common.c.obj)
                0x08000e48                stm32_clock_control_init
 .text.config_pll_sysclock
                0x08000f68       0x24 zephyr/drivers/clock_control/libdrivers__clock_control.a(clock_stm32f0_f3.c.obj)
                0x08000f68                config_pll_sysclock
 .text.get_pllout_frequency
                0x08000f8c        0x8 zephyr/drivers/clock_control/libdrivers__clock_control.a(clock_stm32f0_f3.c.obj)
                0x08000f8c                get_pllout_frequency
 .text.config_enable_default_clocks
                0x08000f94       0x30 zephyr/drivers/clock_control/libdrivers__clock_control.a(clock_stm32f0_f3.c.obj)
                0x08000f94                config_enable_default_clocks
 .text.uart_console_init
                0x08000fc4       0x2c zephyr/drivers/console/libdrivers__console.a(uart_console.c.obj)
 .text.console_out
                0x08000ff0       0x28 zephyr/drivers/console/libdrivers__console.a(uart_console.c.obj)
 .text.gpio_stm32_pin_interrupt_configure
                0x08001018       0xb0 zephyr/drivers/gpio/libdrivers__gpio.a(gpio_stm32.c.obj)
 .text.pwm_stm32_set_cycles
                0x080010c8      0x210 zephyr/drivers/pwm/libdrivers__pwm.a(pwm_stm32.c.obj)
 .text.pwm_stm32_init
                0x080012d8      0x19c zephyr/drivers/pwm/libdrivers__pwm.a(pwm_stm32.c.obj)
 .text.uart_stm32_irq_err_enable
                0x08001474       0x4c zephyr/drivers/serial/libdrivers__serial.a(uart_stm32.c.obj)
 .text.uart_stm32_irq_err_disable
                0x080014c0       0x50 zephyr/drivers/serial/libdrivers__serial.a(uart_stm32.c.obj)
 .text.uart_stm32_set_baudrate.isra.0
                0x08001510       0x4c zephyr/drivers/serial/libdrivers__serial.a(uart_stm32.c.obj)
 .text.uart_stm32_parameters_set
                0x0800155c      0x16c zephyr/drivers/serial/libdrivers__serial.a(uart_stm32.c.obj)
 .text.uart_stm32_init
                0x080016c8      0x178 zephyr/drivers/serial/libdrivers__serial.a(uart_stm32.c.obj)
 .text.uart_stm32_configure
                0x08001840      0x104 zephyr/drivers/serial/libdrivers__serial.a(uart_stm32.c.obj)
 .text.uart_stm32_config_get
                0x08001944       0xa4 zephyr/drivers/serial/libdrivers__serial.a(uart_stm32.c.obj)
 .text.uart_stm32_fifo_fill
                0x080019e8       0x5c zephyr/drivers/serial/libdrivers__serial.a(uart_stm32.c.obj)
 .text.uart_stm32_fifo_read
                0x08001a44       0x4c zephyr/drivers/serial/libdrivers__serial.a(uart_stm32.c.obj)
 .text.elapsed  0x08001a90       0x40 zephyr/drivers/timer/libdrivers__timer.a(cortex_m_systick.c.obj)
 .text.sys_clock_driver_init
                0x08001ad0       0x3c zephyr/drivers/timer/libdrivers__timer.a(cortex_m_systick.c.obj)
 .text.sys_clock_isr
                0x08001b0c       0x4c zephyr/drivers/timer/libdrivers__timer.a(cortex_m_systick.c.obj)
                0x08001b0c                sys_clock_isr
 .text.sys_clock_set_timeout
                0x08001b58       0xf4 zephyr/drivers/timer/libdrivers__timer.a(cortex_m_systick.c.obj)
                0x08001b58                sys_clock_set_timeout
 .text.sys_clock_elapsed
                0x08001c4c       0x34 zephyr/drivers/timer/libdrivers__timer.a(cortex_m_systick.c.obj)
                0x08001c4c                sys_clock_elapsed
 .text.HAL_RCC_GetSysClockFreq
                0x08001c80       0x6c modules/hal_stm32/stm32cube/lib..__modules__hal__stm32__stm32cube.a(stm32f0xx_hal_rcc.c.obj)
                0x08001c80                HAL_RCC_GetSysClockFreq
 .text.LL_SetFlashLatency
                0x08001cec       0x38 modules/hal_stm32/stm32cube/lib..__modules__hal__stm32__stm32cube.a(stm32f0xx_ll_utils.c.obj)
                0x08001cec                LL_SetFlashLatency
 .text.z_fatal_error
                0x08001d24       0x28 zephyr/kernel/libkernel.a(fatal.c.obj)
                0x08001d24                z_fatal_error
 .text.z_sys_init_run_level
                0x08001d4c       0x34 zephyr/kernel/libkernel.a(init.c.obj)
 .text.bg_thread_main
                0x08001d80       0xa8 zephyr/kernel/libkernel.a(init.c.obj)
 .text.z_init_cpu
                0x08001e28       0x68 zephyr/kernel/libkernel.a(init.c.obj)
                0x08001e28                z_init_cpu
 .text.z_cstart
                0x08001e90       0xb0 zephyr/kernel/libkernel.a(init.c.obj)
                0x08001e90                z_cstart
 .text.z_setup_new_thread
                0x08001f40       0x74 zephyr/kernel/libkernel.a(thread.c.obj)
                0x08001f40                z_setup_new_thread
 .text.z_dummy_thread_init
                0x08001fb4       0x14 zephyr/kernel/libkernel.a(thread.c.obj)
                0x08001fb4                z_dummy_thread_init
 .text.z_swap_irqlock
                0x08001fc8       0x2c zephyr/kernel/libkernel.a(sched.c.obj)
 .text.ready_thread
                0x08001ff4       0x88 zephyr/kernel/libkernel.a(sched.c.obj)
 .text.reschedule.isra.0
                0x0800207c       0x2c zephyr/kernel/libkernel.a(sched.c.obj)
 .text.move_current_to_end_of_prio_q
                0x080020a8       0x74 zephyr/kernel/libkernel.a(sched.c.obj)
                0x080020a8                move_current_to_end_of_prio_q
 .text.k_sched_lock
                0x0800211c       0x20 zephyr/kernel/libkernel.a(sched.c.obj)
                0x0800211c                k_sched_lock
 .text.k_sched_unlock
                0x0800213c       0x50 zephyr/kernel/libkernel.a(sched.c.obj)
                0x0800213c                k_sched_unlock
 .text.z_sched_init
                0x0800218c       0x14 zephyr/kernel/libkernel.a(sched.c.obj)
                0x0800218c                z_sched_init
 .text.z_impl_k_sched_current_thread_query
                0x080021a0        0xc zephyr/kernel/libkernel.a(sched.c.obj)
                0x080021a0                z_impl_k_sched_current_thread_query
 .text.z_thread_abort
                0x080021ac      0x124 zephyr/kernel/libkernel.a(sched.c.obj)
                0x080021ac                z_thread_abort
 .text.z_time_slice_size
                0x080022d0       0x44 zephyr/kernel/libkernel.a(timeslicing.c.obj)
 .text.slice_timeout
                0x08002314       0x20 zephyr/kernel/libkernel.a(timeslicing.c.obj)
 .text.z_reset_time_slice
                0x08002334       0x44 zephyr/kernel/libkernel.a(timeslicing.c.obj)
                0x08002334                z_reset_time_slice
 .text.z_time_slice
                0x08002378       0x58 zephyr/kernel/libkernel.a(timeslicing.c.obj)
                0x08002378                z_time_slice
 .text.first    0x080023d0       0x10 zephyr/kernel/libkernel.a(timeout.c.obj)
 .text.next_timeout
                0x080023e0       0x34 zephyr/kernel/libkernel.a(timeout.c.obj)
 .text.elapsed  0x08002414       0x18 zephyr/kernel/libkernel.a(timeout.c.obj)
 .text.remove_timeout
                0x0800242c       0x38 zephyr/kernel/libkernel.a(timeout.c.obj)
 .text.z_add_timeout
                0x08002464      0x120 zephyr/kernel/libkernel.a(timeout.c.obj)
                0x08002464                z_add_timeout
 .text.sys_clock_announce_locked
                0x08002584       0xd4 zephyr/kernel/libkernel.a(timeout.c.obj)
                0x08002584                sys_clock_announce_locked
 .text.boot_banner
                0x08002658       0x10 zephyr/kernel/libkernel.a(banner.c.obj)
                0x08002658                boot_banner
 .text.__l_vfprintf
                0x08002668      0x484 C:/Users/justin/zephyr-sdk-1.0.1/gnu/arm-zephyr-eabi/bin/../lib/gcc/arm-zephyr-eabi/14.3.0/../../../../arm-zephyr-eabi/lib/thumb/v6-m/nofp/space\libc.a(libc_tinystdio_vflprintf.c.o)
                0x08002668                __l_vfprintf
 .text._OffsetAbsSyms
                0x08002aec        0x2 zephyr/CMakeFiles/offsets.dir/./arch/arm/core/offsets/offsets.c.obj
                0x08002aec                _OffsetAbsSyms
 .text.chunk_size
                0x08002aee        0xa zephyr/libzephyr.a(heap.c.obj)
 .text.free_list_add
                0x08002af8       0x4e zephyr/libzephyr.a(heap.c.obj)
 .text.sys_heap_init
                0x08002b46       0x80 zephyr/libzephyr.a(heap.c.obj)
                0x08002b46                sys_heap_init
 .text.arch_printk_char_out
                0x08002bc6        0x4 zephyr/libzephyr.a(printk.c.obj)
                0x08002bc6                arch_printk_char_out
 .text.printk   0x08002bca       0x16 zephyr/libzephyr.a(printk.c.obj)
                0x08002bca                printk
 .text._ConfigAbsSyms
                0x08002be0        0x2 zephyr/libzephyr.a(configs.c.obj)
                0x08002be0                _ConfigAbsSyms
 .text.stm32_gpioport_configure_pin
                0x08002be2       0xa4 zephyr/libzephyr.a(gpioport_mgr.c.obj)
                0x08002be2                stm32_gpioport_configure_pin
 .text.arch_early_memset
                0x08002c86        0x8 zephyr/arch/common/libarch__common.a(init.c.obj)
                0x08002c86                arch_early_memset
 .text.arch_early_memcpy
                0x08002c8e        0x8 zephyr/arch/common/libarch__common.a(init.c.obj)
                0x08002c8e                arch_early_memcpy
 .text.z_do_kernel_oops
                0x08002c96        0xc zephyr/arch/arch/arm/core/libarch__arm__core.a(fatal.c.obj)
                0x08002c96                z_do_kernel_oops
 .text.z_arm_nmi
                0x08002ca2        0xc zephyr/arch/arch/arm/core/libarch__arm__core.a(nmi.c.obj)
                0x08002ca2                z_arm_nmi
 .text.z_irq_spurious
                0x08002cae        0xc zephyr/arch/arch/arm/core/cortex_m/libarch__arm__core__cortex_m.a(irq_manage.c.obj)
                0x08002cae                z_irq_spurious
 .text.z_prep_c
                0x08002cba       0x16 zephyr/arch/arch/arm/core/cortex_m/libarch__arm__core__cortex_m.a(prep_c.c.obj)
                0x08002cba                z_prep_c
 .text.arch_coprocessors_disable
                0x08002cd0        0x6 zephyr/arch/arch/arm/core/cortex_m/libarch__arm__core__cortex_m.a(thread.c.obj)
                0x08002cd0                arch_coprocessors_disable
 .text.arch_irq_unlock_outlined
                0x08002cd6        0xc zephyr/arch/arch/arm/core/cortex_m/libarch__arm__core__cortex_m.a(thread.c.obj)
                0x08002cd6                arch_irq_unlock_outlined
 .text.arch_cpu_idle
                0x08002ce2        0xe zephyr/arch/arch/arm/core/cortex_m/libarch__arm__core__cortex_m.a(cpu_idle.c.obj)
                0x08002ce2                arch_cpu_idle
 .text.picolibc_put
                0x08002cf0        0xa zephyr/lib/libc/picolibc/liblib__libc__picolibc.a(stdio.c.obj)
 .text.stm32_gpio_intc_get_pin_irq_line
                0x08002cfa        0xa zephyr/drivers/interrupt_controller/libdrivers__interrupt_controller.a(intc_gpio_stm32.c.obj)
                0x08002cfa                stm32_gpio_intc_get_pin_irq_line
 .text.enabled_clock
                0x08002d04       0x1e zephyr/drivers/clock_control/libdrivers__clock_control.a(clock_stm32_ll_common.c.obj)
                0x08002d04                enabled_clock
 .text.config_regulator_voltage
                0x08002d22        0x2 zephyr/drivers/clock_control/libdrivers__clock_control.a(clock_stm32_ll_common.c.obj)
                0x08002d22                config_regulator_voltage
 .text.gpio_stm32_port_get_raw
                0x08002d24        0xc zephyr/drivers/gpio/libdrivers__gpio.a(gpio_stm32.c.obj)
 .text.gpio_stm32_port_set_masked_raw
                0x08002d30       0x12 zephyr/drivers/gpio/libdrivers__gpio.a(gpio_stm32.c.obj)
 .text.gpio_stm32_port_set_bits_raw
                0x08002d42        0xa zephyr/drivers/gpio/libdrivers__gpio.a(gpio_stm32.c.obj)
 .text.gpio_stm32_port_clear_bits_raw
                0x08002d4c        0xa zephyr/drivers/gpio/libdrivers__gpio.a(gpio_stm32.c.obj)
 .text.gpio_stm32_port_toggle_bits
                0x08002d56        0xe zephyr/drivers/gpio/libdrivers__gpio.a(gpio_stm32.c.obj)
 .text.gpio_stm32_manage_callback
                0x08002d64       0x5a zephyr/drivers/gpio/libdrivers__gpio.a(gpio_stm32.c.obj)
 .text.gpio_stm32_config
                0x08002dbe       0xee zephyr/drivers/gpio/libdrivers__gpio.a(gpio_stm32.c.obj)
 .text.gpio_stm32_isr
                0x08002eac       0x32 zephyr/drivers/gpio/libdrivers__gpio.a(gpio_stm32.c.obj)
 .text.pinctrl_lookup_state
                0x08002ede       0x26 zephyr/drivers/pinctrl/libdrivers__pinctrl.a(common.c.obj)
                0x08002ede                pinctrl_lookup_state
 .text.pinctrl_configure_pins
                0x08002f04       0x82 zephyr/drivers/pinctrl/libdrivers__pinctrl.a(pinctrl_stm32.c.obj)
                0x08002f04                pinctrl_configure_pins
 .text.LL_TIM_OC_SetCompareCH1
                0x08002f86        0x4 zephyr/drivers/pwm/libdrivers__pwm.a(pwm_stm32.c.obj)
 .text.LL_TIM_OC_SetCompareCH2
                0x08002f8a        0x4 zephyr/drivers/pwm/libdrivers__pwm.a(pwm_stm32.c.obj)
 .text.LL_TIM_OC_SetCompareCH3
                0x08002f8e        0x4 zephyr/drivers/pwm/libdrivers__pwm.a(pwm_stm32.c.obj)
 .text.LL_TIM_OC_SetCompareCH4
                0x08002f92        0x4 zephyr/drivers/pwm/libdrivers__pwm.a(pwm_stm32.c.obj)
 .text.pwm_stm32_get_cycles_per_sec
                0x08002f96       0x1a zephyr/drivers/pwm/libdrivers__pwm.a(pwm_stm32.c.obj)
 .text.reset_stm32_status
                0x08002fb0       0x20 zephyr/drivers/reset/libdrivers__reset.a(reset_stm32.c.obj)
 .text.reset_stm32_line_assert
                0x08002fd0       0x1c zephyr/drivers/reset/libdrivers__reset.a(reset_stm32.c.obj)
 .text.reset_stm32_line_deassert
                0x08002fec       0x1c zephyr/drivers/reset/libdrivers__reset.a(reset_stm32.c.obj)
 .text.reset_stm32_line_toggle
                0x08003008       0x16 zephyr/drivers/reset/libdrivers__reset.a(reset_stm32.c.obj)
 .text.uart_stm32_ll2cfg_databits
                0x0800301e       0x2c zephyr/drivers/serial/libdrivers__serial.a(uart_stm32.c.obj)
 .text.uart_stm32_err_check
                0x0800304a       0x5a zephyr/drivers/serial/libdrivers__serial.a(uart_stm32.c.obj)
 .text.uart_stm32_irq_tx_enable
                0x080030a4       0x1c zephyr/drivers/serial/libdrivers__serial.a(uart_stm32.c.obj)
 .text.uart_stm32_irq_tx_disable
                0x080030c0       0x1c zephyr/drivers/serial/libdrivers__serial.a(uart_stm32.c.obj)
 .text.uart_stm32_irq_rx_enable
                0x080030dc       0x1c zephyr/drivers/serial/libdrivers__serial.a(uart_stm32.c.obj)
 .text.uart_stm32_irq_rx_disable
                0x080030f8       0x1c zephyr/drivers/serial/libdrivers__serial.a(uart_stm32.c.obj)
 .text.uart_stm32_irq_rx_ready
                0x08003114        0xc zephyr/drivers/serial/libdrivers__serial.a(uart_stm32.c.obj)
 .text.uart_stm32_irq_update
                0x08003120        0x4 zephyr/drivers/serial/libdrivers__serial.a(uart_stm32.c.obj)
 .text.uart_stm32_irq_callback_set
                0x08003124        0x8 zephyr/drivers/serial/libdrivers__serial.a(uart_stm32.c.obj)
 .text.uart_stm32_isr
                0x0800312c       0x10 zephyr/drivers/serial/libdrivers__serial.a(uart_stm32.c.obj)
 .text.uart_stm32_irq_config_func_0
                0x0800313c       0x14 zephyr/drivers/serial/libdrivers__serial.a(uart_stm32.c.obj)
 .text.uart_stm32_irq_config_func_1
                0x08003150       0x14 zephyr/drivers/serial/libdrivers__serial.a(uart_stm32.c.obj)
 .text.uart_stm32_irq_tx_complete
                0x08003164        0xc zephyr/drivers/serial/libdrivers__serial.a(uart_stm32.c.obj)
 .text.uart_stm32_irq_tx_ready
                0x08003170       0x14 zephyr/drivers/serial/libdrivers__serial.a(uart_stm32.c.obj)
 .text.uart_stm32_poll_out
                0x08003184       0x36 zephyr/drivers/serial/libdrivers__serial.a(uart_stm32.c.obj)
 .text.uart_stm32_irq_is_pending
                0x080031ba       0x24 zephyr/drivers/serial/libdrivers__serial.a(uart_stm32.c.obj)
 .text.uart_stm32_poll_in
                0x080031de       0x22 zephyr/drivers/serial/libdrivers__serial.a(uart_stm32.c.obj)
 .text.do_device_init
                0x08003200       0x32 zephyr/kernel/libkernel.a(device.c.obj)
                0x08003200                do_device_init
 .text.z_impl_device_is_ready
                0x08003232       0x18 zephyr/kernel/libkernel.a(device.c.obj)
                0x08003232                z_impl_device_is_ready
 .text.arch_system_halt
                0x0800324a        0x8 zephyr/kernel/libkernel.a(fatal.c.obj)
                0x0800324a                arch_system_halt
 .text.k_sys_fatal_error_handler
                0x08003252        0x6 zephyr/kernel/libkernel.a(fatal.c.obj)
                0x08003252                k_sys_fatal_error_handler
 .text.idle     0x08003258        0xe zephyr/kernel/libkernel.a(idle.c.obj)
                0x08003258                idle
 .text.sys_dlist_remove
                0x08003266       0x10 zephyr/kernel/libkernel.a(sched.c.obj)
 .text.unpend_thread_no_timeout
                0x08003276       0x16 zephyr/kernel/libkernel.a(sched.c.obj)
 .text.z_ready_thread
                0x0800328c       0x18 zephyr/kernel/libkernel.a(sched.c.obj)
                0x0800328c                z_ready_thread
 .text.z_sched_wake_thread_locked
                0x080032a4       0x26 zephyr/kernel/libkernel.a(sched.c.obj)
                0x080032a4                z_sched_wake_thread_locked
 .text.z_thread_timeout
                0x080032ca       0x1a zephyr/kernel/libkernel.a(sched.c.obj)
                0x080032ca                z_thread_timeout
 .text.z_impl_k_wakeup
                0x080032e4       0x38 zephyr/kernel/libkernel.a(sched.c.obj)
                0x080032e4                z_impl_k_wakeup
 .text.z_abort_timeout
                0x0800331c       0x68 zephyr/kernel/libkernel.a(timeout.c.obj)
                0x0800331c                z_abort_timeout
 .text.z_impl_atomic_cas
                0x08003384       0x26 zephyr/kernel/libkernel.a(atomic_c.c.obj)
                0x08003384                z_impl_atomic_cas
 .text.memcpy   0x080033aa       0x12 C:/Users/justin/zephyr-sdk-1.0.1/gnu/arm-zephyr-eabi/bin/../lib/gcc/arm-zephyr-eabi/14.3.0/../../../../arm-zephyr-eabi/lib/thumb/v6-m/nofp/space\libc.a(memcpy.c.o)
                0x080033aa                __aeabi_memcpy
                0x080033aa                __aeabi_memcpy4
                0x080033aa                __aeabi_memcpy8
                0x080033aa                memcpy
 .text.memset   0x080033bc       0x10 C:/Users/justin/zephyr-sdk-1.0.1/gnu/arm-zephyr-eabi/bin/../lib/gcc/arm-zephyr-eabi/14.3.0/../../../../arm-zephyr-eabi/lib/thumb/v6-m/nofp/space\libc.a(memset.c.o)
                0x080033bc                memset
 .text.strnlen  0x080033cc       0x16 C:/Users/justin/zephyr-sdk-1.0.1/gnu/arm-zephyr-eabi/bin/../lib/gcc/arm-zephyr-eabi/14.3.0/../../../../arm-zephyr-eabi/lib/thumb/v6-m/nofp/space\libc.a(libc_string_strnlen.c.o)
                0x080033cc                strnlen
 .text.__ultoa_invert
                0x080033e2      0x10e C:/Users/justin/zephyr-sdk-1.0.1/gnu/arm-zephyr-eabi/bin/../lib/gcc/arm-zephyr-eabi/14.3.0/../../../../arm-zephyr-eabi/lib/thumb/v6-m/nofp/space\libc.a(libc_tinystdio_vflprintf.c.o)
 *(SORT_BY_ALIGNMENT(.gnu.linkonce.t.*))
 *(SORT_BY_ALIGNMENT(.glue_7t))
 .glue_7t       0x080034f0        0x0 linker stubs
 *(SORT_BY_ALIGNMENT(.glue_7))
 .glue_7        0x080034f0        0x0 linker stubs
 *(SORT_BY_ALIGNMENT(.vfp11_veneer))
 .vfp11_veneer  0x080034f0        0x0 linker stubs
 *(SORT_BY_ALIGNMENT(.v4_bx))
 .v4_bx         0x080034f0        0x0 linker stubs
                0x080034f0                        . = ALIGN (0x4)
                0x080034f0                        __text_region_end = .

.ARM.exidx      0x080034f0        0x8
                0x080034f0                        __exidx_start = .
 *(SORT_BY_ALIGNMENT(.ARM.exidx*) SORT_BY_ALIGNMENT(gnu.linkonce.armexidx.*))
 .ARM.exidx     0x080034f0        0x8 C:/Users/justin/zephyr-sdk-1.0.1/gnu/arm-zephyr-eabi/bin/../lib/gcc/arm-zephyr-eabi/14.3.0/thumb/v6-m/nofp/space\libgcc.a(_udivmoddi4.o)
                0x080034f8                        __exidx_end = .
                0x080034f8                        __rodata_region_start = .

initlevel       0x080034f8       0x98
                0x080034f8                        __init_start = .
                0x080034f8                        __init_EARLY_start = .
 *(SORT_BY_NAME(SORT_BY_ALIGNMENT(.z_init_EARLY_P_?_*)))
 *(SORT_BY_NAME(SORT_BY_ALIGNMENT(.z_init_EARLY_P_??_*)))
 *(SORT_BY_NAME(SORT_BY_ALIGNMENT(.z_init_EARLY_P_???_*)))
                0x080034f8                        __init_PRE_KERNEL_1_start = .
 *(SORT_BY_NAME(SORT_BY_ALIGNMENT(.z_init_PRE_KERNEL_1_P_?_*)))
 .z_init_PRE_KERNEL_1_P_1_SUB_00009_
                0x080034f8        0x8 zephyr/drivers/clock_control/libdrivers__clock_control.a(clock_stm32_ll_common.c.obj)
 .z_init_PRE_KERNEL_1_P_1_SUB_0_
                0x08003500        0x8 zephyr/libzephyr.a(soc_config.c.obj)
 *(SORT_BY_NAME(SORT_BY_ALIGNMENT(.z_init_PRE_KERNEL_1_P_??_*)))
 .z_init_PRE_KERNEL_1_P_35_SUB_00019_
                0x08003508        0x8 zephyr/drivers/reset/libdrivers__reset.a(reset_stm32.c.obj)
 .z_init_PRE_KERNEL_1_P_40_SUB_00025_
                0x08003510        0x8 zephyr/libzephyr.a(gpioport_mgr.c.obj)
 .z_init_PRE_KERNEL_1_P_40_SUB_00056_
                0x08003518        0x8 zephyr/libzephyr.a(gpioport_mgr.c.obj)
 .z_init_PRE_KERNEL_1_P_40_SUB_00063_
                0x08003520        0x8 zephyr/drivers/interrupt_controller/libdrivers__interrupt_controller.a(intc_exti_stm32.c.obj)
 .z_init_PRE_KERNEL_1_P_40_SUB_00076_
                0x08003528        0x8 zephyr/libzephyr.a(gpioport_mgr.c.obj)
 .z_init_PRE_KERNEL_1_P_40_SUB_00088_
                0x08003530        0x8 zephyr/libzephyr.a(gpioport_mgr.c.obj)
 .z_init_PRE_KERNEL_1_P_40_SUB_00089_
                0x08003538        0x8 zephyr/libzephyr.a(gpioport_mgr.c.obj)
 .z_init_PRE_KERNEL_1_P_40_SUB_00090_
                0x08003540        0x8 zephyr/libzephyr.a(gpioport_mgr.c.obj)
 .z_init_PRE_KERNEL_1_P_40_SUB_0_
                0x08003548        0x8 zephyr/drivers/interrupt_controller/libdrivers__interrupt_controller.a(intc_gpio_stm32.c.obj)
 .z_init_PRE_KERNEL_1_P_50_SUB_00066_
                0x08003550        0x8 zephyr/drivers/serial/libdrivers__serial.a(uart_stm32.c.obj)
 .z_init_PRE_KERNEL_1_P_50_SUB_00071_
                0x08003558        0x8 zephyr/drivers/serial/libdrivers__serial.a(uart_stm32.c.obj)
 .z_init_PRE_KERNEL_1_P_60_SUB_0_
                0x08003560        0x8 zephyr/drivers/console/libdrivers__console.a(uart_console.c.obj)
 *(SORT_BY_NAME(SORT_BY_ALIGNMENT(.z_init_PRE_KERNEL_1_P_???_*)))
                0x08003568                        __init_PRE_KERNEL_2_start = .
 *(SORT_BY_NAME(SORT_BY_ALIGNMENT(.z_init_PRE_KERNEL_2_P_?_*)))
 .z_init_PRE_KERNEL_2_P_0_SUB_0_
                0x08003568        0x8 zephyr/drivers/timer/libdrivers__timer.a(cortex_m_systick.c.obj)
 *(SORT_BY_NAME(SORT_BY_ALIGNMENT(.z_init_PRE_KERNEL_2_P_??_*)))
 *(SORT_BY_NAME(SORT_BY_ALIGNMENT(.z_init_PRE_KERNEL_2_P_???_*)))
                0x08003570                        __init_POST_KERNEL_start = .
 *(SORT_BY_NAME(SORT_BY_ALIGNMENT(.z_init_POST_KERNEL_P_?_*)))
 *(SORT_BY_NAME(SORT_BY_ALIGNMENT(.z_init_POST_KERNEL_P_??_*)))
 .z_init_POST_KERNEL_P_35_SUB_0_
                0x08003570        0x8 zephyr/lib/libc/common/liblib__libc__common.a(malloc.c.obj)
 .z_init_POST_KERNEL_P_50_SUB_00022_
                0x08003578        0x8 zephyr/drivers/pwm/libdrivers__pwm.a(pwm_stm32.c.obj)
 .z_init_POST_KERNEL_P_50_SUB_00029_
                0x08003580        0x8 zephyr/drivers/pwm/libdrivers__pwm.a(pwm_stm32.c.obj)
 .z_init_POST_KERNEL_P_50_SUB_00033_
                0x08003588        0x8 zephyr/drivers/pwm/libdrivers__pwm.a(pwm_stm32.c.obj)
 *(SORT_BY_NAME(SORT_BY_ALIGNMENT(.z_init_POST_KERNEL_P_???_*)))
                0x08003590                        __init_APPLICATION_start = .
 *(SORT_BY_NAME(SORT_BY_ALIGNMENT(.z_init_APPLICATION_P_?_*)))
 *(SORT_BY_NAME(SORT_BY_ALIGNMENT(.z_init_APPLICATION_P_??_*)))
 *(SORT_BY_NAME(SORT_BY_ALIGNMENT(.z_init_APPLICATION_P_???_*)))
                0x08003590                        __init_SMP_start = .
 *(SORT_BY_NAME(SORT_BY_ALIGNMENT(.z_init_SMP_P_?_*)))
 *(SORT_BY_NAME(SORT_BY_ALIGNMENT(.z_init_SMP_P_??_*)))
 *(SORT_BY_NAME(SORT_BY_ALIGNMENT(.z_init_SMP_P_???_*)))
                0x08003590                        __init_end = .

device_area     0x08003590      0x188
                0x08003590                        _device_list_start = .
 *(SORT_BY_NAME(SORT_BY_ALIGNMENT(._device.static.*_?_*)))
 ._device.static.1_1_
                0x08003590       0x1c zephyr/drivers/clock_control/libdrivers__clock_control.a(clock_stm32_ll_common.c.obj)
                0x08003590                __device_dts_ord_9
 *(SORT_BY_NAME(SORT_BY_ALIGNMENT(._device.static.*_??_*)))
 ._device.static.1_35_
                0x080035ac       0x1c zephyr/drivers/reset/libdrivers__reset.a(reset_stm32.c.obj)
                0x080035ac                __device_dts_ord_19
 ._device.static.1_40_
                0x080035c8       0xa8 zephyr/libzephyr.a(gpioport_mgr.c.obj)
                0x080035c8                __device_dts_ord_90
                0x080035e4                __device_dts_ord_89
                0x08003600                __device_dts_ord_88
                0x0800361c                __device_dts_ord_25
                0x08003638                __device_dts_ord_76
                0x08003654                __device_dts_ord_56
 ._device.static.1_40_
                0x08003670       0x1c zephyr/drivers/interrupt_controller/libdrivers__interrupt_controller.a(intc_exti_stm32.c.obj)
                0x08003670                __device_dts_ord_63
 ._device.static.1_50_
                0x0800368c       0x38 zephyr/drivers/serial/libdrivers__serial.a(uart_stm32.c.obj)
                0x0800368c                __device_dts_ord_66
                0x080036a8                __device_dts_ord_71
 ._device.static.3_50_
                0x080036c4       0x54 zephyr/drivers/pwm/libdrivers__pwm.a(pwm_stm32.c.obj)
                0x080036c4                __device_dts_ord_29
                0x080036e0                __device_dts_ord_33
                0x080036fc                __device_dts_ord_22
 *(SORT_BY_NAME(SORT_BY_ALIGNMENT(._device.static.*_???_*)))
 *(SORT_BY_NAME(SORT_BY_ALIGNMENT(._device.static.*_????_*)))
 *(SORT_BY_NAME(SORT_BY_ALIGNMENT(._device.static.*_?????_*)))
                0x08003718                        _device_list_end = .

sw_isr_table    0x08003718       0xe8
                0x08003718                        . = ALIGN (0x4)
 *(SORT_BY_ALIGNMENT(.gnu.linkonce.sw_isr_table*))
 .gnu.linkonce.sw_isr_table
                0x08003718       0xe8 zephyr/arch/common/libisr_tables.a(isr_tables.c.obj)
                0x08003718                _sw_isr_table

initlevel_error
 *(SORT_BY_NAME(SORT_BY_ALIGNMENT(.z_init_*)))
                0x00000001                        ASSERT ((SIZEOF (initlevel_error) == 0x0), Undefined initialization levels used.)

app_shmem_regions
                0x08003800        0x0
                0x08003800                        __app_shmem_regions_start = .
 *(SORT_BY_NAME(SORT_BY_ALIGNMENT(.app_regions.*)))
                0x08003800                        __app_shmem_regions_end = .

k_p4wq_initparam_area
                0x08003800        0x0
                0x08003800                        _k_p4wq_initparam_list_start = .
 *(SORT_BY_NAME(SORT_BY_ALIGNMENT(._k_p4wq_initparam.static.*)))
                0x08003800                        _k_p4wq_initparam_list_end = .

_static_thread_data_area
                0x08003800        0x0
                0x08003800                        __static_thread_data_list_start = .
 *(SORT_BY_NAME(SORT_BY_ALIGNMENT(.__static_thread_data.static.*)))
                0x08003800                        __static_thread_data_list_end = .

device_deps     0x08003800        0x0
                0x08003800                        __device_deps_start = .
 *(SORT_BY_NAME(SORT_BY_ALIGNMENT(.__device_deps_pass2*)))
                0x08003800                        __device_deps_end = .

gpio_driver_api_area
                0x08003800       0x24
                0x08003800                        _gpio_driver_api_list_start = .
 *(SORT_BY_NAME(SORT_BY_ALIGNMENT(._gpio_driver_api.static.*)))
 ._gpio_driver_api.static.gpio_stm32_driver_
                0x08003800       0x24 zephyr/drivers/gpio/libdrivers__gpio.a(gpio_stm32.c.obj)
                0x08003800                gpio_stm32_driver
                0x08003824                        _gpio_driver_api_list_end = .

pwm_driver_api_area
                0x08003824        0x8
                0x08003824                        _pwm_driver_api_list_start = .
 *(SORT_BY_NAME(SORT_BY_ALIGNMENT(._pwm_driver_api.static.*)))
 ._pwm_driver_api.static.pwm_stm32_driver_api_
                0x08003824        0x8 zephyr/drivers/pwm/libdrivers__pwm.a(pwm_stm32.c.obj)
                0x0800382c                        _pwm_driver_api_list_end = .

reset_driver_api_area
                0x0800382c       0x10
                0x0800382c                        _reset_driver_api_list_start = .
 *(SORT_BY_NAME(SORT_BY_ALIGNMENT(._reset_driver_api.static.*)))
 ._reset_driver_api.static.reset_stm32_driver_api_
                0x0800382c       0x10 zephyr/drivers/reset/libdrivers__reset.a(reset_stm32.c.obj)
                0x0800383c                        _reset_driver_api_list_end = .

shared_irq_driver_api_area
                0x0800383c        0x0
                0x0800383c                        _shared_irq_driver_api_list_start = .
 *(SORT_BY_NAME(SORT_BY_ALIGNMENT(._shared_irq_driver_api.static.*)))
                0x0800383c                        _shared_irq_driver_api_list_end = .

crypto_driver_api_area
                0x0800383c        0x0
                0x0800383c                        _crypto_driver_api_list_start = .
 *(SORT_BY_NAME(SORT_BY_ALIGNMENT(._crypto_driver_api.static.*)))
                0x0800383c                        _crypto_driver_api_list_end = .

adc_driver_api_area
                0x0800383c        0x0
                0x0800383c                        _adc_driver_api_list_start = .
 *(SORT_BY_NAME(SORT_BY_ALIGNMENT(._adc_driver_api.static.*)))
                0x0800383c                        _adc_driver_api_list_end = .

auxdisplay_driver_api_area
                0x0800383c        0x0
                0x0800383c                        _auxdisplay_driver_api_list_start = .
 *(SORT_BY_NAME(SORT_BY_ALIGNMENT(._auxdisplay_driver_api.static.*)))
                0x0800383c                        _auxdisplay_driver_api_list_end = .

bbram_driver_api_area
                0x0800383c        0x0
                0x0800383c                        _bbram_driver_api_list_start = .
 *(SORT_BY_NAME(SORT_BY_ALIGNMENT(._bbram_driver_api.static.*)))
                0x0800383c                        _bbram_driver_api_list_end = .

biometric_driver_api_area
                0x0800383c        0x0
                0x0800383c                        _biometric_driver_api_list_start = .
 *(SORT_BY_NAME(SORT_BY_ALIGNMENT(._biometric_driver_api.static.*)))
                0x0800383c                        _biometric_driver_api_list_end = .

bt_hci_driver_api_area
                0x0800383c        0x0
                0x0800383c                        _bt_hci_driver_api_list_start = .
 *(SORT_BY_NAME(SORT_BY_ALIGNMENT(._bt_hci_driver_api.static.*)))
                0x0800383c                        _bt_hci_driver_api_list_end = .

can_driver_api_area
                0x0800383c        0x0
                0x0800383c                        _can_driver_api_list_start = .
 *(SORT_BY_NAME(SORT_BY_ALIGNMENT(._can_driver_api.static.*)))
                0x0800383c                        _can_driver_api_list_end = .

cellular_driver_api_area
                0x0800383c        0x0
                0x0800383c                        _cellular_driver_api_list_start = .
 *(SORT_BY_NAME(SORT_BY_ALIGNMENT(._cellular_driver_api.static.*)))
                0x0800383c                        _cellular_driver_api_list_end = .

charger_driver_api_area
                0x0800383c        0x0
                0x0800383c                        _charger_driver_api_list_start = .
 *(SORT_BY_NAME(SORT_BY_ALIGNMENT(._charger_driver_api.static.*)))
                0x0800383c                        _charger_driver_api_list_end = .

clock_control_driver_api_area
                0x0800383c       0x1c
                0x0800383c                        _clock_control_driver_api_list_start = .
 *(SORT_BY_NAME(SORT_BY_ALIGNMENT(._clock_control_driver_api.static.*)))
 ._clock_control_driver_api.static.stm32_clock_control_api_
                0x0800383c       0x1c zephyr/drivers/clock_control/libdrivers__clock_control.a(clock_stm32_ll_common.c.obj)
                0x08003858                        _clock_control_driver_api_list_end = .

comparator_driver_api_area
                0x08003858        0x0
                0x08003858                        _comparator_driver_api_list_start = .
 *(SORT_BY_NAME(SORT_BY_ALIGNMENT(._comparator_driver_api.static.*)))
                0x08003858                        _comparator_driver_api_list_end = .

coredump_driver_api_area
                0x08003858        0x0
                0x08003858                        _coredump_driver_api_list_start = .
 *(SORT_BY_NAME(SORT_BY_ALIGNMENT(._coredump_driver_api.static.*)))
                0x08003858                        _coredump_driver_api_list_end = .

counter_driver_api_area
                0x08003858        0x0
                0x08003858                        _counter_driver_api_list_start = .
 *(SORT_BY_NAME(SORT_BY_ALIGNMENT(._counter_driver_api.static.*)))
                0x08003858                        _counter_driver_api_list_end = .

crc_driver_api_area
                0x08003858        0x0
                0x08003858                        _crc_driver_api_list_start = .
 *(SORT_BY_NAME(SORT_BY_ALIGNMENT(._crc_driver_api.static.*)))
                0x08003858                        _crc_driver_api_list_end = .

dac_driver_api_area
                0x08003858        0x0
                0x08003858                        _dac_driver_api_list_start = .
 *(SORT_BY_NAME(SORT_BY_ALIGNMENT(._dac_driver_api.static.*)))
                0x08003858                        _dac_driver_api_list_end = .

dai_driver_api_area
                0x08003858        0x0
                0x08003858                        _dai_driver_api_list_start = .
 *(SORT_BY_NAME(SORT_BY_ALIGNMENT(._dai_driver_api.static.*)))
                0x08003858                        _dai_driver_api_list_end = .

display_driver_api_area
                0x08003858        0x0
                0x08003858                        _display_driver_api_list_start = .
 *(SORT_BY_NAME(SORT_BY_ALIGNMENT(._display_driver_api.static.*)))
                0x08003858                        _display_driver_api_list_end = .

dma_driver_api_area
                0x08003858        0x0
                0x08003858                        _dma_driver_api_list_start = .
 *(SORT_BY_NAME(SORT_BY_ALIGNMENT(._dma_driver_api.static.*)))
                0x08003858                        _dma_driver_api_list_end = .

edac_driver_api_area
                0x08003858        0x0
                0x08003858                        _edac_driver_api_list_start = .
 *(SORT_BY_NAME(SORT_BY_ALIGNMENT(._edac_driver_api.static.*)))
                0x08003858                        _edac_driver_api_list_end = .

eeprom_driver_api_area
                0x08003858        0x0
                0x08003858                        _eeprom_driver_api_list_start = .
 *(SORT_BY_NAME(SORT_BY_ALIGNMENT(._eeprom_driver_api.static.*)))
                0x08003858                        _eeprom_driver_api_list_end = .

emul_bbram_driver_api_area
                0x08003858        0x0
                0x08003858                        _emul_bbram_driver_api_list_start = .
 *(SORT_BY_NAME(SORT_BY_ALIGNMENT(._emul_bbram_driver_api.static.*)))
                0x08003858                        _emul_bbram_driver_api_list_end = .

fuel_gauge_emul_driver_api_area
                0x08003858        0x0
                0x08003858                        _fuel_gauge_emul_driver_api_list_start = .
 *(SORT_BY_NAME(SORT_BY_ALIGNMENT(._fuel_gauge_emul_driver_api.static.*)))
                0x08003858                        _fuel_gauge_emul_driver_api_list_end = .

emul_sensor_driver_api_area
                0x08003858        0x0
                0x08003858                        _emul_sensor_driver_api_list_start = .
 *(SORT_BY_NAME(SORT_BY_ALIGNMENT(._emul_sensor_driver_api.static.*)))
                0x08003858                        _emul_sensor_driver_api_list_end = .

entropy_driver_api_area
                0x08003858        0x0
                0x08003858                        _entropy_driver_api_list_start = .
 *(SORT_BY_NAME(SORT_BY_ALIGNMENT(._entropy_driver_api.static.*)))
                0x08003858                        _entropy_driver_api_list_end = .

espi_driver_api_area
                0x08003858        0x0
                0x08003858                        _espi_driver_api_list_start = .
 *(SORT_BY_NAME(SORT_BY_ALIGNMENT(._espi_driver_api.static.*)))
                0x08003858                        _espi_driver_api_list_end = .

espi_saf_driver_api_area
                0x08003858        0x0
                0x08003858                        _espi_saf_driver_api_list_start = .
 *(SORT_BY_NAME(SORT_BY_ALIGNMENT(._espi_saf_driver_api.static.*)))
                0x08003858                        _espi_saf_driver_api_list_end = .

flash_driver_api_area
                0x08003858        0x0
                0x08003858                        _flash_driver_api_list_start = .
 *(SORT_BY_NAME(SORT_BY_ALIGNMENT(._flash_driver_api.static.*)))
                0x08003858                        _flash_driver_api_list_end = .

fpga_driver_api_area
                0x08003858        0x0
                0x08003858                        _fpga_driver_api_list_start = .
 *(SORT_BY_NAME(SORT_BY_ALIGNMENT(._fpga_driver_api.static.*)))
                0x08003858                        _fpga_driver_api_list_end = .

fuel_gauge_driver_api_area
                0x08003858        0x0
                0x08003858                        _fuel_gauge_driver_api_list_start = .
 *(SORT_BY_NAME(SORT_BY_ALIGNMENT(._fuel_gauge_driver_api.static.*)))
                0x08003858                        _fuel_gauge_driver_api_list_end = .

gnss_driver_api_area
                0x08003858        0x0
                0x08003858                        _gnss_driver_api_list_start = .
 *(SORT_BY_NAME(SORT_BY_ALIGNMENT(._gnss_driver_api.static.*)))
                0x08003858                        _gnss_driver_api_list_end = .

haptics_driver_api_area
                0x08003858        0x0
                0x08003858                        _haptics_driver_api_list_start = .
 *(SORT_BY_NAME(SORT_BY_ALIGNMENT(._haptics_driver_api.static.*)))
                0x08003858                        _haptics_driver_api_list_end = .

hwspinlock_driver_api_area
                0x08003858        0x0
                0x08003858                        _hwspinlock_driver_api_list_start = .
 *(SORT_BY_NAME(SORT_BY_ALIGNMENT(._hwspinlock_driver_api.static.*)))
                0x08003858                        _hwspinlock_driver_api_list_end = .

i2c_driver_api_area
                0x08003858        0x0
                0x08003858                        _i2c_driver_api_list_start = .
 *(SORT_BY_NAME(SORT_BY_ALIGNMENT(._i2c_driver_api.static.*)))
                0x08003858                        _i2c_driver_api_list_end = .

i2c_target_driver_api_area
                0x08003858        0x0
                0x08003858                        _i2c_target_driver_api_list_start = .
 *(SORT_BY_NAME(SORT_BY_ALIGNMENT(._i2c_target_driver_api.static.*)))
                0x08003858                        _i2c_target_driver_api_list_end = .

i2s_driver_api_area
                0x08003858        0x0
                0x08003858                        _i2s_driver_api_list_start = .
 *(SORT_BY_NAME(SORT_BY_ALIGNMENT(._i2s_driver_api.static.*)))
                0x08003858                        _i2s_driver_api_list_end = .

i3c_driver_api_area
                0x08003858        0x0
                0x08003858                        _i3c_driver_api_list_start = .
 *(SORT_BY_NAME(SORT_BY_ALIGNMENT(._i3c_driver_api.static.*)))
                0x08003858                        _i3c_driver_api_list_end = .

ipm_driver_api_area
                0x08003858        0x0
                0x08003858                        _ipm_driver_api_list_start = .
 *(SORT_BY_NAME(SORT_BY_ALIGNMENT(._ipm_driver_api.static.*)))
                0x08003858                        _ipm_driver_api_list_end = .

led_driver_api_area
                0x08003858        0x0
                0x08003858                        _led_driver_api_list_start = .
 *(SORT_BY_NAME(SORT_BY_ALIGNMENT(._led_driver_api.static.*)))
                0x08003858                        _led_driver_api_list_end = .

led_strip_driver_api_area
                0x08003858        0x0
                0x08003858                        _led_strip_driver_api_list_start = .
 *(SORT_BY_NAME(SORT_BY_ALIGNMENT(._led_strip_driver_api.static.*)))
                0x08003858                        _led_strip_driver_api_list_end = .

lora_driver_api_area
                0x08003858        0x0
                0x08003858                        _lora_driver_api_list_start = .
 *(SORT_BY_NAME(SORT_BY_ALIGNMENT(._lora_driver_api.static.*)))
                0x08003858                        _lora_driver_api_list_end = .

mbox_driver_api_area
                0x08003858        0x0
                0x08003858                        _mbox_driver_api_list_start = .
 *(SORT_BY_NAME(SORT_BY_ALIGNMENT(._mbox_driver_api.static.*)))
                0x08003858                        _mbox_driver_api_list_end = .

mdio_driver_api_area
                0x08003858        0x0
                0x08003858                        _mdio_driver_api_list_start = .
 *(SORT_BY_NAME(SORT_BY_ALIGNMENT(._mdio_driver_api.static.*)))
                0x08003858                        _mdio_driver_api_list_end = .

mipi_dbi_driver_api_area
                0x08003858        0x0
                0x08003858                        _mipi_dbi_driver_api_list_start = .
 *(SORT_BY_NAME(SORT_BY_ALIGNMENT(._mipi_dbi_driver_api.static.*)))
                0x08003858                        _mipi_dbi_driver_api_list_end = .

mipi_dsi_driver_api_area
                0x08003858        0x0
                0x08003858                        _mipi_dsi_driver_api_list_start = .
 *(SORT_BY_NAME(SORT_BY_ALIGNMENT(._mipi_dsi_driver_api.static.*)))
                0x08003858                        _mipi_dsi_driver_api_list_end = .

mspi_driver_api_area
                0x08003858        0x0
                0x08003858                        _mspi_driver_api_list_start = .
 *(SORT_BY_NAME(SORT_BY_ALIGNMENT(._mspi_driver_api.static.*)))
                0x08003858                        _mspi_driver_api_list_end = .

opamp_driver_api_area
                0x08003858        0x0
                0x08003858                        _opamp_driver_api_list_start = .
 *(SORT_BY_NAME(SORT_BY_ALIGNMENT(._opamp_driver_api.static.*)))
                0x08003858                        _opamp_driver_api_list_end = .

otp_driver_api_area
                0x08003858        0x0
                0x08003858                        _otp_driver_api_list_start = .
 *(SORT_BY_NAME(SORT_BY_ALIGNMENT(._otp_driver_api.static.*)))
                0x08003858                        _otp_driver_api_list_end = .

peci_driver_api_area
                0x08003858        0x0
                0x08003858                        _peci_driver_api_list_start = .
 *(SORT_BY_NAME(SORT_BY_ALIGNMENT(._peci_driver_api.static.*)))
                0x08003858                        _peci_driver_api_list_end = .

ps2_driver_api_area
                0x08003858        0x0
                0x08003858                        _ps2_driver_api_list_start = .
 *(SORT_BY_NAME(SORT_BY_ALIGNMENT(._ps2_driver_api.static.*)))
                0x08003858                        _ps2_driver_api_list_end = .

ptp_clock_driver_api_area
                0x08003858        0x0
                0x08003858                        _ptp_clock_driver_api_list_start = .
 *(SORT_BY_NAME(SORT_BY_ALIGNMENT(._ptp_clock_driver_api.static.*)))
                0x08003858                        _ptp_clock_driver_api_list_end = .

regulator_parent_driver_api_area
                0x08003858        0x0
                0x08003858                        _regulator_parent_driver_api_list_start = .
 *(SORT_BY_NAME(SORT_BY_ALIGNMENT(._regulator_parent_driver_api.static.*)))
                0x08003858                        _regulator_parent_driver_api_list_end = .

regulator_driver_api_area
                0x08003858        0x0
                0x08003858                        _regulator_driver_api_list_start = .
 *(SORT_BY_NAME(SORT_BY_ALIGNMENT(._regulator_driver_api.static.*)))
                0x08003858                        _regulator_driver_api_list_end = .

retained_mem_driver_api_area
                0x08003858        0x0
                0x08003858                        _retained_mem_driver_api_list_start = .
 *(SORT_BY_NAME(SORT_BY_ALIGNMENT(._retained_mem_driver_api.static.*)))
                0x08003858                        _retained_mem_driver_api_list_end = .

rtc_driver_api_area
                0x08003858        0x0
                0x08003858                        _rtc_driver_api_list_start = .
 *(SORT_BY_NAME(SORT_BY_ALIGNMENT(._rtc_driver_api.static.*)))
                0x08003858                        _rtc_driver_api_list_end = .

sdhc_driver_api_area
                0x08003858        0x0
                0x08003858                        _sdhc_driver_api_list_start = .
 *(SORT_BY_NAME(SORT_BY_ALIGNMENT(._sdhc_driver_api.static.*)))
                0x08003858                        _sdhc_driver_api_list_end = .

sensor_driver_api_area
                0x08003858        0x0
                0x08003858                        _sensor_driver_api_list_start = .
 *(SORT_BY_NAME(SORT_BY_ALIGNMENT(._sensor_driver_api.static.*)))
                0x08003858                        _sensor_driver_api_list_end = .

smbus_driver_api_area
                0x08003858        0x0
                0x08003858                        _smbus_driver_api_list_start = .
 *(SORT_BY_NAME(SORT_BY_ALIGNMENT(._smbus_driver_api.static.*)))
                0x08003858                        _smbus_driver_api_list_end = .

spi_driver_api_area
                0x08003858        0x0
                0x08003858                        _spi_driver_api_list_start = .
 *(SORT_BY_NAME(SORT_BY_ALIGNMENT(._spi_driver_api.static.*)))
                0x08003858                        _spi_driver_api_list_end = .

syscon_driver_api_area
                0x08003858        0x0
                0x08003858                        _syscon_driver_api_list_start = .
 *(SORT_BY_NAME(SORT_BY_ALIGNMENT(._syscon_driver_api.static.*)))
                0x08003858                        _syscon_driver_api_list_end = .

tee_driver_api_area
                0x08003858        0x0
                0x08003858                        _tee_driver_api_list_start = .
 *(SORT_BY_NAME(SORT_BY_ALIGNMENT(._tee_driver_api.static.*)))
                0x08003858                        _tee_driver_api_list_end = .

uaol_driver_api_area
                0x08003858        0x0
                0x08003858                        _uaol_driver_api_list_start = .
 *(SORT_BY_NAME(SORT_BY_ALIGNMENT(._uaol_driver_api.static.*)))
                0x08003858                        _uaol_driver_api_list_end = .

video_driver_api_area
                0x08003858        0x0
                0x08003858                        _video_driver_api_list_start = .
 *(SORT_BY_NAME(SORT_BY_ALIGNMENT(._video_driver_api.static.*)))
                0x08003858                        _video_driver_api_list_end = .

virtio_driver_api_area
                0x08003858        0x0
                0x08003858                        _virtio_driver_api_list_start = .
 *(SORT_BY_NAME(SORT_BY_ALIGNMENT(._virtio_driver_api.static.*)))
                0x08003858                        _virtio_driver_api_list_end = .

w1_driver_api_area
                0x08003858        0x0
                0x08003858                        _w1_driver_api_list_start = .
 *(SORT_BY_NAME(SORT_BY_ALIGNMENT(._w1_driver_api.static.*)))
                0x08003858                        _w1_driver_api_list_end = .

wdt_driver_api_area
                0x08003858        0x0
                0x08003858                        _wdt_driver_api_list_start = .
 *(SORT_BY_NAME(SORT_BY_ALIGNMENT(._wdt_driver_api.static.*)))
                0x08003858                        _wdt_driver_api_list_end = .

wuc_driver_api_area
                0x08003858        0x0
                0x08003858                        _wuc_driver_api_list_start = .
 *(SORT_BY_NAME(SORT_BY_ALIGNMENT(._wuc_driver_api.static.*)))
                0x08003858                        _wuc_driver_api_list_end = .

can_transceiver_driver_api_area
                0x08003858        0x0
                0x08003858                        _can_transceiver_driver_api_list_start = .
 *(SORT_BY_NAME(SORT_BY_ALIGNMENT(._can_transceiver_driver_api.static.*)))
                0x08003858                        _can_transceiver_driver_api_list_end = .

nrf_clock_control_driver_api_area
                0x08003858        0x0
                0x08003858                        _nrf_clock_control_driver_api_list_start = .
 *(SORT_BY_NAME(SORT_BY_ALIGNMENT(._nrf_clock_control_driver_api.static.*)))
                0x08003858                        _nrf_clock_control_driver_api_list_end = .

i3c_target_driver_api_area
                0x08003858        0x0
                0x08003858                        _i3c_target_driver_api_list_start = .
 *(SORT_BY_NAME(SORT_BY_ALIGNMENT(._i3c_target_driver_api.static.*)))
                0x08003858                        _i3c_target_driver_api_list_end = .

its_driver_api_area
                0x08003858        0x0
                0x08003858                        _its_driver_api_list_start = .
 *(SORT_BY_NAME(SORT_BY_ALIGNMENT(._its_driver_api.static.*)))
                0x08003858                        _its_driver_api_list_end = .

vtd_driver_api_area
                0x08003858        0x0
                0x08003858                        _vtd_driver_api_list_start = .
 *(SORT_BY_NAME(SORT_BY_ALIGNMENT(._vtd_driver_api.static.*)))
                0x08003858                        _vtd_driver_api_list_end = .

renesas_elc_driver_api_area
                0x08003858        0x0
                0x08003858                        _renesas_elc_driver_api_list_start = .
 *(SORT_BY_NAME(SORT_BY_ALIGNMENT(._renesas_elc_driver_api.static.*)))
                0x08003858                        _renesas_elc_driver_api_list_end = .

tgpio_driver_api_area
                0x08003858        0x0
                0x08003858                        _tgpio_driver_api_list_start = .
 *(SORT_BY_NAME(SORT_BY_ALIGNMENT(._tgpio_driver_api.static.*)))
                0x08003858                        _tgpio_driver_api_list_end = .

pcie_ctrl_driver_api_area
                0x08003858        0x0
                0x08003858                        _pcie_ctrl_driver_api_list_start = .
 *(SORT_BY_NAME(SORT_BY_ALIGNMENT(._pcie_ctrl_driver_api.static.*)))
                0x08003858                        _pcie_ctrl_driver_api_list_end = .

pcie_ep_driver_api_area
                0x08003858        0x0
                0x08003858                        _pcie_ep_driver_api_list_start = .
 *(SORT_BY_NAME(SORT_BY_ALIGNMENT(._pcie_ep_driver_api.static.*)))
                0x08003858                        _pcie_ep_driver_api_list_end = .

psi5_driver_api_area
                0x08003858        0x0
                0x08003858                        _psi5_driver_api_list_start = .
 *(SORT_BY_NAME(SORT_BY_ALIGNMENT(._psi5_driver_api.static.*)))
                0x08003858                        _psi5_driver_api_list_end = .

sent_driver_api_area
                0x08003858        0x0
                0x08003858                        _sent_driver_api_list_start = .
 *(SORT_BY_NAME(SORT_BY_ALIGNMENT(._sent_driver_api.static.*)))
                0x08003858                        _sent_driver_api_list_end = .

svc_driver_api_area
                0x08003858        0x0
                0x08003858                        _svc_driver_api_list_start = .
 *(SORT_BY_NAME(SORT_BY_ALIGNMENT(._svc_driver_api.static.*)))
                0x08003858                        _svc_driver_api_list_end = .

stepper_driver_api_area
                0x08003858        0x0
                0x08003858                        _stepper_driver_api_list_start = .
 *(SORT_BY_NAME(SORT_BY_ALIGNMENT(._stepper_driver_api.static.*)))
                0x08003858                        _stepper_driver_api_list_end = .

stepper_ctrl_driver_api_area
                0x08003858        0x0
                0x08003858                        _stepper_ctrl_driver_api_list_start = .
 *(SORT_BY_NAME(SORT_BY_ALIGNMENT(._stepper_ctrl_driver_api.static.*)))
                0x08003858                        _stepper_ctrl_driver_api_list_end = .

uart_driver_api_area
                0x08003858       0x4c
                0x08003858                        _uart_driver_api_list_start = .
 *(SORT_BY_NAME(SORT_BY_ALIGNMENT(._uart_driver_api.static.*)))
 ._uart_driver_api.static.uart_stm32_driver_api_
                0x08003858       0x4c zephyr/drivers/serial/libdrivers__serial.a(uart_stm32.c.obj)
                0x080038a4                        _uart_driver_api_list_end = .

bc12_emul_driver_api_area
                0x080038a4        0x0
                0x080038a4                        _bc12_emul_driver_api_list_start = .
 *(SORT_BY_NAME(SORT_BY_ALIGNMENT(._bc12_emul_driver_api.static.*)))
                0x080038a4                        _bc12_emul_driver_api_list_end = .

bc12_driver_api_area
                0x080038a4        0x0
                0x080038a4                        _bc12_driver_api_list_start = .
 *(SORT_BY_NAME(SORT_BY_ALIGNMENT(._bc12_driver_api.static.*)))
                0x080038a4                        _bc12_driver_api_list_end = .

usbc_ppc_driver_api_area
                0x080038a4        0x0
                0x080038a4                        _usbc_ppc_driver_api_list_start = .
 *(SORT_BY_NAME(SORT_BY_ALIGNMENT(._usbc_ppc_driver_api.static.*)))
                0x080038a4                        _usbc_ppc_driver_api_list_end = .

tcpc_driver_api_area
                0x080038a4        0x0
                0x080038a4                        _tcpc_driver_api_list_start = .
 *(SORT_BY_NAME(SORT_BY_ALIGNMENT(._tcpc_driver_api.static.*)))
                0x080038a4                        _tcpc_driver_api_list_end = .

usbc_vbus_driver_api_area
                0x080038a4        0x0
                0x080038a4                        _usbc_vbus_driver_api_list_start = .
 *(SORT_BY_NAME(SORT_BY_ALIGNMENT(._usbc_vbus_driver_api.static.*)))
                0x080038a4                        _usbc_vbus_driver_api_list_end = .

ivshmem_driver_api_area
                0x080038a4        0x0
                0x080038a4                        _ivshmem_driver_api_list_start = .
 *(SORT_BY_NAME(SORT_BY_ALIGNMENT(._ivshmem_driver_api.static.*)))
                0x080038a4                        _ivshmem_driver_api_list_end = .

ethphy_driver_api_area
                0x080038a4        0x0
                0x080038a4                        _ethphy_driver_api_list_start = .
 *(SORT_BY_NAME(SORT_BY_ALIGNMENT(._ethphy_driver_api.static.*)))
                0x080038a4                        _ethphy_driver_api_list_end = .

ztest           0x080038a4        0x0
                0x080038a4                        _ztest_expected_result_entry_list_start = .
 *(SORT_BY_NAME(SORT_BY_ALIGNMENT(._ztest_expected_result_entry.static.*)))
                0x080038a4                        _ztest_expected_result_entry_list_end = .
                0x080038a4                        _ztest_suite_node_list_start = .
 *(SORT_BY_NAME(SORT_BY_ALIGNMENT(._ztest_suite_node.static.*)))
                0x080038a4                        _ztest_suite_node_list_end = .
                0x080038a4                        _ztest_unit_test_list_start = .
 *(SORT_BY_NAME(SORT_BY_ALIGNMENT(._ztest_unit_test.static.*)))
                0x080038a4                        _ztest_unit_test_list_end = .
                0x080038a4                        _ztest_test_rule_list_start = .
 *(SORT_BY_NAME(SORT_BY_ALIGNMENT(._ztest_test_rule.static.*)))
                0x080038a4                        _ztest_test_rule_list_end = .

init_array      0x080038a4        0x0
                0x080038a4                        __zephyr_init_array_start = .
 *(SORT_BY_INIT_PRIORITY(.init_array.*) SORT_BY_INIT_PRIORITY(.ctors.*))
 *(SORT_BY_ALIGNMENT(.init_array) SORT_BY_ALIGNMENT(.ctors))
                0x080038a4                        __zephyr_init_array_end = .
                0x00000001                        ASSERT ((__zephyr_init_array_start == __zephyr_init_array_end), GNU-style constructors required but STATIC_INIT_GNU not enabled)

bt_l2cap_fixed_chan_area
                0x080038a4        0x0
                0x080038a4                        _bt_l2cap_fixed_chan_list_start = .
 *(SORT_BY_NAME(SORT_BY_ALIGNMENT(._bt_l2cap_fixed_chan.static.*)))
                0x080038a4                        _bt_l2cap_fixed_chan_list_end = .

bt_gatt_service_static_area
                0x080038a4        0x0
                0x080038a4                        _bt_gatt_service_static_list_start = .
 *(SORT_BY_NAME(SORT_BY_ALIGNMENT(._bt_gatt_service_static.static.*)))
                0x080038a4                        _bt_gatt_service_static_list_end = .

log_strings_area
                0x080038a4        0x0
                0x080038a4                        _log_strings_list_start = .
 *(SORT_BY_NAME(SORT_BY_ALIGNMENT(._log_strings.static.*)))
                0x080038a4                        _log_strings_list_end = .

log_stmesp_ptr_area
                0x080038a4        0x0
                0x080038a4                        _log_stmesp_ptr_list_start = .
 *(SORT_BY_NAME(SORT_BY_ALIGNMENT(._log_stmesp_ptr.static.*)))
                0x080038a4                        _log_stmesp_ptr_list_end = .

log_stmesp_str_area
                0x080038a4        0x0
                0x080038a4                        _log_stmesp_str_list_start = .
 *(SORT_BY_NAME(SORT_BY_ALIGNMENT(._log_stmesp_str.static.*)))
                0x080038a4                        _log_stmesp_str_list_end = .

log_const_area  0x080038a4        0x0
                0x080038a4                        _log_const_list_start = .
 *(SORT_BY_NAME(SORT_BY_ALIGNMENT(._log_const.static.*)))
                0x080038a4                        _log_const_list_end = .

log_backend_area
                0x080038a4        0x0
                0x080038a4                        _log_backend_list_start = .
 *(SORT_BY_NAME(SORT_BY_ALIGNMENT(._log_backend.static.*)))
                0x080038a4                        _log_backend_list_end = .

log_link_area   0x080038a4        0x0
                0x080038a4                        _log_link_list_start = .
 *(SORT_BY_NAME(SORT_BY_ALIGNMENT(._log_link.static.*)))
                0x080038a4                        _log_link_list_end = .

tracing_backend_area
                0x080038a4        0x0
                0x080038a4                        _tracing_backend_list_start = .
 *(SORT_BY_NAME(SORT_BY_ALIGNMENT(._tracing_backend.static.*)))
                0x080038a4                        _tracing_backend_list_end = .

zephyr_dbg_info
 *(SORT_BY_ALIGNMENT(.dbg_thread_info))

intc_table_area
                0x080038a4        0x0
                0x080038a4                        _intc_table_list_start = .
 *(SORT_BY_NAME(SORT_BY_ALIGNMENT(._intc_table.static.*)))
                0x080038a4                        _intc_table_list_end = .

symbol_to_keep  0x080038a4        0x0
                0x080038a4                        __symbol_to_keep_start = .
 *(SORT_BY_NAME(SORT_BY_ALIGNMENT(.symbol_to_keep*)))
                0x080038a4                        __symbol_to_keep_end = .

shell_area      0x080038a4        0x0
                0x080038a4                        _shell_list_start = .
 *(SORT_BY_NAME(SORT_BY_ALIGNMENT(._shell.static.*)))
                0x080038a4                        _shell_list_end = .

shell_root_cmds_area
                0x080038a4        0x0
                0x080038a4                        _shell_root_cmds_list_start = .
 *(SORT_BY_NAME(SORT_BY_ALIGNMENT(._shell_root_cmds.static.*)))
                0x080038a4                        _shell_root_cmds_list_end = .

shell_subcmds_area
                0x080038a4        0x0
                0x080038a4                        _shell_subcmds_list_start = .
 *(SORT_BY_NAME(SORT_BY_ALIGNMENT(._shell_subcmds.static.*)))
                0x080038a4                        _shell_subcmds_list_end = .

shell_dynamic_subcmds_area
                0x080038a4        0x0
                0x080038a4                        _shell_dynamic_subcmds_list_start = .
 *(SORT_BY_NAME(SORT_BY_ALIGNMENT(._shell_dynamic_subcmds.static.*)))
                0x080038a4                        _shell_dynamic_subcmds_list_end = .

cfb_font_area   0x080038a4        0x0
                0x080038a4                        _cfb_font_list_start = .
 *(SORT_BY_NAME(SORT_BY_ALIGNMENT(._cfb_font.static.*)))
                0x080038a4                        _cfb_font_list_end = .

tdata           0x080038a4        0x0
 *(SORT_BY_ALIGNMENT(.tdata) SORT_BY_ALIGNMENT(.tdata.*) SORT_BY_ALIGNMENT(.gnu.linkonce.td.*))

tbss            0x080038a4        0x4
 *(SORT_BY_ALIGNMENT(.tbss) SORT_BY_ALIGNMENT(.tbss.*) SORT_BY_ALIGNMENT(.gnu.linkonce.tb.*) SORT_BY_ALIGNMENT(.tcommon))
 .tbss.z_tls_current
                0x080038a4        0x4 zephyr/libzephyr.a(thread_entry.c.obj)
                0x080038a4                z_tls_current
                0x080038a4                        PROVIDE (__tdata_start = LOADADDR (tdata))
                0x00000001                        PROVIDE (__tdata_align = ALIGNOF (tdata))
                0x00000000                        PROVIDE (__tdata_size = (((SIZEOF (tdata) + __tdata_align) - 0x1) & ~ ((__tdata_align - 0x1))))
                [!provide]                        PROVIDE (__tdata_end = (__tdata_start + __tdata_size))
                0x00000004                        PROVIDE (__tbss_align = ALIGNOF (tbss))
                [!provide]                        PROVIDE (__tbss_start = ADDR (tbss))
                0x00000004                        PROVIDE (__tbss_size = (((SIZEOF (tbss) + __tbss_align) - 0x1) & ~ ((__tbss_align - 0x1))))
                [!provide]                        PROVIDE (__tbss_end = (__tbss_start + __tbss_size))
                [!provide]                        PROVIDE (__tls_start = __tdata_start)
                [!provide]                        PROVIDE (__tls_end = __tbss_end)
                [!provide]                        PROVIDE (__tls_size = (__tbss_end - __tdata_start))

rodata          0x080038a4      0x59c
 *(SORT_BY_ALIGNMENT(.rodata))
 .rodata        0x080038a4        0x8 zephyr/drivers/interrupt_controller/libdrivers__interrupt_controller.a(intc_exti_stm32.c.obj)
 *(SORT_BY_ALIGNMENT(.rodata.*))
 .rodata.gpio_stm32_cfg_f
                0x080038ac       0x14 zephyr/libzephyr.a(gpioport_mgr.c.obj)
 .rodata.gpio_stm32_cfg_e
                0x080038c0       0x14 zephyr/libzephyr.a(gpioport_mgr.c.obj)
 .rodata.gpio_stm32_cfg_d
                0x080038d4       0x14 zephyr/libzephyr.a(gpioport_mgr.c.obj)
 .rodata.gpio_stm32_cfg_c
                0x080038e8       0x14 zephyr/libzephyr.a(gpioport_mgr.c.obj)
 .rodata.gpio_stm32_cfg_b
                0x080038fc       0x14 zephyr/libzephyr.a(gpioport_mgr.c.obj)
 .rodata.gpio_stm32_cfg_a
                0x08003910       0x14 zephyr/libzephyr.a(gpioport_mgr.c.obj)
 .rodata.gpio_ports
                0x08003924       0x68 zephyr/libzephyr.a(gpioport_mgr.c.obj)
 .rodata.pwm_stm32_config_2
                0x0800398c       0x20 zephyr/drivers/pwm/libdrivers__pwm.a(pwm_stm32.c.obj)
 .rodata.pclken_2
                0x080039ac       0x10 zephyr/drivers/pwm/libdrivers__pwm.a(pwm_stm32.c.obj)
 .rodata.__pinctrl_dev_config__device_dts_ord_29
                0x080039bc        0x8 zephyr/drivers/pwm/libdrivers__pwm.a(pwm_stm32.c.obj)
 .rodata.__pinctrl_states__device_dts_ord_29
                0x080039c4        0x8 zephyr/drivers/pwm/libdrivers__pwm.a(pwm_stm32.c.obj)
 .rodata.__pinctrl_state_pins_0__device_dts_ord_29
                0x080039cc       0x10 zephyr/drivers/pwm/libdrivers__pwm.a(pwm_stm32.c.obj)
 .rodata.pwm_stm32_config_1
                0x080039dc       0x20 zephyr/drivers/pwm/libdrivers__pwm.a(pwm_stm32.c.obj)
 .rodata.pclken_1
                0x080039fc       0x10 zephyr/drivers/pwm/libdrivers__pwm.a(pwm_stm32.c.obj)
 .rodata.__pinctrl_dev_config__device_dts_ord_33
                0x08003a0c        0x8 zephyr/drivers/pwm/libdrivers__pwm.a(pwm_stm32.c.obj)
 .rodata.__pinctrl_states__device_dts_ord_33
                0x08003a14        0x8 zephyr/drivers/pwm/libdrivers__pwm.a(pwm_stm32.c.obj)
 .rodata.__pinctrl_state_pins_0__device_dts_ord_33
                0x08003a1c       0x10 zephyr/drivers/pwm/libdrivers__pwm.a(pwm_stm32.c.obj)
 .rodata.pwm_stm32_config_0
                0x08003a2c       0x20 zephyr/drivers/pwm/libdrivers__pwm.a(pwm_stm32.c.obj)
 .rodata.pclken_0
                0x08003a4c       0x10 zephyr/drivers/pwm/libdrivers__pwm.a(pwm_stm32.c.obj)
 .rodata.__pinctrl_dev_config__device_dts_ord_22
                0x08003a5c        0x8 zephyr/drivers/pwm/libdrivers__pwm.a(pwm_stm32.c.obj)
 .rodata.__pinctrl_states__device_dts_ord_22
                0x08003a64        0x8 zephyr/drivers/pwm/libdrivers__pwm.a(pwm_stm32.c.obj)
 .rodata.__pinctrl_state_pins_0__device_dts_ord_22
                0x08003a6c        0x8 zephyr/drivers/pwm/libdrivers__pwm.a(pwm_stm32.c.obj)
 .rodata.set_timer_compare
                0x08003a74       0x10 zephyr/drivers/pwm/libdrivers__pwm.a(pwm_stm32.c.obj)
 .rodata.ch2ll_n
                0x08003a84        0xc zephyr/drivers/pwm/libdrivers__pwm.a(pwm_stm32.c.obj)
 .rodata.ch2ll  0x08003a90       0x10 zephyr/drivers/pwm/libdrivers__pwm.a(pwm_stm32.c.obj)
 .rodata.reset_stm32_config
                0x08003aa0        0x4 zephyr/drivers/reset/libdrivers__reset.a(reset_stm32.c.obj)
 .rodata.uart_stm32_cfg_1
                0x08003aa4       0x2c zephyr/drivers/serial/libdrivers__serial.a(uart_stm32.c.obj)
 .rodata.pclken_1
                0x08003ad0        0x8 zephyr/drivers/serial/libdrivers__serial.a(uart_stm32.c.obj)
 .rodata.__pinctrl_dev_config__device_dts_ord_66
                0x08003ad8        0x8 zephyr/drivers/serial/libdrivers__serial.a(uart_stm32.c.obj)
 .rodata.__pinctrl_states__device_dts_ord_66
                0x08003ae0        0x8 zephyr/drivers/serial/libdrivers__serial.a(uart_stm32.c.obj)
 .rodata.__pinctrl_state_pins_0__device_dts_ord_66
                0x08003ae8       0x10 zephyr/drivers/serial/libdrivers__serial.a(uart_stm32.c.obj)
 .rodata.uart_stm32_cfg_0
                0x08003af8       0x2c zephyr/drivers/serial/libdrivers__serial.a(uart_stm32.c.obj)
 .rodata.pclken_0
                0x08003b24        0x8 zephyr/drivers/serial/libdrivers__serial.a(uart_stm32.c.obj)
 .rodata.__pinctrl_dev_config__device_dts_ord_71
                0x08003b2c        0x8 zephyr/drivers/serial/libdrivers__serial.a(uart_stm32.c.obj)
 .rodata.__pinctrl_states__device_dts_ord_71
                0x08003b34        0x8 zephyr/drivers/serial/libdrivers__serial.a(uart_stm32.c.obj)
 .rodata.__pinctrl_state_pins_0__device_dts_ord_71
                0x08003b3c       0x10 zephyr/drivers/serial/libdrivers__serial.a(uart_stm32.c.obj)
 .rodata.levels.0
                0x08003b4c       0x18 zephyr/kernel/libkernel.a(init.c.obj)
 .rodata.CSWTCH.111
                0x08003b64        0x6 zephyr/drivers/serial/libdrivers__serial.a(uart_stm32.c.obj)
 .rodata.main.str1.1
                0x08003b6a      0x281 app/libapp.a(main.c.obj)
                                 0x29 (size before relaxing)
 .rodata.str1.1
                0x08003deb       0x54 zephyr/libzephyr.a(gpioport_mgr.c.obj)
 .rodata.z_arm_fatal_error.str1.1
                0x08003deb       0xb3 zephyr/arch/arch/arm/core/libarch__arm__core.a(fatal.c.obj)
 .rodata.z_arm_fault.str1.1
                0x08003deb       0xa3 zephyr/arch/arch/arm/core/cortex_m/libarch__arm__core__cortex_m.a(fault.c.obj)
 .rodata.str1.1
                0x08003deb       0x1e zephyr/drivers/interrupt_controller/libdrivers__interrupt_controller.a(intc_exti_stm32.c.obj)
 .rodata.line_range_2.0
                0x08003deb        0x2 zephyr/drivers/interrupt_controller/libdrivers__interrupt_controller.a(intc_gpio_stm32.c.obj)
 .rodata.line_range_1.1
                0x08003ded        0x2 zephyr/drivers/interrupt_controller/libdrivers__interrupt_controller.a(intc_gpio_stm32.c.obj)
 .rodata.line_range_0.2
                0x08003def        0x2 zephyr/drivers/interrupt_controller/libdrivers__interrupt_controller.a(intc_gpio_stm32.c.obj)
 .rodata.str1.1
                0x08003df1        0xd zephyr/drivers/clock_control/libdrivers__clock_control.a(clock_stm32_ll_common.c.obj)
 .rodata.str1.1
                0x08003df1        0x4 zephyr/drivers/pwm/libdrivers__pwm.a(pwm_stm32.c.obj)
 .rodata.SHIFT_TAB_OISx
                0x08003df1        0x7 zephyr/drivers/pwm/libdrivers__pwm.a(pwm_stm32.c.obj)
 .rodata.SHIFT_TAB_CCxP
                0x08003df8        0x7 zephyr/drivers/pwm/libdrivers__pwm.a(pwm_stm32.c.obj)
 .rodata.SHIFT_TAB_OCxx
                0x08003dff        0x7 zephyr/drivers/pwm/libdrivers__pwm.a(pwm_stm32.c.obj)
 .rodata.OFFSET_TAB_CCMRx
                0x08003e06        0x7 zephyr/drivers/pwm/libdrivers__pwm.a(pwm_stm32.c.obj)
 .rodata.str1.1
                0x08003e0d       0x11 zephyr/drivers/reset/libdrivers__reset.a(reset_stm32.c.obj)
 .rodata.str1.1
                0x08003e0d       0x20 zephyr/drivers/serial/libdrivers__serial.a(uart_stm32.c.obj)
 .rodata.AHBPrescTable
                0x08003e0d       0x10 modules/hal_stm32/stm32cube/lib..__modules__hal__stm32__stm32cube.a(system_stm32f0xx.c.obj)
                0x08003e0d                AHBPrescTable
 .rodata.aPredivFactorTable.0
                0x08003e1d       0x10 modules/hal_stm32/stm32cube/lib..__modules__hal__stm32__stm32cube.a(stm32f0xx_hal_rcc.c.obj)
 .rodata.aPLLMULFactorTable.1
                0x08003e2d       0x10 modules/hal_stm32/stm32cube/lib..__modules__hal__stm32__stm32cube.a(stm32f0xx_hal_rcc.c.obj)
 .rodata.z_cstart.str1.1
                0x08003e3d        0x5 zephyr/kernel/libkernel.a(init.c.obj)
 .rodata.boot_banner.str1.1
                0x08003e3d       0x3a zephyr/kernel/libkernel.a(banner.c.obj)
 .rodata.__l_vfprintf.str1.1
                0x08003e3d        0xf C:/Users/justin/zephyr-sdk-1.0.1/gnu/arm-zephyr-eabi/bin/../lib/gcc/arm-zephyr-eabi/14.3.0/../../../../arm-zephyr-eabi/lib/thumb/v6-m/nofp/space\libc.a(libc_tinystdio_vflprintf.c.o)
 *(SORT_BY_ALIGNMENT(.gnu.linkonce.r.*))
                0x08003ea0                        . = ALIGN (0x4)
 *fill*         0x08003e3d        0x3 
                [!provide]                        PROVIDE (__eh_frame_start = 0x0)
                [!provide]                        PROVIDE (__eh_frame_end = 0x0)
                [!provide]                        PROVIDE (__eh_frame_hdr_start = 0x0)
                [!provide]                        PROVIDE (__eh_frame_hdr_end = 0x0)

/DISCARD/
 *(SORT_BY_ALIGNMENT(.eh_frame))
                0x08003e40                        __rodata_region_end = .
                0x08003e40                        . = ALIGN (_region_min_align)
                0x08003e40                        __rom_region_end = ((__rom_region_start + .) - ADDR (rom_start))
                0x00003e40                        __rom_region_size = (__rom_region_end - __rom_region_start)

/DISCARD/
 *(SORT_BY_ALIGNMENT(.got.plt))
 *(SORT_BY_ALIGNMENT(.igot.plt))
 *(SORT_BY_ALIGNMENT(.got))
 *(SORT_BY_ALIGNMENT(.igot))
                0x20000000                        . = 0x20000000
                0x20000000                        . = ALIGN (_region_min_align)
                0x20000000                        _image_ram_start = .

.st_stm32f0x_vt
                0x20000000       0xb4
                0x20000000                        _ram_vector_start = .
                0x200000b4                        . = (. + (_vector_end - _vector_start))
 *fill*         0x20000000       0xb4 
                0x200000b4                        _ram_vector_end = .

.ramfunc        0x200000b4        0x0 load address 0x08003e40
                0x200000b4                        __ramfunc_region_start = .
                0x200000b4                        . = ALIGN (_region_min_align)
                0x200000b4                        __ramfunc_start = .
 *(SORT_BY_ALIGNMENT(.ramfunc))
 *(SORT_BY_ALIGNMENT(.ramfunc.*))
                0x200000b4                        . = ALIGN (_region_min_align)
                0x200000b4                        __ramfunc_end = .
                0x00000000                        __ramfunc_size = (__ramfunc_end - __ramfunc_start)
                0x08003e40                        __ramfunc_load_start = LOADADDR (.ramfunc)

datas           0x200000b4       0x80 load address 0x08003e40
                0x200000b4                        __data_region_start = .
                0x200000b4                        __data_start = .
 *(SORT_BY_ALIGNMENT(.data))
 *(SORT_BY_ALIGNMENT(.data.*))
 .data._char_out
                0x200000b4        0x4 zephyr/libzephyr.a(printk.c.obj)
 .data.__stdout
                0x200000b8       0x10 zephyr/lib/libc/picolibc/liblib__libc__picolibc.a(stdio.c.obj)
 .data.pwm_stm32_data_2
                0x200000c8        0xc zephyr/drivers/pwm/libdrivers__pwm.a(pwm_stm32.c.obj)
 .data.pwm_stm32_data_1
                0x200000d4        0xc zephyr/drivers/pwm/libdrivers__pwm.a(pwm_stm32.c.obj)
 .data.pwm_stm32_data_0
                0x200000e0        0xc zephyr/drivers/pwm/libdrivers__pwm.a(pwm_stm32.c.obj)
 .data.uart_stm32_data_1
                0x200000ec        0xc zephyr/drivers/serial/libdrivers__serial.a(uart_stm32.c.obj)
 .data.uart_cfg_1
                0x200000f8        0x8 zephyr/drivers/serial/libdrivers__serial.a(uart_stm32.c.obj)
 .data.uart_stm32_data_0
                0x20000100        0xc zephyr/drivers/serial/libdrivers__serial.a(uart_stm32.c.obj)
 .data.uart_cfg_0
                0x2000010c        0x8 zephyr/drivers/serial/libdrivers__serial.a(uart_stm32.c.obj)
 .data.SystemCoreClock
                0x20000114        0x4 modules/hal_stm32/stm32cube/lib..__modules__hal__stm32__stm32cube.a(system_stm32f0xx.c.obj)
                0x20000114                SystemCoreClock
 .data.slice_ticks
                0x20000118        0x4 zephyr/kernel/libkernel.a(timeslicing.c.obj)
 .data.timeout_list
                0x2000011c        0x8 zephyr/kernel/libkernel.a(timeout.c.obj)
 .data.exti_irq_table
                0x20000124       0x10 zephyr/drivers/interrupt_controller/libdrivers__interrupt_controller.a(intc_gpio_stm32.c.obj)
 *(SORT_BY_ALIGNMENT(.kernel.*))
                0x20000134                        __data_end = .
                0x00000080                        __data_size = (__data_end - __data_start)
                0x08003e40                        __data_load_start = LOADADDR (datas)
                0x08003e40                        __data_region_load_start = LOADADDR (datas)

device_states   0x20000134       0x1c load address 0x08003ec0
                0x20000134                        . = ALIGN (0x4)
                0x20000134                        __device_states_start = .
 *(SORT_BY_ALIGNMENT(.z_devstate))
 .z_devstate    0x20000134        0xc zephyr/libzephyr.a(gpioport_mgr.c.obj)
 .z_devstate    0x20000140        0x2 zephyr/drivers/interrupt_controller/libdrivers__interrupt_controller.a(intc_exti_stm32.c.obj)
 .z_devstate    0x20000142        0x2 zephyr/drivers/clock_control/libdrivers__clock_control.a(clock_stm32_ll_common.c.obj)
 .z_devstate    0x20000144        0x6 zephyr/drivers/pwm/libdrivers__pwm.a(pwm_stm32.c.obj)
 .z_devstate    0x2000014a        0x2 zephyr/drivers/reset/libdrivers__reset.a(reset_stm32.c.obj)
 .z_devstate    0x2000014c        0x4 zephyr/drivers/serial/libdrivers__serial.a(uart_stm32.c.obj)
 *(SORT_BY_ALIGNMENT(.z_devstate.*))
                0x20000150                        __device_states_end = .
                0x20000150                        . = ALIGN (0x4)

log_mpsc_pbuf_area
                0x20000150        0x0 load address 0x08003edc
                0x20000150                        _log_mpsc_pbuf_list_start = .
 *(SORT_BY_NAME(SORT_BY_ALIGNMENT(._log_mpsc_pbuf.static.*)))
                0x20000150                        _log_mpsc_pbuf_list_end = .

log_msg_ptr_area
                0x20000150        0x0 load address 0x08003edc
                0x20000150                        _log_msg_ptr_list_start = .