Archive member included to satisfy reference by file (symbol)

app/libapp.a(main.c.obj)      (--whole-archive)
app/libapp.a(comms.c.obj)     (--whole-archive)
app/libapp.a(motors.c.obj)    (--whole-archive)
app/libapp.a(gripper.c.obj)   (--whole-archive)
app/libapp.a(hopper.c.obj)    (--whole-archive)
zephyr/libzephyr.a(validate_libc.c.obj)
                              (--whole-archive)
zephyr/libzephyr.a(heap.c.obj)
                              (--whole-archive)
zephyr/libzephyr.a(cbprintf_packaged.c.obj)
                              (--whole-archive)
zephyr/libzephyr.a(clock.c.obj)
                              (--whole-archive)
zephyr/libzephyr.a(printk.c.obj)
                              (--whole-archive)
zephyr/libzephyr.a(cbprintf_complete.c.obj)
                              (--whole-archive)
zephyr/libzephyr.a(assert.c.obj)
                              (--whole-archive)
zephyr/libzephyr.a(dec.c.obj)
                              (--whole-archive)
zephyr/libzephyr.a(hex.c.obj)
                              (--whole-archive)
zephyr/libzephyr.a(rb.c.obj)  (--whole-archive)
zephyr/libzephyr.a(set.c.obj)
                              (--whole-archive)
zephyr/libzephyr.a(timeutil.c.obj)
                              (--whole-archive)
zephyr/libzephyr.a(bitarray.c.obj)
                              (--whole-archive)
zephyr/libzephyr.a(bitmask.c.obj)
                              (--whole-archive)
zephyr/libzephyr.a(getopt.c.obj)
                              (--whole-archive)
zephyr/libzephyr.a(getopt_common.c.obj)
                              (--whole-archive)
zephyr/libzephyr.a(ring_buffer.c.obj)
                              (--whole-archive)
zephyr/libzephyr.a(last_section_id.c.obj)
                              (--whole-archive)
zephyr/libzephyr.a(configs.c.obj)
                              (--whole-archive)
zephyr/libzephyr.a(stm32cube_hal.c.obj)
                              (--whole-archive)
zephyr/libzephyr.a(soc_config.c.obj)
                              (--whole-archive)
zephyr/libzephyr.a(gpioport_mgr.c.obj)
                              (--whole-archive)
zephyr/libzephyr.a(stm32_backup_domain.c.obj)
                              (--whole-archive)
zephyr/libzephyr.a(soc.c.obj)
                              (--whole-archive)
zephyr/libzephyr.a(tracing_none.c.obj)
                              (--whole-archive)
zephyr/libzephyr.a(sem.c.obj)
                              (--whole-archive)
zephyr/libzephyr.a(thread_entry.c.obj)
                              (--whole-archive)
zephyr/arch/common/libarch__common.a(sw_isr_common.c.obj)
                              (--whole-archive)
zephyr/arch/common/libarch__common.a(init.c.obj)
                              (--whole-archive)
zephyr/arch/common/libarch__common.a(xip.c.obj)
                              (--whole-archive)
zephyr/arch/arch/arm/core/libarch__arm__core.a(fatal.c.obj)
                              (--whole-archive)
zephyr/arch/arch/arm/core/libarch__arm__core.a(nmi.c.obj)
                              (--whole-archive)
zephyr/arch/arch/arm/core/libarch__arm__core.a(nmi_on_reset.S.obj)
                              (--whole-archive)
zephyr/arch/arch/arm/core/libarch__arm__core.a(tls.c.obj)
                              (--whole-archive)
zephyr/arch/arch/arm/core/cortex_m/libarch__arm__core__cortex_m.a(fault.c.obj)
                              (--whole-archive)
zephyr/arch/arch/arm/core/cortex_m/libarch__arm__core__cortex_m.a(fault_s.S.obj)
                              (--whole-archive)
zephyr/arch/arch/arm/core/cortex_m/libarch__arm__core__cortex_m.a(fpu.c.obj)
                              (--whole-archive)
zephyr/arch/arch/arm/core/cortex_m/libarch__arm__core__cortex_m.a(reset.S.obj)
                              (--whole-archive)
zephyr/arch/arch/arm/core/cortex_m/libarch__arm__core__cortex_m.a(scb.c.obj)
                              (--whole-archive)
zephyr/arch/arch/arm/core/cortex_m/libarch__arm__core__cortex_m.a(vector_table.S.obj)
                              (--whole-archive)
zephyr/arch/arch/arm/core/cortex_m/libarch__arm__core__cortex_m.a(svc.S.obj)
                              (--whole-archive)
zephyr/arch/arch/arm/core/cortex_m/libarch__arm__core__cortex_m.a(irq_manage.c.obj)
                              (--whole-archive)
zephyr/arch/arch/arm/core/cortex_m/libarch__arm__core__cortex_m.a(prep_c.c.obj)
                              (--whole-archive)
zephyr/arch/arch/arm/core/cortex_m/libarch__arm__core__cortex_m.a(thread.c.obj)
                              (--whole-archive)
zephyr/arch/arch/arm/core/cortex_m/libarch__arm__core__cortex_m.a(cpu_idle.c.obj)
                              (--whole-archive)
zephyr/arch/arch/arm/core/cortex_m/libarch__arm__core__cortex_m.a(exc_exit.c.obj)
                              (--whole-archive)
zephyr/arch/arch/arm/core/cortex_m/libarch__arm__core__cortex_m.a(thread_abort.c.obj)
                              (--whole-archive)
[...]
Memory Configuration

Name             Origin             Length             Attributes
FLASH            0x08000000         0x00020000         xr
RAM              0x20000000         0x00004000         xw
SRAM0            0x20000000         0x00004000         rw
IDT_LIST         0xffff7fff         0x00008000         xw
*default*        0x00000000         0xffffffff

Linker script and memory map

                0x08002ad0                        vfprintf = __l_vfprintf
                0x00000000                        vfscanf = __l_vfscanf
LOAD zephyr/CMakeFiles/zephyr_pre0.dir/misc/empty_file.c.obj
LOAD zephyr/CMakeFiles/offsets.dir/./arch/arm/core/offsets/offsets.c.obj
LOAD app/libapp.a
LOAD zephyr/libzephyr.a
LOAD zephyr/arch/common/libarch__common.a
LOAD zephyr/arch/arch/arm/core/libarch__arm__core.a
LOAD zephyr/arch/arch/arm/core/cortex_m/libarch__arm__core__cortex_m.a
LOAD zephyr/lib/libc/picolibc/liblib__libc__picolibc.a
LOAD zephyr/lib/libc/common/liblib__libc__common.a
LOAD zephyr/subsys/portability/posix/c_lib_ext/libsubsys__portability__posix__c_lib_ext.a
LOAD zephyr/drivers/interrupt_controller/libdrivers__interrupt_controller.a
LOAD zephyr/drivers/clock_control/libdrivers__clock_control.a
LOAD zephyr/drivers/console/libdrivers__console.a
LOAD zephyr/drivers/gpio/libdrivers__gpio.a
LOAD zephyr/drivers/pinctrl/libdrivers__pinctrl.a
LOAD zephyr/drivers/pwm/libdrivers__pwm.a
LOAD zephyr/drivers/reset/libdrivers__reset.a
LOAD zephyr/drivers/serial/libdrivers__serial.a
LOAD zephyr/drivers/timer/libdrivers__timer.a
LOAD modules/hal_stm32/stm32cube/lib..__modules__hal__stm32__stm32cube.a
LOAD zephyr/kernel/libkernel.a
LOAD zephyr/arch/common/libisr_tables.a
LOAD C:/Users/justin/zephyr-sdk-1.0.1/gnu/arm-zephyr-eabi/bin/../lib/gcc/arm-zephyr-eabi/14.3.0/../../../../arm-zephyr-eabi/lib/thumb/v6-m/nofp/space\libc.a
LOAD C:/Users/justin/zephyr-sdk-1.0.1/gnu/arm-zephyr-eabi/bin/../lib/gcc/arm-zephyr-eabi/14.3.0/thumb/v6-m/nofp/space\libgcc.a
                0x00000004                        _region_min_align = 0x4

.rel.plt        0x08000000        0x0
 *(SORT_BY_ALIGNMENT(.rel.plt))
                [!provide]                        PROVIDE (__rel_iplt_start = .)
 *(SORT_BY_ALIGNMENT(.rel.iplt))
 .rel.iplt      0x08000000        0x0 app/libapp.a(main.c.obj)
                [!provide]                        PROVIDE (__rel_iplt_end = .)

.rela.plt       0x00000000        0x0
 *(SORT_BY_ALIGNMENT(.rela.plt))
                [!provide]                        PROVIDE (__rela_iplt_start = .)
 *(SORT_BY_ALIGNMENT(.rela.iplt))
                [!provide]                        PROVIDE (__rela_iplt_end = .)

.rel.dyn
 *(SORT_BY_ALIGNMENT(.rel.*))

.rela.dyn
 *(SORT_BY_ALIGNMENT(.rela.*))

/DISCARD/
 *(SORT_BY_ALIGNMENT(.plt))

/DISCARD/
 *(SORT_BY_ALIGNMENT(.iplt))
                0x08000000                        __rom_region_start = 0x8000000

rom_start       0x08000000       0xb4
                0x08000000                        __rom_start_address = .
 FILL mask 0x00
                0x08000000                        . = (. + (0x0 - (. - __rom_start_address)))
                0x08000000                        . = ALIGN (0x4)
                0x08000000                        _vector_start = .
 *(SORT_BY_ALIGNMENT(.exc_vector_table))
 *(SORT_BY_ALIGNMENT(.exc_vector_table.*))
 .exc_vector_table._vector_table_section
                0x08000000       0x40 zephyr/arch/arch/arm/core/cortex_m/libarch__arm__core__cortex_m.a(vector_table.S.obj)
                0x08000000                _vector_table
 *(SORT_BY_ALIGNMENT(.vectors))
                0x080000b4                        _vector_end = .
                0x08000040                        . = ALIGN (0x4)
 *(SORT_BY_ALIGNMENT(.gnu.linkonce.irq_vector_table*))
 .gnu.linkonce.irq_vector_table
                0x08000040       0x74 zephyr/arch/common/libisr_tables.a(isr_tables.c.obj)
                0x08000040                _irq_vector_table
                0x080000b4                        _vector_end = .

text            0x080000b4     0x394c
                0x080000b4                        __text_region_start = .
 *(SORT_BY_ALIGNMENT(.text))
 .text          0x080000b4       0x14 C:/Users/justin/zephyr-sdk-1.0.1/gnu/arm-zephyr-eabi/bin/../lib/gcc/arm-zephyr-eabi/14.3.0/thumb/v6-m/nofp/space\libgcc.a(_thumb1_case_uqi.o)
                0x080000b4                __gnu_thumb1_case_uqi
 .text          0x080000c8       0x8c C:/Users/justin/zephyr-sdk-1.0.1/gnu/arm-zephyr-eabi/bin/../lib/gcc/arm-zephyr-eabi/14.3.0/thumb/v6-m/nofp/space\libgcc.a(_udivsi3.o)
                0x080000c8                __aeabi_uidiv
                0x080000c8                __udivsi3
                0x08000140                __aeabi_uidivmod
 .text          0x08000154       0xa8 C:/Users/justin/zephyr-sdk-1.0.1/gnu/arm-zephyr-eabi/bin/../lib/gcc/arm-zephyr-eabi/14.3.0/thumb/v6-m/nofp/space\libgcc.a(_divsi3.o)
                0x08000154                __divsi3
                0x08000154                __aeabi_idiv
                0x080001e8                __aeabi_idivmod
 .text          0x080001fc        0x4 C:/Users/justin/zephyr-sdk-1.0.1/gnu/arm-zephyr-eabi/bin/../lib/gcc/arm-zephyr-eabi/14.3.0/thumb/v6-m/nofp/space\libgcc.a(_dvmd_tls.o)
                0x080001fc                __aeabi_idiv0
                0x080001fc                __aeabi_ldiv0
 .text          0x08000200       0x3c C:/Users/justin/zephyr-sdk-1.0.1/gnu/arm-zephyr-eabi/bin/../lib/gcc/arm-zephyr-eabi/14.3.0/thumb/v6-m/nofp/space\libgcc.a(_clzsi2.o)
                0x08000200                __clzsi2
 .text          0x0800023c       0x40 C:/Users/justin/zephyr-sdk-1.0.1/gnu/arm-zephyr-eabi/bin/../lib/gcc/arm-zephyr-eabi/14.3.0/thumb/v6-m/nofp/space\libgcc.a(_aeabi_uldivmod.o)
                0x0800023c                __aeabi_uldivmod
 .text          0x0800027c       0x18 C:/Users/justin/zephyr-sdk-1.0.1/gnu/arm-zephyr-eabi/bin/../lib/gcc/arm-zephyr-eabi/14.3.0/thumb/v6-m/nofp/space\libgcc.a(_lshrdi3.o)
                0x0800027c                __lshrdi3
                0x0800027c                __aeabi_llsr
 .text          0x08000294       0x18 C:/Users/justin/zephyr-sdk-1.0.1/gnu/arm-zephyr-eabi/bin/../lib/gcc/arm-zephyr-eabi/14.3.0/thumb/v6-m/nofp/space\libgcc.a(_ashldi3.o)
                0x08000294                __aeabi_llsl
                0x08000294                __ashldi3
 .text          0x080002ac       0x18 C:/Users/justin/zephyr-sdk-1.0.1/gnu/arm-zephyr-eabi/bin/../lib/gcc/arm-zephyr-eabi/14.3.0/thumb/v6-m/nofp/space\libgcc.a(_clzdi2.o)
                0x080002ac                __clzdi2
 .text          0x080002c4       0x44 C:/Users/justin/zephyr-sdk-1.0.1/gnu/arm-zephyr-eabi/bin/../lib/gcc/arm-zephyr-eabi/14.3.0/thumb/v6-m/nofp/space\libgcc.a(_muldi3.o)
                0x080002c4                __muldi3
                0x080002c4                __aeabi_lmul
 .text          0x08000308       0xea C:/Users/justin/zephyr-sdk-1.0.1/gnu/arm-zephyr-eabi/bin/../lib/gcc/arm-zephyr-eabi/14.3.0/thumb/v6-m/nofp/space\libgcc.a(_udivmoddi4.o)
                0x08000308                __udivmoddi4
 *(SORT_BY_ALIGNMENT(.text.*))
 *fill*         0x080003f2        0x2 
 .text.test_mecanum
                0x080003f4       0x38 app/libapp.a(main.c.obj)
 .text.main     0x0800042c      0x12c app/libapp.a(main.c.obj)
                0x0800042c                main
 .text.pwm_set_pulse_dt
                0x08000558       0x90 app/libapp.a(motors.c.obj)
 .text.motor_set.part.0
                0x080005e8       0x78 app/libapp.a(motors.c.obj)
 .text.motors_init
                0x08000660       0xa8 app/libapp.a(motors.c.obj)
                0x08000660                motors_init
 .text.motor_stop_all
                0x08000708       0x1c app/libapp.a(motors.c.obj)
                0x08000708                motor_stop_all
 .text.char_out
                0x08000724       0x10 zephyr/libzephyr.a(printk.c.obj)
 .text.__printk_hook_install
                0x08000734        0xc zephyr/libzephyr.a(printk.c.obj)
                0x08000734                __printk_hook_install
 .text.vprintk  0x08000740       0x2c zephyr/libzephyr.a(printk.c.obj)
                0x08000740                vprintk
 .text.st_stm32_common_config
                0x0800076c       0x3c zephyr/libzephyr.a(soc_config.c.obj)
 .text.stm32_gpioport_init
                0x080007a8       0x28 zephyr/libzephyr.a(gpioport_mgr.c.obj)
 .text.stm32_gpioport_get
                0x080007d0       0x24 zephyr/libzephyr.a(gpioport_mgr.c.obj)
                0x080007d0                stm32_gpioport_get
 .text.stm32_backup_domain_enable_access
                0x080007f4       0x3c zephyr/libzephyr.a(stm32_backup_domain.c.obj)
                0x080007f4                stm32_backup_domain_enable_access
 .text.stm32_backup_domain_disable_access
                0x08000830       0x4c zephyr/libzephyr.a(stm32_backup_domain.c.obj)
                0x08000830                stm32_backup_domain_disable_access
 .text.relocate_vector_table
                0x0800087c       0x2c zephyr/libzephyr.a(soc.c.obj)
                0x0800087c                relocate_vector_table
 .text.soc_early_init_hook
                0x080008a8       0x20 zephyr/libzephyr.a(soc.c.obj)
                0x080008a8                soc_early_init_hook
 .text.z_thread_entry
                0x080008c8       0x30 zephyr/libzephyr.a(thread_entry.c.obj)
                0x080008c8                z_thread_entry
 .text.arch_bss_zero
                0x080008f8       0x18 zephyr/arch/common/libarch__common.a(init.c.obj)
                0x080008f8                arch_bss_zero
 .text.arch_data_copy
                0x08000910       0x34 zephyr/arch/common/libarch__common.a(xip.c.obj)
                0x08000910                arch_data_copy
 .text.z_arm_fatal_error
                0x08000944       0x60 zephyr/arch/arch/arm/core/libarch__arm__core.a(fatal.c.obj)
                0x08000944                z_arm_fatal_error
 .text.z_SysNmiOnReset
                0x080009a4        0x4 zephyr/arch/arch/arm/core/libarch__arm__core.a(nmi_on_reset.S.obj)
                0x080009a4                z_SysNmiOnReset
 .text.arch_tls_stack_setup
                0x080009a8       0x38 zephyr/arch/arch/arm/core/libarch__arm__core.a(tls.c.obj)
                0x080009a8                arch_tls_stack_setup
 .text.z_arm_fault
                0x080009e0       0xf8 zephyr/arch/arch/arm/core/cortex_m/libarch__arm__core__cortex_m.a(fault.c.obj)
                0x080009e0                z_arm_fault
 .text.z_arm_fault_init
                0x08000ad8       0x10 zephyr/arch/arch/arm/core/cortex_m/libarch__arm__core__cortex_m.a(fault.c.obj)
                0x08000ad8                z_arm_fault_init
 .text.__fault  0x08000ae8       0x14 zephyr/arch/arch/arm/core/cortex_m/libarch__arm__core__cortex_m.a(fault_s.S.obj)
                0x08000ae8                z_arm_hard_fault
                0x08000ae8                z_arm_exc_spurious
 .text._reset_section
                0x08000afc       0x34 zephyr/arch/arch/arm/core/cortex_m/libarch__arm__core__cortex_m.a(reset.S.obj)
                0x08000afc                __start
                0x08000afc                z_arm_reset
 .text.z_arm_svc
                0x08000b30       0x28 zephyr/arch/arch/arm/core/cortex_m/libarch__arm__core__cortex_m.a(svc.S.obj)
                0x08000b30                z_arm_svc
 .text.arm_irq_enable
                0x08000b58       0x18 zephyr/arch/arch/arm/core/cortex_m/libarch__arm__core__cortex_m.a(irq_manage.c.obj)
                0x08000b58                arm_irq_enable
 .text.arm_irq_priority_set
                0x08000b70       0x54 zephyr/arch/arch/arm/core/cortex_m/libarch__arm__core__cortex_m.a(irq_manage.c.obj)
                0x08000b70                arm_irq_priority_set
 .text.arch_new_thread
                0x08000bc4       0x2c zephyr/arch/arch/arm/core/cortex_m/libarch__arm__core__cortex_m.a(thread.c.obj)
                0x08000bc4                arch_new_thread
 .text.arch_switch_to_main_thread
                0x08000bf0       0x38 zephyr/arch/arch/arm/core/cortex_m/libarch__arm__core__cortex_m.a(thread.c.obj)
                0x08000bf0                arch_switch_to_main_thread
 .text.z_arm_cpu_idle_init
                0x08000c28        0xc zephyr/arch/arch/arm/core/cortex_m/libarch__arm__core__cortex_m.a(cpu_idle.c.obj)
                0x08000c28                z_arm_cpu_idle_init
 .text._HandlerModeExit
                0x08000c34       0x20 zephyr/arch/arch/arm/core/cortex_m/libarch__arm__core__cortex_m.a(exc_exit.c.obj)
                0x08000c34                z_arm_int_exit
                0x08000c34                z_arm_exc_exit
 .text.z_impl_k_thread_abort
                0x08000c54       0x38 zephyr/arch/arch/arm/core/cortex_m/libarch__arm__core__cortex_m.a(thread_abort.c.obj)
                0x08000c54                z_impl_k_thread_abort
 .text.z_arm_pendsv
                0x08000c8c       0x70 zephyr/arch/arch/arm/core/cortex_m/libarch__arm__core__cortex_m.a(swap_helper.S.obj)
                0x08000c8c                z_arm_pendsv
 .text.z_arm_interrupt_init
                0x08000cfc       0x30 zephyr/arch/arch/arm/core/cortex_m/libarch__arm__core__cortex_m.a(irq_init.c.obj)
                0x08000cfc                z_arm_interrupt_init
 .text._isr_wrapper
                0x08000d2c       0x20 zephyr/arch/arch/arm/core/cortex_m/libarch__arm__core__cortex_m.a(isr_wrapper.c.obj)
                0x08000d2c                _isr_wrapper
 .text.__aeabi_read_tp
                0x08000d4c        0xc zephyr/arch/arch/arm/core/cortex_m/libarch__arm__core__cortex_m.a(__aeabi_read_tp.S.obj)
                0x08000d4c                __aeabi_read_tp
 .text.z_impl_zephyr_fputc
                0x08000d58       0x10 zephyr/lib/libc/picolibc/liblib__libc__picolibc.a(stdio.c.obj)
                0x08000d58                z_impl_zephyr_fputc
 .text.__stdout_hook_install
                0x08000d68       0x18 zephyr/lib/libc/picolibc/liblib__libc__picolibc.a(stdio.c.obj)
                0x08000d68                __stdout_hook_install
 .text.malloc_prepare
                0x08000d80       0x24 zephyr/lib/libc/common/liblib__libc__common.a(malloc.c.obj)
 .text.stm32_exti_init
                0x08000da4       0x28 zephyr/drivers/interrupt_controller/libdrivers__interrupt_controller.a(intc_exti_stm32.c.obj)
 .text.stm32_exti_is_pending
                0x08000dcc       0x20 zephyr/drivers/interrupt_controller/libdrivers__interrupt_controller.a(intc_exti_stm32.c.obj)
                0x08000dcc                stm32_exti_is_pending
 .text.stm32_exti_clear_pending
                0x08000dec       0x20 zephyr/drivers/interrupt_controller/libdrivers__interrupt_controller.a(intc_exti_stm32.c.obj)
                0x08000dec                stm32_exti_clear_pending
 .text.stm32_intc_gpio_isr
                0x08000e0c       0x48 zephyr/drivers/interrupt_controller/libdrivers__interrupt_controller.a(intc_gpio_stm32.c.obj)
 .text.stm32_exti_gpio_intc_init
                0x08000e54       0x40 zephyr/drivers/interrupt_controller/libdrivers__interrupt_controller.a(intc_gpio_stm32.c.obj)
 .text.stm32_gpio_intc_enable_line
                0x08000e94       0x30 zephyr/drivers/interrupt_controller/libdrivers__interrupt_controller.a(intc_gpio_stm32.c.obj)
                0x08000e94                stm32_gpio_intc_enable_line
 .text.stm32_gpio_intc_disable_line
                0x08000ec4       0x10 zephyr/drivers/interrupt_controller/libdrivers__interrupt_controller.a(intc_gpio_stm32.c.obj)
                0x08000ec4                stm32_gpio_intc_disable_line
 .text.stm32_gpio_intc_select_line_trigger
                0x08000ed4       0x48 zephyr/drivers/interrupt_controller/libdrivers__interrupt_controller.a(intc_gpio_stm32.c.obj)
                0x08000ed4                stm32_gpio_intc_select_line_trigger
 .text.stm32_gpio_intc_set_irq_callback
                0x08000f1c       0x40 zephyr/drivers/interrupt_controller/libdrivers__interrupt_controller.a(intc_gpio_stm32.c.obj)
                0x08000f1c                stm32_gpio_intc_set_irq_callback
 .text.stm32_gpio_intc_remove_irq_callback
                0x08000f5c       0x24 zephyr/drivers/interrupt_controller/libdrivers__interrupt_controller.a(intc_gpio_stm32.c.obj)
                0x08000f5c                stm32_gpio_intc_remove_irq_callback
 .text.stm32_exti_set_line_src_port
                0x08000f80       0x24 zephyr/drivers/interrupt_controller/libdrivers__interrupt_controller.a(intc_gpio_stm32.c.obj)
                0x08000f80                stm32_exti_set_line_src_port
 .text.stm32_exti_get_line_src_port
                0x08000fa4       0x20 zephyr/drivers/interrupt_controller/libdrivers__interrupt_controller.a(intc_gpio_stm32.c.obj)
                0x08000fa4                stm32_exti_get_line_src_port
 .text.stm32_clock_control_on
                0x08000fc4       0x40 zephyr/drivers/clock_control/libdrivers__clock_control.a(clock_stm32_ll_common.c.obj)
 .text.stm32_clock_control_off
                0x08001004       0x30 zephyr/drivers/clock_control/libdrivers__clock_control.a(clock_stm32_ll_common.c.obj)
 .text.stm32_clock_control_get_subsys_rate
                0x08001034       0x88 zephyr/drivers/clock_control/libdrivers__clock_control.a(clock_stm32_ll_common.c.obj)
 .text.stm32_clock_control_configure
                0x080010bc       0x48 zephyr/drivers/clock_control/libdrivers__clock_control.a(clock_stm32_ll_common.c.obj)
 .text.stm32_clock_control_get_status
                0x08001104       0x34 zephyr/drivers/clock_control/libdrivers__clock_control.a(clock_stm32_ll_common.c.obj)
 .text.stm32_clock_control_init
                0x08001138      0x120 zephyr/drivers/clock_control/libdrivers__clock_control.a(clock_stm32_ll_common.c.obj)
                0x08001138                stm32_clock_control_init
 .text.config_pll_sysclock
                0x08001258       0x24 zephyr/drivers/clock_control/libdrivers__clock_control.a(clock_stm32f0_f3.c.obj)
                0x08001258                config_pll_sysclock
 .text.get_pllout_frequency
                0x0800127c        0x8 zephyr/drivers/clock_control/libdrivers__clock_control.a(clock_stm32f0_f3.c.obj)
                0x0800127c                get_pllout_frequency
 .text.config_enable_default_clocks
                0x08001284       0x30 zephyr/drivers/clock_control/libdrivers__clock_control.a(clock_stm32f0_f3.c.obj)
                0x08001284                config_enable_default_clocks
 .text.uart_console_init
                0x080012b4       0x2c zephyr/drivers/console/libdrivers__console.a(uart_console.c.obj)
 .text.console_out
                0x080012e0       0x28 zephyr/drivers/console/libdrivers__console.a(uart_console.c.obj)
 .text.gpio_stm32_pin_interrupt_configure
                0x08001308       0xb0 zephyr/drivers/gpio/libdrivers__gpio.a(gpio_stm32.c.obj)
 .text.pwm_stm32_set_cycles
                0x080013b8      0x210 zephyr/drivers/pwm/libdrivers__pwm.a(pwm_stm32.c.obj)
 .text.pwm_stm32_init
                0x080015c8      0x19c zephyr/drivers/pwm/libdrivers__pwm.a(pwm_stm32.c.obj)
 .text.uart_stm32_irq_err_enable
                0x08001764       0x4c zephyr/drivers/serial/libdrivers__serial.a(uart_stm32.c.obj)
 .text.uart_stm32_irq_err_disable
                0x080017b0       0x50 zephyr/drivers/serial/libdrivers__serial.a(uart_stm32.c.obj)
 .text.uart_stm32_set_baudrate.isra.0
                0x08001800       0x4c zephyr/drivers/serial/libdrivers__serial.a(uart_stm32.c.obj)
 .text.uart_stm32_parameters_set
                0x0800184c      0x16c zephyr/drivers/serial/libdrivers__serial.a(uart_stm32.c.obj)
 .text.uart_stm32_init
                0x080019b8      0x178 zephyr/drivers/serial/libdrivers__serial.a(uart_stm32.c.obj)
 .text.uart_stm32_configure
                0x08001b30      0x104 zephyr/drivers/serial/libdrivers__serial.a(uart_stm32.c.obj)
 .text.uart_stm32_config_get
                0x08001c34       0xa4 zephyr/drivers/serial/libdrivers__serial.a(uart_stm32.c.obj)
 .text.uart_stm32_fifo_fill
                0x08001cd8       0x5c zephyr/drivers/serial/libdrivers__serial.a(uart_stm32.c.obj)
 .text.uart_stm32_fifo_read
                0x08001d34       0x4c zephyr/drivers/serial/libdrivers__serial.a(uart_stm32.c.obj)
 .text.elapsed  0x08001d80       0x40 zephyr/drivers/timer/libdrivers__timer.a(cortex_m_systick.c.obj)
 .text.sys_clock_driver_init
                0x08001dc0       0x3c zephyr/drivers/timer/libdrivers__timer.a(cortex_m_systick.c.obj)
 .text.sys_clock_isr
                0x08001dfc       0x4c zephyr/drivers/timer/libdrivers__timer.a(cortex_m_systick.c.obj)
                0x08001dfc                sys_clock_isr
 .text.sys_clock_set_timeout
                0x08001e48       0xf4 zephyr/drivers/timer/libdrivers__timer.a(cortex_m_systick.c.obj)
                0x08001e48                sys_clock_set_timeout
 .text.sys_clock_elapsed
                0x08001f3c       0x34 zephyr/drivers/timer/libdrivers__timer.a(cortex_m_systick.c.obj)
                0x08001f3c                sys_clock_elapsed
 .text.HAL_RCC_GetSysClockFreq
                0x08001f70       0x6c modules/hal_stm32/stm32cube/lib..__modules__hal__stm32__stm32cube.a(stm32f0xx_hal_rcc.c.obj)
                0x08001f70                HAL_RCC_GetSysClockFreq
 .text.LL_SetFlashLatency
                0x08001fdc       0x38 modules/hal_stm32/stm32cube/lib..__modules__hal__stm32__stm32cube.a(stm32f0xx_ll_utils.c.obj)
                0x08001fdc                LL_SetFlashLatency
 .text.z_fatal_error
                0x08002014       0x28 zephyr/kernel/libkernel.a(fatal.c.obj)
                0x08002014                z_fatal_error
 .text.z_sys_init_run_level
                0x0800203c       0x34 zephyr/kernel/libkernel.a(init.c.obj)
 .text.bg_thread_main
                0x08002070       0xa8 zephyr/kernel/libkernel.a(init.c.obj)
 .text.z_init_cpu
                0x08002118       0x68 zephyr/kernel/libkernel.a(init.c.obj)
                0x08002118                z_init_cpu
 .text.z_cstart
                0x08002180       0xb0 zephyr/kernel/libkernel.a(init.c.obj)
                0x08002180                z_cstart
 .text.z_setup_new_thread
                0x08002230       0x74 zephyr/kernel/libkernel.a(thread.c.obj)
                0x08002230                z_setup_new_thread
 .text.z_dummy_thread_init
                0x080022a4       0x14 zephyr/kernel/libkernel.a(thread.c.obj)
                0x080022a4                z_dummy_thread_init
 .text.z_swap_irqlock
                0x080022b8       0x2c zephyr/kernel/libkernel.a(sched.c.obj)
 .text.ready_thread
                0x080022e4       0x88 zephyr/kernel/libkernel.a(sched.c.obj)
 .text.unready_thread
                0x0800236c       0x58 zephyr/kernel/libkernel.a(sched.c.obj)
 .text.reschedule.isra.0
                0x080023c4       0x2c zephyr/kernel/libkernel.a(sched.c.obj)
 .text.move_current_to_end_of_prio_q
                0x080023f0       0x74 zephyr/kernel/libkernel.a(sched.c.obj)
                0x080023f0                move_current_to_end_of_prio_q
 .text.k_sched_lock
                0x08002464       0x20 zephyr/kernel/libkernel.a(sched.c.obj)
                0x08002464                k_sched_lock
 .text.k_sched_unlock
                0x08002484       0x50 zephyr/kernel/libkernel.a(sched.c.obj)
                0x08002484                k_sched_unlock
 .text.z_sched_init
                0x080024d4       0x14 zephyr/kernel/libkernel.a(sched.c.obj)
                0x080024d4                z_sched_init
 .text.z_impl_k_yield
                0x080024e8       0x80 zephyr/kernel/libkernel.a(sched.c.obj)
                0x080024e8                z_impl_k_yield
 .text.z_tick_sleep
                0x08002568       0x74 zephyr/kernel/libkernel.a(sched.c.obj)
 .text.z_impl_k_sched_current_thread_query
                0x080025dc        0xc zephyr/kernel/libkernel.a(sched.c.obj)
                0x080025dc                z_impl_k_sched_current_thread_query
 .text.z_thread_abort
                0x080025e8      0x124 zephyr/kernel/libkernel.a(sched.c.obj)
                0x080025e8                z_thread_abort
 .text.z_time_slice_size
                0x0800270c       0x44 zephyr/kernel/libkernel.a(timeslicing.c.obj)
 .text.slice_timeout
                0x08002750       0x20 zephyr/kernel/libkernel.a(timeslicing.c.obj)
 .text.z_reset_time_slice
                0x08002770       0x44 zephyr/kernel/libkernel.a(timeslicing.c.obj)
                0x08002770                z_reset_time_slice
 .text.z_time_slice
                0x080027b4       0x58 zephyr/kernel/libkernel.a(timeslicing.c.obj)
                0x080027b4                z_time_slice
 .text.first    0x0800280c       0x10 zephyr/kernel/libkernel.a(timeout.c.obj)
 .text.next_timeout
                0x0800281c       0x34 zephyr/kernel/libkernel.a(timeout.c.obj)
 .text.elapsed  0x08002850       0x18 zephyr/kernel/libkernel.a(timeout.c.obj)
 .text.remove_timeout
                0x08002868       0x38 zephyr/kernel/libkernel.a(timeout.c.obj)
 .text.z_add_timeout
                0x080028a0      0x120 zephyr/kernel/libkernel.a(timeout.c.obj)
                0x080028a0                z_add_timeout
 .text.sys_clock_announce_locked
                0x080029c0       0xd4 zephyr/kernel/libkernel.a(timeout.c.obj)
                0x080029c0                sys_clock_announce_locked
 .text.sys_clock_tick_get
                0x08002a94       0x2c zephyr/kernel/libkernel.a(timeout.c.obj)
                0x08002a94                sys_clock_tick_get
 .text.boot_banner
                0x08002ac0       0x10 zephyr/kernel/libkernel.a(banner.c.obj)
                0x08002ac0                boot_banner
 .text.__l_vfprintf
                0x08002ad0      0x484 C:/Users/justin/zephyr-sdk-1.0.1/gnu/arm-zephyr-eabi/bin/../lib/gcc/arm-zephyr-eabi/14.3.0/../../../../arm-zephyr-eabi/lib/thumb/v6-m/nofp/space\libc.a(libc_tinystdio_vflprintf.c.o)
                0x08002ad0                __l_vfprintf
 .text._OffsetAbsSyms
                0x08002f54        0x2 zephyr/CMakeFiles/offsets.dir/./arch/arm/core/offsets/offsets.c.obj
                0x08002f54                _OffsetAbsSyms
 .text.k_msleep.isra.0
                0x08002f56       0x12 app/libapp.a(main.c.obj)
 .text.motor_set
                0x08002f68        0xc app/libapp.a(motors.c.obj)
                0x08002f68                motor_set
 .text.mecanum_drive
                0x08002f74       0x56 app/libapp.a(motors.c.obj)
                0x08002f74                mecanum_drive
 .text.chunk_size
                0x08002fca        0xa zephyr/libzephyr.a(heap.c.obj)
 .text.free_list_add
                0x08002fd4       0x4e zephyr/libzephyr.a(heap.c.obj)
 .text.sys_heap_init
                0x08003022       0x80 zephyr/libzephyr.a(heap.c.obj)
                0x08003022                sys_heap_init
 .text.arch_printk_char_out
                0x080030a2        0x4 zephyr/libzephyr.a(printk.c.obj)
                0x080030a2                arch_printk_char_out
 .text.printk   0x080030a6       0x16 zephyr/libzephyr.a(printk.c.obj)
                0x080030a6                printk
 .text._ConfigAbsSyms
                0x080030bc        0x2 zephyr/libzephyr.a(configs.c.obj)
                0x080030bc                _ConfigAbsSyms
 .text.stm32_gpioport_configure_pin
                0x080030be       0xa4 zephyr/libzephyr.a(gpioport_mgr.c.obj)
                0x080030be                stm32_gpioport_configure_pin
 .text.arch_early_memset
                0x08003162        0x8 zephyr/arch/common/libarch__common.a(init.c.obj)
                0x08003162                arch_early_memset
 .text.arch_early_memcpy
                0x0800316a        0x8 zephyr/arch/common/libarch__common.a(init.c.obj)
                0x0800316a                arch_early_memcpy
 .text.z_do_kernel_oops
                0x08003172        0xc zephyr/arch/arch/arm/core/libarch__arm__core.a(fatal.c.obj)
                0x08003172                z_do_kernel_oops
 .text.z_arm_nmi
                0x0800317e        0xc zephyr/arch/arch/arm/core/libarch__arm__core.a(nmi.c.obj)
                0x0800317e                z_arm_nmi
 .text.z_irq_spurious
                0x0800318a        0xc zephyr/arch/arch/arm/core/cortex_m/libarch__arm__core__cortex_m.a(irq_manage.c.obj)
                0x0800318a                z_irq_spurious
 .text.z_prep_c
                0x08003196       0x16 zephyr/arch/arch/arm/core/cortex_m/libarch__arm__core__cortex_m.a(prep_c.c.obj)
                0x08003196                z_prep_c
 .text.arch_coprocessors_disable
                0x080031ac        0x6 zephyr/arch/arch/arm/core/cortex_m/libarch__arm__core__cortex_m.a(thread.c.obj)
                0x080031ac                arch_coprocessors_disable
 .text.arch_irq_unlock_outlined
                0x080031b2        0xc zephyr/arch/arch/arm/core/cortex_m/libarch__arm__core__cortex_m.a(thread.c.obj)
                0x080031b2                arch_irq_unlock_outlined
 .text.arch_cpu_idle
                0x080031be        0xe zephyr/arch/arch/arm/core/cortex_m/libarch__arm__core__cortex_m.a(cpu_idle.c.obj)
                0x080031be                arch_cpu_idle
 .text.picolibc_put
                0x080031cc        0xa zephyr/lib/libc/picolibc/liblib__libc__picolibc.a(stdio.c.obj)
 .text.stm32_gpio_intc_get_pin_irq_line
                0x080031d6        0xa zephyr/drivers/interrupt_controller/libdrivers__interrupt_controller.a(intc_gpio_stm32.c.obj)
                0x080031d6                stm32_gpio_intc_get_pin_irq_line
 .text.enabled_clock
                0x080031e0       0x1e zephyr/drivers/clock_control/libdrivers__clock_control.a(clock_stm32_ll_common.c.obj)
                0x080031e0                enabled_clock
 .text.config_regulator_voltage
                0x080031fe        0x2 zephyr/drivers/clock_control/libdrivers__clock_control.a(clock_stm32_ll_common.c.obj)
                0x080031fe                config_regulator_voltage
 .text.gpio_stm32_port_get_raw
                0x08003200        0xc zephyr/drivers/gpio/libdrivers__gpio.a(gpio_stm32.c.obj)
 .text.gpio_stm32_port_set_masked_raw
                0x0800320c       0x12 zephyr/drivers/gpio/libdrivers__gpio.a(gpio_stm32.c.obj)
 .text.gpio_stm32_port_set_bits_raw
                0x0800321e        0xa zephyr/drivers/gpio/libdrivers__gpio.a(gpio_stm32.c.obj)
 .text.gpio_stm32_port_clear_bits_raw
                0x08003228        0xa zephyr/drivers/gpio/libdrivers__gpio.a(gpio_stm32.c.obj)
 .text.gpio_stm32_port_toggle_bits
                0x08003232        0xe zephyr/drivers/gpio/libdrivers__gpio.a(gpio_stm32.c.obj)
 .text.gpio_stm32_manage_callback
                0x08003240       0x5a zephyr/drivers/gpio/libdrivers__gpio.a(gpio_stm32.c.obj)
 .text.gpio_stm32_config
                0x0800329a       0xee zephyr/drivers/gpio/libdrivers__gpio.a(gpio_stm32.c.obj)
 .text.gpio_stm32_isr
                0x08003388       0x32 zephyr/drivers/gpio/libdrivers__gpio.a(gpio_stm32.c.obj)
 .text.pinctrl_lookup_state
                0x080033ba       0x26 zephyr/drivers/pinctrl/libdrivers__pinctrl.a(common.c.obj)
                0x080033ba                pinctrl_lookup_state
 .text.pinctrl_configure_pins
                0x080033e0       0x82 zephyr/drivers/pinctrl/libdrivers__pinctrl.a(pinctrl_stm32.c.obj)
                0x080033e0                pinctrl_configure_pins
 .text.LL_TIM_OC_SetCompareCH1
                0x08003462        0x4 zephyr/drivers/pwm/libdrivers__pwm.a(pwm_stm32.c.obj)
 .text.LL_TIM_OC_SetCompareCH2
                0x08003466        0x4 zephyr/drivers/pwm/libdrivers__pwm.a(pwm_stm32.c.obj)
 .text.LL_TIM_OC_SetCompareCH3
                0x0800346a        0x4 zephyr/drivers/pwm/libdrivers__pwm.a(pwm_stm32.c.obj)
 .text.LL_TIM_OC_SetCompareCH4
                0x0800346e        0x4 zephyr/drivers/pwm/libdrivers__pwm.a(pwm_stm32.c.obj)
 .text.pwm_stm32_get_cycles_per_sec
                0x08003472       0x1a zephyr/drivers/pwm/libdrivers__pwm.a(pwm_stm32.c.obj)
 .text.reset_stm32_status
                0x0800348c       0x20 zephyr/drivers/reset/libdrivers__reset.a(reset_stm32.c.obj)
 .text.reset_stm32_line_assert
                0x080034ac       0x1c zephyr/drivers/reset/libdrivers__reset.a(reset_stm32.c.obj)
 .text.reset_stm32_line_deassert
                0x080034c8       0x1c zephyr/drivers/reset/libdrivers__reset.a(reset_stm32.c.obj)
 .text.reset_stm32_line_toggle
                0x080034e4       0x16 zephyr/drivers/reset/libdrivers__reset.a(reset_stm32.c.obj)
 .text.uart_stm32_ll2cfg_databits
                0x080034fa       0x2c zephyr/drivers/serial/libdrivers__serial.a(uart_stm32.c.obj)
 .text.uart_stm32_err_check
                0x08003526       0x5a zephyr/drivers/serial/libdrivers__serial.a(uart_stm32.c.obj)
 .text.uart_stm32_irq_tx_enable
                0x08003580       0x1c zephyr/drivers/serial/libdrivers__serial.a(uart_stm32.c.obj)
 .text.uart_stm32_irq_tx_disable
                0x0800359c       0x1c zephyr/drivers/serial/libdrivers__serial.a(uart_stm32.c.obj)
 .text.uart_stm32_irq_rx_enable
                0x080035b8       0x1c zephyr/drivers/serial/libdrivers__serial.a(uart_stm32.c.obj)
 .text.uart_stm32_irq_rx_disable
                0x080035d4       0x1c zephyr/drivers/serial/libdrivers__serial.a(uart_stm32.c.obj)
 .text.uart_stm32_irq_rx_ready
                0x080035f0        0xc zephyr/drivers/serial/libdrivers__serial.a(uart_stm32.c.obj)
 .text.uart_stm32_irq_update
                0x080035fc        0x4 zephyr/drivers/serial/libdrivers__serial.a(uart_stm32.c.obj)
 .text.uart_stm32_irq_callback_set
                0x08003600        0x8 zephyr/drivers/serial/libdrivers__serial.a(uart_stm32.c.obj)
 .text.uart_stm32_isr
                0x08003608       0x10 zephyr/drivers/serial/libdrivers__serial.a(uart_stm32.c.obj)
 .text.uart_stm32_irq_config_func_0
                0x08003618       0x14 zephyr/drivers/serial/libdrivers__serial.a(uart_stm32.c.obj)
 .text.uart_stm32_irq_config_func_1
                0x0800362c       0x14 zephyr/drivers/serial/libdrivers__serial.a(uart_stm32.c.obj)
 .text.uart_stm32_irq_tx_complete
                0x08003640        0xc zephyr/drivers/serial/libdrivers__serial.a(uart_stm32.c.obj)
 .text.uart_stm32_irq_tx_ready
                0x0800364c       0x14 zephyr/drivers/serial/libdrivers__serial.a(uart_stm32.c.obj)
 .text.uart_stm32_poll_out
                0x08003660       0x36 zephyr/drivers/serial/libdrivers__serial.a(uart_stm32.c.obj)
 .text.uart_stm32_irq_is_pending
                0x08003696       0x24 zephyr/drivers/serial/libdrivers__serial.a(uart_stm32.c.obj)
 .text.uart_stm32_poll_in
                0x080036ba       0x22 zephyr/drivers/serial/libdrivers__serial.a(uart_stm32.c.obj)
 .text.do_device_init
                0x080036dc       0x32 zephyr/kernel/libkernel.a(device.c.obj)
                0x080036dc                do_device_init
 .text.z_impl_device_is_ready
                0x0800370e       0x18 zephyr/kernel/libkernel.a(device.c.obj)
                0x0800370e                z_impl_device_is_ready
 .text.arch_system_halt
                0x08003726        0x8 zephyr/kernel/libkernel.a(fatal.c.obj)
                0x08003726                arch_system_halt
 .text.k_sys_fatal_error_handler
                0x0800372e        0x6 zephyr/kernel/libkernel.a(fatal.c.obj)
                0x0800372e                k_sys_fatal_error_handler
 .text.idle     0x08003734        0xe zephyr/kernel/libkernel.a(idle.c.obj)
                0x08003734                idle
 .text.sys_dlist_remove
                0x08003742       0x10 zephyr/kernel/libkernel.a(sched.c.obj)
 .text.unpend_thread_no_timeout
                0x08003752       0x16 zephyr/kernel/libkernel.a(sched.c.obj)
 .text.z_ready_thread
                0x08003768       0x18 zephyr/kernel/libkernel.a(sched.c.obj)
                0x08003768                z_ready_thread
 .text.z_sched_wake_thread_locked
                0x08003780       0x26 zephyr/kernel/libkernel.a(sched.c.obj)
                0x08003780                z_sched_wake_thread_locked
 .text.z_thread_timeout
                0x080037a6       0x1a zephyr/kernel/libkernel.a(sched.c.obj)
                0x080037a6                z_thread_timeout
 .text.z_impl_k_sleep
                0x080037c0       0x2c zephyr/kernel/libkernel.a(sched.c.obj)
                0x080037c0                z_impl_k_sleep
 .text.z_impl_k_wakeup
                0x080037ec       0x38 zephyr/kernel/libkernel.a(sched.c.obj)
                0x080037ec                z_impl_k_wakeup
 .text.z_abort_timeout
                0x08003824       0x68 zephyr/kernel/libkernel.a(timeout.c.obj)
                0x08003824                z_abort_timeout
 .text.sys_clock_tick_get_32
                0x0800388c        0x8 zephyr/kernel/libkernel.a(timeout.c.obj)
                0x0800388c                sys_clock_tick_get_32
 .text.z_impl_atomic_cas
                0x08003894       0x26 zephyr/kernel/libkernel.a(atomic_c.c.obj)
                0x08003894                z_impl_atomic_cas
 .text.memcpy   0x080038ba       0x12 C:/Users/justin/zephyr-sdk-1.0.1/gnu/arm-zephyr-eabi/bin/../lib/gcc/arm-zephyr-eabi/14.3.0/../../../../arm-zephyr-eabi/lib/thumb/v6-m/nofp/space\libc.a(memcpy.c.o)
                0x080038ba                __aeabi_memcpy
                0x080038ba                __aeabi_memcpy4
                0x080038ba                __aeabi_memcpy8
                0x080038ba                memcpy
 .text.memset   0x080038cc       0x10 C:/Users/justin/zephyr-sdk-1.0.1/gnu/arm-zephyr-eabi/bin/../lib/gcc/arm-zephyr-eabi/14.3.0/../../../../arm-zephyr-eabi/lib/thumb/v6-m/nofp/space\libc.a(memset.c.o)
                0x080038cc                memset
 .text.strnlen  0x080038dc       0x16 C:/Users/justin/zephyr-sdk-1.0.1/gnu/arm-zephyr-eabi/bin/../lib/gcc/arm-zephyr-eabi/14.3.0/../../../../arm-zephyr-eabi/lib/thumb/v6-m/nofp/space\libc.a(libc_string_strnlen.c.o)
                0x080038dc                strnlen
 .text.__ultoa_invert
                0x080038f2      0x10e C:/Users/justin/zephyr-sdk-1.0.1/gnu/arm-zephyr-eabi/bin/../lib/gcc/arm-zephyr-eabi/14.3.0/../../../../arm-zephyr-eabi/lib/thumb/v6-m/nofp/space\libc.a(libc_tinystdio_vflprintf.c.o)
 *(SORT_BY_ALIGNMENT(.gnu.linkonce.t.*))
 *(SORT_BY_ALIGNMENT(.glue_7t))
 .glue_7t       0x08003a00        0x0 linker stubs
 *(SORT_BY_ALIGNMENT(.glue_7))
 .glue_7        0x08003a00        0x0 linker stubs
 *(SORT_BY_ALIGNMENT(.vfp11_veneer))
 .vfp11_veneer  0x08003a00        0x0 linker stubs
 *(SORT_BY_ALIGNMENT(.v4_bx))
 .v4_bx         0x08003a00        0x0 linker stubs
                0x08003a00                        . = ALIGN (0x4)
                0x08003a00                        __text_region_end = .

.ARM.exidx      0x08003a00        0x8
                0x08003a00                        __exidx_start = .
 *(SORT_BY_ALIGNMENT(.ARM.exidx*) SORT_BY_ALIGNMENT(gnu.linkonce.armexidx.*))
 .ARM.exidx     0x08003a00        0x8 C:/Users/justin/zephyr-sdk-1.0.1/gnu/arm-zephyr-eabi/bin/../lib/gcc/arm-zephyr-eabi/14.3.0/thumb/v6-m/nofp/space\libgcc.a(_udivmoddi4.o)
                0x08003a08                        __exidx_end = .
                0x08003a08                        __rodata_region_start = .

initlevel       0x08003a08       0x98
                0x08003a08                        __init_start = .
                0x08003a08                        __init_EARLY_start = .
 *(SORT_BY_NAME(SORT_BY_ALIGNMENT(.z_init_EARLY_P_?_*)))
 *(SORT_BY_NAME(SORT_BY_ALIGNMENT(.z_init_EARLY_P_??_*)))
 *(SORT_BY_NAME(SORT_BY_ALIGNMENT(.z_init_EARLY_P_???_*)))
                0x08003a08                        __init_PRE_KERNEL_1_start = .
 *(SORT_BY_NAME(SORT_BY_ALIGNMENT(.z_init_PRE_KERNEL_1_P_?_*)))
 .z_init_PRE_KERNEL_1_P_1_SUB_00009_
                0x08003a08        0x8 zephyr/drivers/clock_control/libdrivers__clock_control.a(clock_stm32_ll_common.c.obj)
 .z_init_PRE_KERNEL_1_P_1_SUB_0_
                0x08003a10        0x8 zephyr/libzephyr.a(soc_config.c.obj)
 *(SORT_BY_NAME(SORT_BY_ALIGNMENT(.z_init_PRE_KERNEL_1_P_??_*)))
 .z_init_PRE_KERNEL_1_P_35_SUB_00019_
                0x08003a18        0x8 zephyr/drivers/reset/libdrivers__reset.a(reset_stm32.c.obj)
 .z_init_PRE_KERNEL_1_P_40_SUB_00024_
                0x08003a20        0x8 zephyr/libzephyr.a(gpioport_mgr.c.obj)
 .z_init_PRE_KERNEL_1_P_40_SUB_00027_
                0x08003a28        0x8 zephyr/libzephyr.a(gpioport_mgr.c.obj)
 .z_init_PRE_KERNEL_1_P_40_SUB_00058_
                0x08003a30        0x8 zephyr/libzephyr.a(gpioport_mgr.c.obj)
 .z_init_PRE_KERNEL_1_P_40_SUB_00065_
                0x08003a38        0x8 zephyr/drivers/interrupt_controller/libdrivers__interrupt_controller.a(intc_exti_stm32.c.obj)
 .z_init_PRE_KERNEL_1_P_40_SUB_00089_
                0x08003a40        0x8 zephyr/libzephyr.a(gpioport_mgr.c.obj)
 .z_init_PRE_KERNEL_1_P_40_SUB_00090_
                0x08003a48        0x8 zephyr/libzephyr.a(gpioport_mgr.c.obj)
 .z_init_PRE_KERNEL_1_P_40_SUB_00091_
                0x08003a50        0x8 zephyr/libzephyr.a(gpioport_mgr.c.obj)
 .z_init_PRE_KERNEL_1_P_40_SUB_0_
                0x08003a58        0x8 zephyr/drivers/interrupt_controller/libdrivers__interrupt_controller.a(intc_gpio_stm32.c.obj)
 .z_init_PRE_KERNEL_1_P_50_SUB_00068_
                0x08003a60        0x8 zephyr/drivers/serial/libdrivers__serial.a(uart_stm32.c.obj)
 .z_init_PRE_KERNEL_1_P_50_SUB_00073_
                0x08003a68        0x8 zephyr/drivers/serial/libdrivers__serial.a(uart_stm32.c.obj)
 .z_init_PRE_KERNEL_1_P_60_SUB_0_
                0x08003a70        0x8 zephyr/drivers/console/libdrivers__console.a(uart_console.c.obj)
 *(SORT_BY_NAME(SORT_BY_ALIGNMENT(.z_init_PRE_KERNEL_1_P_???_*)))
                0x08003a78                        __init_PRE_KERNEL_2_start = .
 *(SORT_BY_NAME(SORT_BY_ALIGNMENT(.z_init_PRE_KERNEL_2_P_?_*)))
 .z_init_PRE_KERNEL_2_P_0_SUB_0_
                0x08003a78        0x8 zephyr/drivers/timer/libdrivers__timer.a(cortex_m_systick.c.obj)
 *(SORT_BY_NAME(SORT_BY_ALIGNMENT(.z_init_PRE_KERNEL_2_P_??_*)))
 *(SORT_BY_NAME(SORT_BY_ALIGNMENT(.z_init_PRE_KERNEL_2_P_???_*)))
                0x08003a80                        __init_POST_KERNEL_start = .
 *(SORT_BY_NAME(SORT_BY_ALIGNMENT(.z_init_POST_KERNEL_P_?_*)))
 *(SORT_BY_NAME(SORT_BY_ALIGNMENT(.z_init_POST_KERNEL_P_??_*)))
 .z_init_POST_KERNEL_P_35_SUB_0_
                0x08003a80        0x8 zephyr/lib/libc/common/liblib__libc__common.a(malloc.c.obj)
 .z_init_POST_KERNEL_P_50_SUB_00022_
                0x08003a88        0x8 zephyr/drivers/pwm/libdrivers__pwm.a(pwm_stm32.c.obj)
 .z_init_POST_KERNEL_P_50_SUB_00031_
                0x08003a90        0x8 zephyr/drivers/pwm/libdrivers__pwm.a(pwm_stm32.c.obj)
 .z_init_POST_KERNEL_P_50_SUB_00035_
                0x08003a98        0x8 zephyr/drivers/pwm/libdrivers__pwm.a(pwm_stm32.c.obj)
 *(SORT_BY_NAME(SORT_BY_ALIGNMENT(.z_init_POST_KERNEL_P_???_*)))
                0x08003aa0                        __init_APPLICATION_start = .
 *(SORT_BY_NAME(SORT_BY_ALIGNMENT(.z_init_APPLICATION_P_?_*)))
 *(SORT_BY_NAME(SORT_BY_ALIGNMENT(.z_init_APPLICATION_P_??_*)))
 *(SORT_BY_NAME(SORT_BY_ALIGNMENT(.z_init_APPLICATION_P_???_*)))
                0x08003aa0                        __init_SMP_start = .
 *(SORT_BY_NAME(SORT_BY_ALIGNMENT(.z_init_SMP_P_?_*)))
 *(SORT_BY_NAME(SORT_BY_ALIGNMENT(.z_init_SMP_P_??_*)))
 *(SORT_BY_NAME(SORT_BY_ALIGNMENT(.z_init_SMP_P_???_*)))
                0x08003aa0                        __init_end = .

device_area     0x08003aa0      0x188
                0x08003aa0                        _device_list_start = .
 *(SORT_BY_NAME(SORT_BY_ALIGNMENT(._device.static.*_?_*)))
 ._device.static.1_1_
                0x08003aa0       0x1c zephyr/drivers/clock_control/libdrivers__clock_control.a(clock_stm32_ll_common.c.obj)
                0x08003aa0                __device_dts_ord_9
 *(SORT_BY_NAME(SORT_BY_ALIGNMENT(._device.static.*_??_*)))
 ._device.static.1_35_
                0x08003abc       0x1c zephyr/drivers/reset/libdrivers__reset.a(reset_stm32.c.obj)
                0x08003abc                __device_dts_ord_19
 ._device.static.1_40_
                0x08003ad8       0xa8 zephyr/libzephyr.a(gpioport_mgr.c.obj)
                0x08003ad8                __device_dts_ord_91
                0x08003af4                __device_dts_ord_90
                0x08003b10                __device_dts_ord_89
                0x08003b2c                __device_dts_ord_27
                0x08003b48                __device_dts_ord_24
                0x08003b64                __device_dts_ord_58
 ._device.static.1_40_
                0x08003b80       0x1c zephyr/drivers/interrupt_controller/libdrivers__interrupt_controller.a(intc_exti_stm32.c.obj)
                0x08003b80                __device_dts_ord_65
 ._device.static.1_50_
                0x08003b9c       0x38 zephyr/drivers/serial/libdrivers__serial.a(uart_stm32.c.obj)
                0x08003b9c                __device_dts_ord_68
                0x08003bb8                __device_dts_ord_73
 ._device.static.3_50_
                0x08003bd4       0x54 zephyr/drivers/pwm/libdrivers__pwm.a(pwm_stm32.c.obj)
                0x08003bd4                __device_dts_ord_31
                0x08003bf0                __device_dts_ord_35
                0x08003c0c                __device_dts_ord_22
 *(SORT_BY_NAME(SORT_BY_ALIGNMENT(._device.static.*_???_*)))
 *(SORT_BY_NAME(SORT_BY_ALIGNMENT(._device.static.*_????_*)))
 *(SORT_BY_NAME(SORT_BY_ALIGNMENT(._device.static.*_?????_*)))
                0x08003c28                        _device_list_end = .

sw_isr_table    0x08003c28       0xe8
                0x08003c28                        . = ALIGN (0x4)
 *(SORT_BY_ALIGNMENT(.gnu.linkonce.sw_isr_table*))
 .gnu.linkonce.sw_isr_table
                0x08003c28       0xe8 zephyr/arch/common/libisr_tables.a(isr_tables.c.obj)
                0x08003c28                _sw_isr_table

initlevel_error
 *(SORT_BY_NAME(SORT_BY_ALIGNMENT(.z_init_*)))
                0x00000001                        ASSERT ((SIZEOF (initlevel_error) == 0x0), Undefined initialization levels used.)

app_shmem_regions
                0x08003d10        0x0
                0x08003d10                        __app_shmem_regions_start = .
 *(SORT_BY_NAME(SORT_BY_ALIGNMENT(.app_regions.*)))
                0x08003d10                        __app_shmem_regions_end = .

k_p4wq_initparam_area
                0x08003d10        0x0
                0x08003d10                        _k_p4wq_initparam_list_start = .
 *(SORT_BY_NAME(SORT_BY_ALIGNMENT(._k_p4wq_initparam.static.*)))
                0x08003d10                        _k_p4wq_initparam_list_end = .

_static_thread_data_area
                0x08003d10        0x0
                0x08003d10                        __static_thread_data_list_start = .
 *(SORT_BY_NAME(SORT_BY_ALIGNMENT(.__static_thread_data.static.*)))
                0x08003d10                        __static_thread_data_list_end = .

device_deps     0x08003d10        0x0
                0x08003d10                        __device_deps_start = .
 *(SORT_BY_NAME(SORT_BY_ALIGNMENT(.__device_deps_pass2*)))
                0x08003d10                        __device_deps_end = .

gpio_driver_api_area
                0x08003d10       0x24
                0x08003d10                        _gpio_driver_api_list_start = .
 *(SORT_BY_NAME(SORT_BY_ALIGNMENT(._gpio_driver_api.static.*)))
 ._gpio_driver_api.static.gpio_stm32_driver_
                0x08003d10       0x24 zephyr/drivers/gpio/libdrivers__gpio.a(gpio_stm32.c.obj)
                0x08003d10                gpio_stm32_driver
                0x08003d34                        _gpio_driver_api_list_end = .

pwm_driver_api_area
                0x08003d34        0x8
                0x08003d34                        _pwm_driver_api_list_start = .
 *(SORT_BY_NAME(SORT_BY_ALIGNMENT(._pwm_driver_api.static.*)))
 ._pwm_driver_api.static.pwm_stm32_driver_api_
                0x08003d34        0x8 zephyr/drivers/pwm/libdrivers__pwm.a(pwm_stm32.c.obj)
                0x08003d3c                        _pwm_driver_api_list_end = .

reset_driver_api_area
                0x08003d3c       0x10
                0x08003d3c                        _reset_driver_api_list_start = .
 *(SORT_BY_NAME(SORT_BY_ALIGNMENT(._reset_driver_api.static.*)))
 ._reset_driver_api.static.reset_stm32_driver_api_
                0x08003d3c       0x10 zephyr/drivers/reset/libdrivers__reset.a(reset_stm32.c.obj)
                0x08003d4c                        _reset_driver_api_list_end = .

shared_irq_driver_api_area
                0x08003d4c        0x0
                0x08003d4c                        _shared_irq_driver_api_list_start = .
 *(SORT_BY_NAME(SORT_BY_ALIGNMENT(._shared_irq_driver_api.static.*)))
                0x08003d4c                        _shared_irq_driver_api_list_end = .

crypto_driver_api_area
                0x08003d4c        0x0
                0x08003d4c                        _crypto_driver_api_list_start = .
 *(SORT_BY_NAME(SORT_BY_ALIGNMENT(._crypto_driver_api.static.*)))
                0x08003d4c                        _crypto_driver_api_list_end = .

adc_driver_api_area
                0x08003d4c        0x0
                0x08003d4c                        _adc_driver_api_list_start = .
 *(SORT_BY_NAME(SORT_BY_ALIGNMENT(._adc_driver_api.static.*)))
                0x08003d4c                        _adc_driver_api_list_end = .

auxdisplay_driver_api_area
                0x08003d4c        0x0
                0x08003d4c                        _auxdisplay_driver_api_list_start = .
 *(SORT_BY_NAME(SORT_BY_ALIGNMENT(._auxdisplay_driver_api.static.*)))
                0x08003d4c                        _auxdisplay_driver_api_list_end = .

bbram_driver_api_area
                0x08003d4c        0x0
                0x08003d4c                        _bbram_driver_api_list_start = .
 *(SORT_BY_NAME(SORT_BY_ALIGNMENT(._bbram_driver_api.static.*)))
                0x08003d4c                        _bbram_driver_api_list_end = .

biometric_driver_api_area
                0x08003d4c        0x0
                0x08003d4c                        _biometric_driver_api_list_start = .
 *(SORT_BY_NAME(SORT_BY_ALIGNMENT(._biometric_driver_api.static.*)))
                0x08003d4c                        _biometric_driver_api_list_end = .

bt_hci_driver_api_area
                0x08003d4c        0x0
                0x08003d4c                        _bt_hci_driver_api_list_start = .
 *(SORT_BY_NAME(SORT_BY_ALIGNMENT(._bt_hci_driver_api.static.*)))
                0x08003d4c                        _bt_hci_driver_api_list_end = .

can_driver_api_area
                0x08003d4c        0x0
                0x08003d4c                        _can_driver_api_list_start = .
 *(SORT_BY_NAME(SORT_BY_ALIGNMENT(._can_driver_api.static.*)))
                0x08003d4c                        _can_driver_api_list_end = .

cellular_driver_api_area
                0x08003d4c        0x0
                0x08003d4c                        _cellular_driver_api_list_start = .
 *(SORT_BY_NAME(SORT_BY_ALIGNMENT(._cellular_driver_api.static.*)))
                0x08003d4c                        _cellular_driver_api_list_end = .

charger_driver_api_area
                0x08003d4c        0x0
                0x08003d4c                        _charger_driver_api_list_start = .
 *(SORT_BY_NAME(SORT_BY_ALIGNMENT(._charger_driver_api.static.*)))
                0x08003d4c                        _charger_driver_api_list_end = .

clock_control_driver_api_area
                0x08003d4c       0x1c
                0x08003d4c                        _clock_control_driver_api_list_start = .
 *(SORT_BY_NAME(SORT_BY_ALIGNMENT(._clock_control_driver_api.static.*)))
 ._clock_control_driver_api.static.stm32_clock_control_api_
                0x08003d4c       0x1c zephyr/drivers/clock_control/libdrivers__clock_control.a(clock_stm32_ll_common.c.obj)
                0x08003d68                        _clock_control_driver_api_list_end = .

comparator_driver_api_area
                0x08003d68        0x0
                0x08003d68                        _comparator_driver_api_list_start = .
 *(SORT_BY_NAME(SORT_BY_ALIGNMENT(._comparator_driver_api.static.*)))
                0x08003d68                        _comparator_driver_api_list_end = .

coredump_driver_api_area
                0x08003d68        0x0
                0x08003d68                        _coredump_driver_api_list_start = .
 *(SORT_BY_NAME(SORT_BY_ALIGNMENT(._coredump_driver_api.static.*)))
                0x08003d68                        _coredump_driver_api_list_end = .

counter_driver_api_area
                0x08003d68        0x0
                0x08003d68                        _counter_driver_api_list_start = .
 *(SORT_BY_NAME(SORT_BY_ALIGNMENT(._counter_driver_api.static.*)))
                0x08003d68                        _counter_driver_api_list_end = .

crc_driver_api_area
                0x08003d68        0x0
                0x08003d68                        _crc_driver_api_list_start = .
 *(SORT_BY_NAME(SORT_BY_ALIGNMENT(._crc_driver_api.static.*)))
                0x08003d68                        _crc_driver_api_list_end = .

dac_driver_api_area
                0x08003d68        0x0
                0x08003d68                        _dac_driver_api_list_start = .
 *(SORT_BY_NAME(SORT_BY_ALIGNMENT(._dac_driver_api.static.*)))
                0x08003d68                        _dac_driver_api_list_end = .

dai_driver_api_area
                0x08003d68        0x0
                0x08003d68                        _dai_driver_api_list_start = .
 *(SORT_BY_NAME(SORT_BY_ALIGNMENT(._dai_driver_api.static.*)))
                0x08003d68                        _dai_driver_api_list_end = .

display_driver_api_area
                0x08003d68        0x0
                0x08003d68                        _display_driver_api_list_start = .
 *(SORT_BY_NAME(SORT_BY_ALIGNMENT(._display_driver_api.static.*)))
                0x08003d68                        _display_driver_api_list_end = .

dma_driver_api_area
                0x08003d68        0x0
                0x08003d68                        _dma_driver_api_list_start = .
 *(SORT_BY_NAME(SORT_BY_ALIGNMENT(._dma_driver_api.static.*)))
                0x08003d68                        _dma_driver_api_list_end = .

edac_driver_api_area
                0x08003d68        0x0
                0x08003d68                        _edac_driver_api_list_start = .
 *(SORT_BY_NAME(SORT_BY_ALIGNMENT(._edac_driver_api.static.*)))
                0x08003d68                        _edac_driver_api_list_end = .

eeprom_driver_api_area
                0x08003d68        0x0
                0x08003d68                        _eeprom_driver_api_list_start = .
 *(SORT_BY_NAME(SORT_BY_ALIGNMENT(._eeprom_driver_api.static.*)))
                0x08003d68                        _eeprom_driver_api_list_end = .

emul_bbram_driver_api_area
                0x08003d68        0x0
                0x08003d68                        _emul_bbram_driver_api_list_start = .
 *(SORT_BY_NAME(SORT_BY_ALIGNMENT(._emul_bbram_driver_api.static.*)))
                0x08003d68                        _emul_bbram_driver_api_list_end = .

fuel_gauge_emul_driver_api_area
                0x08003d68        0x0
                0x08003d68                        _fuel_gauge_emul_driver_api_list_start = .
 *(SORT_BY_NAME(SORT_BY_ALIGNMENT(._fuel_gauge_emul_driver_api.static.*)))
                0x08003d68                        _fuel_gauge_emul_driver_api_list_end = .

emul_sensor_driver_api_area
                0x08003d68        0x0
                0x08003d68                        _emul_sensor_driver_api_list_start = .
 *(SORT_BY_NAME(SORT_BY_ALIGNMENT(._emul_sensor_driver_api.static.*)))
                0x08003d68                        _emul_sensor_driver_api_list_end = .

entropy_driver_api_area
                0x08003d68        0x0
                0x08003d68                        _entropy_driver_api_list_start = .
 *(SORT_BY_NAME(SORT_BY_ALIGNMENT(._entropy_driver_api.static.*)))
                0x08003d68                        _entropy_driver_api_list_end = .

espi_driver_api_area
                0x08003d68        0x0
                0x08003d68                        _espi_driver_api_list_start = .
 *(SORT_BY_NAME(SORT_BY_ALIGNMENT(._espi_driver_api.static.*)))
                0x08003d68                        _espi_driver_api_list_end = .

espi_saf_driver_api_area
                0x08003d68        0x0
                0x08003d68                        _espi_saf_driver_api_list_start = .
 *(SORT_BY_NAME(SORT_BY_ALIGNMENT(._espi_saf_driver_api.static.*)))
                0x08003d68                        _espi_saf_driver_api_list_end = .

flash_driver_api_area
                0x08003d68        0x0
                0x08003d68                        _flash_driver_api_list_start = .
 *(SORT_BY_NAME(SORT_BY_ALIGNMENT(._flash_driver_api.static.*)))
                0x08003d68                        _flash_driver_api_list_end = .

fpga_driver_api_area
                0x08003d68        0x0
                0x08003d68                        _fpga_driver_api_list_start = .
 *(SORT_BY_NAME(SORT_BY_ALIGNMENT(._fpga_driver_api.static.*)))
                0x08003d68                        _fpga_driver_api_list_end = .

fuel_gauge_driver_api_area
                0x08003d68        0x0
                0x08003d68                        _fuel_gauge_driver_api_list_start = .
 *(SORT_BY_NAME(SORT_BY_ALIGNMENT(._fuel_gauge_driver_api.static.*)))
                0x08003d68                        _fuel_gauge_driver_api_list_end = .

gnss_driver_api_area
                0x08003d68        0x0
                0x08003d68                        _gnss_driver_api_list_start = .
 *(SORT_BY_NAME(SORT_BY_ALIGNMENT(._gnss_driver_api.static.*)))
                0x08003d68                        _gnss_driver_api_list_end = .

haptics_driver_api_area
                0x08003d68        0x0
                0x08003d68                        _haptics_driver_api_list_start = .
 *(SORT_BY_NAME(SORT_BY_ALIGNMENT(._haptics_driver_api.static.*)))
                0x08003d68                        _haptics_driver_api_list_end = .

hwspinlock_driver_api_area
                0x08003d68        0x0
                0x08003d68                        _hwspinlock_driver_api_list_start = .
 *(SORT_BY_NAME(SORT_BY_ALIGNMENT(._hwspinlock_driver_api.static.*)))
                0x08003d68                        _hwspinlock_driver_api_list_end = .

i2c_driver_api_area
                0x08003d68        0x0
                0x08003d68                        _i2c_driver_api_list_start = .
 *(SORT_BY_NAME(SORT_BY_ALIGNMENT(._i2c_driver_api.static.*)))
                0x08003d68                        _i2c_driver_api_list_end = .

i2c_target_driver_api_area
                0x08003d68        0x0
                0x08003d68                        _i2c_target_driver_api_list_start = .
 *(SORT_BY_NAME(SORT_BY_ALIGNMENT(._i2c_target_driver_api.static.*)))
                0x08003d68                        _i2c_target_driver_api_list_end = .

i2s_driver_api_area
                0x08003d68        0x0
                0x08003d68                        _i2s_driver_api_list_start = .
 *(SORT_BY_NAME(SORT_BY_ALIGNMENT(._i2s_driver_api.static.*)))
                0x08003d68                        _i2s_driver_api_list_end = .

i3c_driver_api_area
                0x08003d68        0x0
                0x08003d68                        _i3c_driver_api_list_start = .
 *(SORT_BY_NAME(SORT_BY_ALIGNMENT(._i3c_driver_api.static.*)))
                0x08003d68                        _i3c_driver_api_list_end = .

ipm_driver_api_area
                0x08003d68        0x0
                0x08003d68                        _ipm_driver_api_list_start = .
 *(SORT_BY_NAME(SORT_BY_ALIGNMENT(._ipm_driver_api.static.*)))
                0x08003d68                        _ipm_driver_api_list_end = .

led_driver_api_area
                0x08003d68        0x0
                0x08003d68                        _led_driver_api_list_start = .
 *(SORT_BY_NAME(SORT_BY_ALIGNMENT(._led_driver_api.static.*)))
                0x08003d68                        _led_driver_api_list_end = .

led_strip_driver_api_area
                0x08003d68        0x0
                0x08003d68                        _led_strip_driver_api_list_start = .
 *(SORT_BY_NAME(SORT_BY_ALIGNMENT(._led_strip_driver_api.static.*)))
                0x08003d68                        _led_strip_driver_api_list_end = .

lora_driver_api_area
                0x08003d68        0x0
                0x08003d68                        _lora_driver_api_list_start = .
 *(SORT_BY_NAME(SORT_BY_ALIGNMENT(._lora_driver_api.static.*)))
                0x08003d68                        _lora_driver_api_list_end = .

mbox_driver_api_area
                0x08003d68        0x0
                0x08003d68                        _mbox_driver_api_list_start = .
 *(SORT_BY_NAME(SORT_BY_ALIGNMENT(._mbox_driver_api.static.*)))
                0x08003d68                        _mbox_driver_api_list_end = .

mdio_driver_api_area
                0x08003d68        0x0
                0x08003d68                        _mdio_driver_api_list_start = .
 *(SORT_BY_NAME(SORT_BY_ALIGNMENT(._mdio_driver_api.static.*)))
                0x08003d68                        _mdio_driver_api_list_end = .

mipi_dbi_driver_api_area
                0x08003d68        0x0
                0x08003d68                        _mipi_dbi_driver_api_list_start = .
 *(SORT_BY_NAME(SORT_BY_ALIGNMENT(._mipi_dbi_driver_api.static.*)))
                0x08003d68                        _mipi_dbi_driver_api_list_end = .

mipi_dsi_driver_api_area
                0x08003d68        0x0
                0x08003d68                        _mipi_dsi_driver_api_list_start = .
 *(SORT_BY_NAME(SORT_BY_ALIGNMENT(._mipi_dsi_driver_api.static.*)))
                0x08003d68                        _mipi_dsi_driver_api_list_end = .

mspi_driver_api_area
                0x08003d68        0x0
                0x08003d68                        _mspi_driver_api_list_start = .
 *(SORT_BY_NAME(SORT_BY_ALIGNMENT(._mspi_driver_api.static.*)))
                0x08003d68                        _mspi_driver_api_list_end = .

opamp_driver_api_area
                0x08003d68        0x0
                0x08003d68                        _opamp_driver_api_list_start = .
 *(SORT_BY_NAME(SORT_BY_ALIGNMENT(._opamp_driver_api.static.*)))
                0x08003d68                        _opamp_driver_api_list_end = .

otp_driver_api_area
                0x08003d68        0x0
                0x08003d68                        _otp_driver_api_list_start = .
 *(SORT_BY_NAME(SORT_BY_ALIGNMENT(._otp_driver_api.static.*)))
                0x08003d68                        _otp_driver_api_list_end = .

peci_driver_api_area
                0x08003d68        0x0
                0x08003d68                        _peci_driver_api_list_start = .
 *(SORT_BY_NAME(SORT_BY_ALIGNMENT(._peci_driver_api.static.*)))
                0x08003d68                        _peci_driver_api_list_end = .

ps2_driver_api_area
                0x08003d68        0x0
                0x08003d68                        _ps2_driver_api_list_start = .
 *(SORT_BY_NAME(SORT_BY_ALIGNMENT(._ps2_driver_api.static.*)))
                0x08003d68                        _ps2_driver_api_list_end = .

ptp_clock_driver_api_area
                0x08003d68        0x0
                0x08003d68                        _ptp_clock_driver_api_list_start = .
 *(SORT_BY_NAME(SORT_BY_ALIGNMENT(._ptp_clock_driver_api.static.*)))
                0x08003d68                        _ptp_clock_driver_api_list_end = .

regulator_parent_driver_api_area
                0x08003d68        0x0
                0x08003d68                        _regulator_parent_driver_api_list_start = .
 *(SORT_BY_NAME(SORT_BY_ALIGNMENT(._regulator_parent_driver_api.static.*)))
                0x08003d68                        _regulator_parent_driver_api_list_end = .

regulator_driver_api_area
                0x08003d68        0x0
                0x08003d68                        _regulator_driver_api_list_start = .
 *(SORT_BY_NAME(SORT_BY_ALIGNMENT(._regulator_driver_api.static.*)))
                0x08003d68                        _regulator_driver_api_list_end = .

retained_mem_driver_api_area
                0x08003d68        0x0
                0x08003d68                        _retained_mem_driver_api_list_start = .
 *(SORT_BY_NAME(SORT_BY_ALIGNMENT(._retained_mem_driver_api.static.*)))
                0x08003d68                        _retained_mem_driver_api_list_end = .

rtc_driver_api_area
                0x08003d68        0x0
                0x08003d68                        _rtc_driver_api_list_start = .
 *(SORT_BY_NAME(SORT_BY_ALIGNMENT(._rtc_driver_api.static.*)))
                0x08003d68                        _rtc_driver_api_list_end = .

sdhc_driver_api_area
                0x08003d68        0x0
                0x08003d68                        _sdhc_driver_api_list_start = .
 *(SORT_BY_NAME(SORT_BY_ALIGNMENT(._sdhc_driver_api.static.*)))
                0x08003d68                        _sdhc_driver_api_list_end = .

sensor_driver_api_area
                0x08003d68        0x0
                0x08003d68                        _sensor_driver_api_list_start = .
 *(SORT_BY_NAME(SORT_BY_ALIGNMENT(._sensor_driver_api.static.*)))
                0x08003d68                        _sensor_driver_api_list_end = .

smbus_driver_api_area
                0x08003d68        0x0
                0x08003d68                        _smbus_driver_api_list_start = .
 *(SORT_BY_NAME(SORT_BY_ALIGNMENT(._smbus_driver_api.static.*)))
                0x08003d68                        _smbus_driver_api_list_end = .

spi_driver_api_area
                0x08003d68        0x0
                0x08003d68                        _spi_driver_api_list_start = .
 *(SORT_BY_NAME(SORT_BY_ALIGNMENT(._spi_driver_api.static.*)))
                0x08003d68                        _spi_driver_api_list_end = .

syscon_driver_api_area
                0x08003d68        0x0
                0x08003d68                        _syscon_driver_api_list_start = .
 *(SORT_BY_NAME(SORT_BY_ALIGNMENT(._syscon_driver_api.static.*)))
                0x08003d68                        _syscon_driver_api_list_end = .

tee_driver_api_area
                0x08003d68        0x0
                0x08003d68                        _tee_driver_api_list_start = .
 *(SORT_BY_NAME(SORT_BY_ALIGNMENT(._tee_driver_api.static.*)))
                0x08003d68                        _tee_driver_api_list_end = .

uaol_driver_api_area
                0x08003d68        0x0
                0x08003d68                        _uaol_driver_api_list_start = .
 *(SORT_BY_NAME(SORT_BY_ALIGNMENT(._uaol_driver_api.static.*)))
                0x08003d68                        _uaol_driver_api_list_end = .

video_driver_api_area
                0x08003d68        0x0
                0x08003d68                        _video_driver_api_list_start = .
 *(SORT_BY_NAME(SORT_BY_ALIGNMENT(._video_driver_api.static.*)))
                0x08003d68                        _video_driver_api_list_end = .

virtio_driver_api_area
                0x08003d68        0x0
                0x08003d68                        _virtio_driver_api_list_start = .
 *(SORT_BY_NAME(SORT_BY_ALIGNMENT(._virtio_driver_api.static.*)))
                0x08003d68                        _virtio_driver_api_list_end = .

w1_driver_api_area
                0x08003d68        0x0
                0x08003d68                        _w1_driver_api_list_start = .
 *(SORT_BY_NAME(SORT_BY_ALIGNMENT(._w1_driver_api.static.*)))
                0x08003d68                        _w1_driver_api_list_end = .

wdt_driver_api_area
                0x08003d68        0x0
                0x08003d68                        _wdt_driver_api_list_start = .
 *(SORT_BY_NAME(SORT_BY_ALIGNMENT(._wdt_driver_api.static.*)))
                0x08003d68                        _wdt_driver_api_list_end = .

wuc_driver_api_area
                0x08003d68        0x0
                0x08003d68                        _wuc_driver_api_list_start = .
 *(SORT_BY_NAME(SORT_BY_ALIGNMENT(._wuc_driver_api.static.*)))
                0x08003d68                        _wuc_driver_api_list_end = .

can_transceiver_driver_api_area
                0x08003d68        0x0
                0x08003d68                        _can_transceiver_driver_api_list_start = .
 *(SORT_BY_NAME(SORT_BY_ALIGNMENT(._can_transceiver_driver_api.static.*)))
                0x08003d68                        _can_transceiver_driver_api_list_end = .

nrf_clock_control_driver_api_area
                0x08003d68        0x0
                0x08003d68                        _nrf_clock_control_driver_api_list_start = .
 *(SORT_BY_NAME(SORT_BY_ALIGNMENT(._nrf_clock_control_driver_api.static.*)))
                0x08003d68                        _nrf_clock_control_driver_api_list_end = .

i3c_target_driver_api_area
                0x08003d68        0x0
                0x08003d68                        _i3c_target_driver_api_list_start = .
 *(SORT_BY_NAME(SORT_BY_ALIGNMENT(._i3c_target_driver_api.static.*)))
                0x08003d68                        _i3c_target_driver_api_list_end = .

its_driver_api_area
                0x08003d68        0x0
                0x08003d68                        _its_driver_api_list_start = .
 *(SORT_BY_NAME(SORT_BY_ALIGNMENT(._its_driver_api.static.*)))
                0x08003d68                        _its_driver_api_list_end = .

vtd_driver_api_area
                0x08003d68        0x0
                0x08003d68                        _vtd_driver_api_list_start = .
 *(SORT_BY_NAME(SORT_BY_ALIGNMENT(._vtd_driver_api.static.*)))
                0x08003d68                        _vtd_driver_api_list_end = .

renesas_elc_driver_api_area
                0x08003d68        0x0
                0x08003d68                        _renesas_elc_driver_api_list_start = .
 *(SORT_BY_NAME(SORT_BY_ALIGNMENT(._renesas_elc_driver_api.static.*)))
                0x08003d68                        _renesas_elc_driver_api_list_end = .

tgpio_driver_api_area
                0x08003d68        0x0
                0x08003d68                        _tgpio_driver_api_list_start = .
 *(SORT_BY_NAME(SORT_BY_ALIGNMENT(._tgpio_driver_api.static.*)))
                0x08003d68                        _tgpio_driver_api_list_end = .

pcie_ctrl_driver_api_area
                0x08003d68        0x0
                0x08003d68                        _pcie_ctrl_driver_api_list_start = .
 *(SORT_BY_NAME(SORT_BY_ALIGNMENT(._pcie_ctrl_driver_api.static.*)))
                0x08003d68                        _pcie_ctrl_driver_api_list_end = .

pcie_ep_driver_api_area
                0x08003d68        0x0
                0x08003d68                        _pcie_ep_driver_api_list_start = .
 *(SORT_BY_NAME(SORT_BY_ALIGNMENT(._pcie_ep_driver_api.static.*)))
                0x08003d68                        _pcie_ep_driver_api_list_end = .

psi5_driver_api_area
                0x08003d68        0x0
                0x08003d68                        _psi5_driver_api_list_start = .
 *(SORT_BY_NAME(SORT_BY_ALIGNMENT(._psi5_driver_api.static.*)))
                0x08003d68                        _psi5_driver_api_list_end = .

sent_driver_api_area
                0x08003d68        0x0
                0x08003d68                        _sent_driver_api_list_start = .
 *(SORT_BY_NAME(SORT_BY_ALIGNMENT(._sent_driver_api.static.*)))
                0x08003d68                        _sent_driver_api_list_end = .

svc_driver_api_area
                0x08003d68        0x0
                0x08003d68                        _svc_driver_api_list_start = .
 *(SORT_BY_NAME(SORT_BY_ALIGNMENT(._svc_driver_api.static.*)))
                0x08003d68                        _svc_driver_api_list_end = .

stepper_driver_api_area
                0x08003d68        0x0
                0x08003d68                        _stepper_driver_api_list_start = .
 *(SORT_BY_NAME(SORT_BY_ALIGNMENT(._stepper_driver_api.static.*)))
                0x08003d68                        _stepper_driver_api_list_end = .

stepper_ctrl_driver_api_area
                0x08003d68        0x0
                0x08003d68                        _stepper_ctrl_driver_api_list_start = .
 *(SORT_BY_NAME(SORT_BY_ALIGNMENT(._stepper_ctrl_driver_api.static.*)))
                0x08003d68                        _stepper_ctrl_driver_api_list_end = .

uart_driver_api_area
                0x08003d68       0x4c
                0x08003d68                        _uart_driver_api_list_start = .
 *(SORT_BY_NAME(SORT_BY_ALIGNMENT(._uart_driver_api.static.*)))
 ._uart_driver_api.static.uart_stm32_driver_api_
                0x08003d68       0x4c zephyr/drivers/serial/libdrivers__serial.a(uart_stm32.c.obj)
                0x08003db4                        _uart_driver_api_list_end = .

bc12_emul_driver_api_area
                0x08003db4        0x0
                0x08003db4                        _bc12_emul_driver_api_list_start = .
 *(SORT_BY_NAME(SORT_BY_ALIGNMENT(._bc12_emul_driver_api.static.*)))
                0x08003db4                        _bc12_emul_driver_api_list_end = .

bc12_driver_api_area
                0x08003db4        0x0
                0x08003db4                        _bc12_driver_api_list_start = .
 *(SORT_BY_NAME(SORT_BY_ALIGNMENT(._bc12_driver_api.static.*)))
                0x08003db4                        _bc12_driver_api_list_end = .

usbc_ppc_driver_api_area
                0x08003db4        0x0
                0x08003db4                        _usbc_ppc_driver_api_list_start = .
 *(SORT_BY_NAME(SORT_BY_ALIGNMENT(._usbc_ppc_driver_api.static.*)))
                0x08003db4                        _usbc_ppc_driver_api_list_end = .

tcpc_driver_api_area
                0x08003db4        0x0
                0x08003db4                        _tcpc_driver_api_list_start = .
 *(SORT_BY_NAME(SORT_BY_ALIGNMENT(._tcpc_driver_api.static.*)))
                0x08003db4                        _tcpc_driver_api_list_end = .

usbc_vbus_driver_api_area
                0x08003db4        0x0
                0x08003db4                        _usbc_vbus_driver_api_list_start = .
 *(SORT_BY_NAME(SORT_BY_ALIGNMENT(._usbc_vbus_driver_api.static.*)))
                0x08003db4                        _usbc_vbus_driver_api_list_end = .

ivshmem_driver_api_area
                0x08003db4        0x0
                0x08003db4                        _ivshmem_driver_api_list_start = .
 *(SORT_BY_NAME(SORT_BY_ALIGNMENT(._ivshmem_driver_api.static.*)))
                0x08003db4                        _ivshmem_driver_api_list_end = .

ethphy_driver_api_area
                0x08003db4        0x0
                0x08003db4                        _ethphy_driver_api_list_start = .
 *(SORT_BY_NAME(SORT_BY_ALIGNMENT(._ethphy_driver_api.static.*)))
                0x08003db4                        _ethphy_driver_api_list_end = .

ztest           0x08003db4        0x0
                0x08003db4                        _ztest_expected_result_entry_list_start = .
 *(SORT_BY_NAME(SORT_BY_ALIGNMENT(._ztest_expected_result_entry.static.*)))
                0x08003db4                        _ztest_expected_result_entry_list_end = .
                0x08003db4                        _ztest_suite_node_list_start = .
 *(SORT_BY_NAME(SORT_BY_ALIGNMENT(._ztest_suite_node.static.*)))
                0x08003db4                        _ztest_suite_node_list_end = .
                0x08003db4                        _ztest_unit_test_list_start = .
 *(SORT_BY_NAME(SORT_BY_ALIGNMENT(._ztest_unit_test.static.*)))
                0x08003db4                        _ztest_unit_test_list_end = .
                0x08003db4                        _ztest_test_rule_list_start = .
 *(SORT_BY_NAME(SORT_BY_ALIGNMENT(._ztest_test_rule.static.*)))
                0x08003db4                        _ztest_test_rule_list_end = .

init_array      0x08003db4        0x0
                0x08003db4                        __zephyr_init_array_start = .
 *(SORT_BY_INIT_PRIORITY(.init_array.*) SORT_BY_INIT_PRIORITY(.ctors.*))
 *(SORT_BY_ALIGNMENT(.init_array) SORT_BY_ALIGNMENT(.ctors))
                0x08003db4                        __zephyr_init_array_end = .
                0x00000001                        ASSERT ((__zephyr_init_array_start == __zephyr_init_array_end), GNU-style constructors required but STATIC_INIT_GNU not enabled)

bt_l2cap_fixed_chan_area
                0x08003db4        0x0
                0x08003db4                        _bt_l2cap_fixed_chan_list_start = .
 *(SORT_BY_NAME(SORT_BY_ALIGNMENT(._bt_l2cap_fixed_chan.static.*)))
                0x08003db4                        _bt_l2cap_fixed_chan_list_end = .

bt_gatt_service_static_area
                0x08003db4        0x0
                0x08003db4                        _bt_gatt_service_static_list_start = .
 *(SORT_BY_NAME(SORT_BY_ALIGNMENT(._bt_gatt_service_static.static.*)))
                0x08003db4                        _bt_gatt_service_static_list_end = .

log_strings_area
                0x08003db4        0x0
                0x08003db4                        _log_strings_list_start = .
 *(SORT_BY_NAME(SORT_BY_ALIGNMENT(._log_strings.static.*)))
                0x08003db4                        _log_strings_list_end = .

log_stmesp_ptr_area
                0x08003db4        0x0
                0x08003db4                        _log_stmesp_ptr_list_start = .
 *(SORT_BY_NAME(SORT_BY_ALIGNMENT(._log_stmesp_ptr.static.*)))
                0x08003db4                        _log_stmesp_ptr_list_end = .

log_stmesp_str_area
                0x08003db4        0x0
                0x08003db4                        _log_stmesp_str_list_start = .
 *(SORT_BY_NAME(SORT_BY_ALIGNMENT(._log_stmesp_str.static.*)))
                0x08003db4                        _log_stmesp_str_list_end = .

log_const_area  0x08003db4        0x0
                0x08003db4                        _log_const_list_start = .
 *(SORT_BY_NAME(SORT_BY_ALIGNMENT(._log_const.static.*)))
                0x08003db4                        _log_const_list_end = .

log_backend_area
                0x08003db4        0x0
                0x08003db4                        _log_backend_list_start = .
 *(SORT_BY_NAME(SORT_BY_ALIGNMENT(._log_backend.static.*)))
                0x08003db4                        _log_backend_list_end = .

log_link_area   0x08003db4        0x0
                0x08003db4                        _log_link_list_start = .
 *(SORT_BY_NAME(SORT_BY_ALIGNMENT(._log_link.static.*)))
                0x08003db4                        _log_link_list_end = .

tracing_backend_area
                0x08003db4        0x0
                0x08003db4                        _tracing_backend_list_start = .
 *(SORT_BY_NAME(SORT_BY_ALIGNMENT(._tracing_backend.static.*)))
                0x08003db4                        _tracing_backend_list_end = .

zephyr_dbg_info
 *(SORT_BY_ALIGNMENT(.dbg_thread_info))

intc_table_area
                0x08003db4        0x0
                0x08003db4                        _intc_table_list_start = .
 *(SORT_BY_NAME(SORT_BY_ALIGNMENT(._intc_table.static.*)))
                0x08003db4                        _intc_table_list_end = .

symbol_to_keep  0x08003db4        0x0
                0x08003db4                        __symbol_to_keep_start = .
 *(SORT_BY_NAME(SORT_BY_ALIGNMENT(.symbol_to_keep*)))
                0x08003db4                        __symbol_to_keep_end = .

shell_area      0x08003db4        0x0
                0x08003db4                        _shell_list_start = .
 *(SORT_BY_NAME(SORT_BY_ALIGNMENT(._shell.static.*)))
                0x08003db4                        _shell_list_end = .

shell_root_cmds_area
                0x08003db4        0x0
                0x08003db4                        _shell_root_cmds_list_start = .
 *(SORT_BY_NAME(SORT_BY_ALIGNMENT(._shell_root_cmds.static.*)))
                0x08003db4                        _shell_root_cmds_list_end = .

shell_subcmds_area
                0x08003db4        0x0
                0x08003db4                        _shell_subcmds_list_start = .
 *(SORT_BY_NAME(SORT_BY_ALIGNMENT(._shell_subcmds.static.*)))
                0x08003db4                        _shell_subcmds_list_end = .

shell_dynamic_subcmds_area
                0x08003db4        0x0
                0x08003db4                        _shell_dynamic_subcmds_list_start = .
 *(SORT_BY_NAME(SORT_BY_ALIGNMENT(._shell_dynamic_subcmds.static.*)))
                0x08003db4                        _shell_dynamic_subcmds_list_end = .

cfb_font_area   0x08003db4        0x0
                0x08003db4                        _cfb_font_list_start = .
 *(SORT_BY_NAME(SORT_BY_ALIGNMENT(._cfb_font.static.*)))
                0x08003db4                        _cfb_font_list_end = .

tdata           0x08003db4        0x0
 *(SORT_BY_ALIGNMENT(.tdata) SORT_BY_ALIGNMENT(.tdata.*) SORT_BY_ALIGNMENT(.gnu.linkonce.td.*))

tbss            0x08003db4        0x4
 *(SORT_BY_ALIGNMENT(.tbss) SORT_BY_ALIGNMENT(.tbss.*) SORT_BY_ALIGNMENT(.gnu.linkonce.tb.*) SORT_BY_ALIGNMENT(.tcommon))
 .tbss.z_tls_current
                0x08003db4        0x4 zephyr/libzephyr.a(thread_entry.c.obj)
                0x08003db4                z_tls_current
                0x08003db4                        PROVIDE (__tdata_start = LOADADDR (tdata))
                0x00000001                        PROVIDE (__tdata_align = ALIGNOF (tdata))
                0x00000000                        PROVIDE (__tdata_size = (((SIZEOF (tdata) + __tdata_align) - 0x1) & ~ ((__tdata_align - 0x1))))
                [!provide]                        PROVIDE (__tdata_end = (__tdata_start + __tdata_size))
                0x00000004                        PROVIDE (__tbss_align = ALIGNOF (tbss))
                [!provide]                        PROVIDE (__tbss_start = ADDR (tbss))
                0x00000004                        PROVIDE (__tbss_size = (((SIZEOF (tbss) + __tbss_align) - 0x1) & ~ ((__tbss_align - 0x1))))
                [!provide]                        PROVIDE (__tbss_end = (__tbss_start + __tbss_size))
                [!provide]                        PROVIDE (__tls_start = __tdata_start)
                [!provide]                        PROVIDE (__tls_end = __tbss_end)
                [!provide]                        PROVIDE (__tls_size = (__tbss_end - __tdata_start))

rodata          0x08003db4      0x6ac
 *(SORT_BY_ALIGNMENT(.rodata))
 .rodata        0x08003db4        0x8 zephyr/drivers/interrupt_controller/libdrivers__interrupt_controller.a(intc_exti_stm32.c.obj)
 *(SORT_BY_ALIGNMENT(.rodata.*))
 .rodata.motor_name
                0x08003dbc       0x10 app/libapp.a(main.c.obj)
 .rodata.motor_dir
                0x08003dcc       0x20 app/libapp.a(motors.c.obj)
 .rodata.motor_pwm
                0x08003dec       0x40 app/libapp.a(motors.c.obj)
 .rodata.gpio_stm32_cfg_f
                0x08003e2c       0x14 zephyr/libzephyr.a(gpioport_mgr.c.obj)
 .rodata.gpio_stm32_cfg_e
                0x08003e40       0x14 zephyr/libzephyr.a(gpioport_mgr.c.obj)
 .rodata.gpio_stm32_cfg_d
                0x08003e54       0x14 zephyr/libzephyr.a(gpioport_mgr.c.obj)
 .rodata.gpio_stm32_cfg_c
                0x08003e68       0x14 zephyr/libzephyr.a(gpioport_mgr.c.obj)
 .rodata.gpio_stm32_cfg_b
                0x08003e7c       0x14 zephyr/libzephyr.a(gpioport_mgr.c.obj)
 .rodata.gpio_stm32_cfg_a
                0x08003e90       0x14 zephyr/libzephyr.a(gpioport_mgr.c.obj)
 .rodata.gpio_ports
                0x08003ea4       0x68 zephyr/libzephyr.a(gpioport_mgr.c.obj)
 .rodata.pwm_stm32_config_2
                0x08003f0c       0x20 zephyr/drivers/pwm/libdrivers__pwm.a(pwm_stm32.c.obj)
 .rodata.pclken_2
                0x08003f2c       0x10 zephyr/drivers/pwm/libdrivers__pwm.a(pwm_stm32.c.obj)
 .rodata.__pinctrl_dev_config__device_dts_ord_31
                0x08003f3c        0x8 zephyr/drivers/pwm/libdrivers__pwm.a(pwm_stm32.c.obj)
 .rodata.__pinctrl_states__device_dts_ord_31
                0x08003f44        0x8 zephyr/drivers/pwm/libdrivers__pwm.a(pwm_stm32.c.obj)
 .rodata.__pinctrl_state_pins_0__device_dts_ord_31
                0x08003f4c       0x10 zephyr/drivers/pwm/libdrivers__pwm.a(pwm_stm32.c.obj)
 .rodata.pwm_stm32_config_1
                0x08003f5c       0x20 zephyr/drivers/pwm/libdrivers__pwm.a(pwm_stm32.c.obj)
 .rodata.pclken_1
                0x08003f7c       0x10 zephyr/drivers/pwm/libdrivers__pwm.a(pwm_stm32.c.obj)
 .rodata.__pinctrl_dev_config__device_dts_ord_35
                0x08003f8c        0x8 zephyr/drivers/pwm/libdrivers__pwm.a(pwm_stm32.c.obj)
 .rodata.__pinctrl_states__device_dts_ord_35
                0x08003f94        0x8 zephyr/drivers/pwm/libdrivers__pwm.a(pwm_stm32.c.obj)
 .rodata.__pinctrl_state_pins_0__device_dts_ord_35
                0x08003f9c       0x10 zephyr/drivers/pwm/libdrivers__pwm.a(pwm_stm32.c.obj)
 .rodata.pwm_stm32_config_0
                0x08003fac       0x20 zephyr/drivers/pwm/libdrivers__pwm.a(pwm_stm32.c.obj)
 .rodata.pclken_0
                0x08003fcc       0x10 zephyr/drivers/pwm/libdrivers__pwm.a(pwm_stm32.c.obj)
 .rodata.__pinctrl_dev_config__device_dts_ord_22
                0x08003fdc        0x8 zephyr/drivers/pwm/libdrivers__pwm.a(pwm_stm32.c.obj)
 .rodata.__pinctrl_states__device_dts_ord_22
                0x08003fe4        0x8 zephyr/drivers/pwm/libdrivers__pwm.a(pwm_stm32.c.obj)
 .rodata.__pinctrl_state_pins_0__device_dts_ord_22
                0x08003fec        0x8 zephyr/drivers/pwm/libdrivers__pwm.a(pwm_stm32.c.obj)
 .rodata.set_timer_compare
                0x08003ff4       0x10 zephyr/drivers/pwm/libdrivers__pwm.a(pwm_stm32.c.obj)
 .rodata.ch2ll_n
                0x08004004        0xc zephyr/drivers/pwm/libdrivers__pwm.a(pwm_stm32.c.obj)
 .rodata.ch2ll  0x08004010       0x10 zephyr/drivers/pwm/libdrivers__pwm.a(pwm_stm32.c.obj)
 .rodata.reset_stm32_config
                0x08004020        0x4 zephyr/drivers/reset/libdrivers__reset.a(reset_stm32.c.obj)
 .rodata.uart_stm32_cfg_1
                0x08004024       0x2c zephyr/drivers/serial/libdrivers__serial.a(uart_stm32.c.obj)
 .rodata.pclken_1
                0x08004050        0x8 zephyr/drivers/serial/libdrivers__serial.a(uart_stm32.c.obj)
 .rodata.__pinctrl_dev_config__device_dts_ord_68
                0x08004058        0x8 zephyr/drivers/serial/libdrivers__serial.a(uart_stm32.c.obj)
 .rodata.__pinctrl_states__device_dts_ord_68
                0x08004060        0x8 zephyr/drivers/serial/libdrivers__serial.a(uart_stm32.c.obj)
 .rodata.__pinctrl_state_pins_0__device_dts_ord_68
                0x08004068       0x10 zephyr/drivers/serial/libdrivers__serial.a(uart_stm32.c.obj)
 .rodata.uart_stm32_cfg_0
                0x08004078       0x2c zephyr/drivers/serial/libdrivers__serial.a(uart_stm32.c.obj)
 .rodata.pclken_0
                0x080040a4        0x8 zephyr/drivers/serial/libdrivers__serial.a(uart_stm32.c.obj)
 .rodata.__pinctrl_dev_config__device_dts_ord_73
                0x080040ac        0x8 zephyr/drivers/serial/libdrivers__serial.a(uart_stm32.c.obj)
 .rodata.__pinctrl_states__device_dts_ord_73
                0x080040b4        0x8 zephyr/drivers/serial/libdrivers__serial.a(uart_stm32.c.obj)
 .rodata.__pinctrl_state_pins_0__device_dts_ord_73
                0x080040bc       0x10 zephyr/drivers/serial/libdrivers__serial.a(uart_stm32.c.obj)
 .rodata.levels.0
                0x080040cc       0x18 zephyr/kernel/libkernel.a(init.c.obj)
 .rodata.CSWTCH.111
                0x080040e4        0x6 zephyr/drivers/serial/libdrivers__serial.a(uart_stm32.c.obj)
 .rodata.test_mecanum.str1.1
                0x080040ea      0x320 app/libapp.a(main.c.obj)
                                  0xd (size before relaxing)
 .rodata.main.str1.1
                0x0800440a       0xaf app/libapp.a(main.c.obj)
 .rodata.str1.1
                0x0800440a        0xc app/libapp.a(main.c.obj)
 .rodata.motor_invert
                0x0800440a        0x4 app/libapp.a(motors.c.obj)
 .rodata.str1.1
                0x0800440e       0x54 zephyr/libzephyr.a(gpioport_mgr.c.obj)
 .rodata.z_arm_fatal_error.str1.1
                0x0800440e       0xb3 zephyr/arch/arch/arm/core/libarch__arm__core.a(fatal.c.obj)
 .rodata.z_arm_fault.str1.1
                0x0800440e       0xa3 zephyr/arch/arch/arm/core/cortex_m/libarch__arm__core__cortex_m.a(fault.c.obj)
 .rodata.str1.1
                0x0800440e       0x1e zephyr/drivers/interrupt_controller/libdrivers__interrupt_controller.a(intc_exti_stm32.c.obj)
 .rodata.line_range_2.0
                0x0800440e        0x2 zephyr/drivers/interrupt_controller/libdrivers__interrupt_controller.a(intc_gpio_stm32.c.obj)
 .rodata.line_range_1.1
                0x08004410        0x2 zephyr/drivers/interrupt_controller/libdrivers__interrupt_controller.a(intc_gpio_stm32.c.obj)
 .rodata.line_range_0.2
                0x08004412        0x2 zephyr/drivers/interrupt_controller/libdrivers__interrupt_controller.a(intc_gpio_stm32.c.obj)
 .rodata.str1.1
                0x08004414        0xd zephyr/drivers/clock_control/libdrivers__clock_control.a(clock_stm32_ll_common.c.obj)
 .rodata.str1.1
                0x08004414        0x4 zephyr/drivers/pwm/libdrivers__pwm.a(pwm_stm32.c.obj)
 .rodata.SHIFT_TAB_OISx
                0x08004414        0x7 zephyr/drivers/pwm/libdrivers__pwm.a(pwm_stm32.c.obj)
 .rodata.SHIFT_TAB_CCxP
                0x0800441b        0x7 zephyr/drivers/pwm/libdrivers__pwm.a(pwm_stm32.c.obj)
 .rodata.SHIFT_TAB_OCxx
                0x08004422        0x7 zephyr/drivers/pwm/libdrivers__pwm.a(pwm_stm32.c.obj)
 .rodata.OFFSET_TAB_CCMRx
                0x08004429        0x7 zephyr/drivers/pwm/libdrivers__pwm.a(pwm_stm32.c.obj)
 .rodata.str1.1
                0x08004430       0x11 zephyr/drivers/reset/libdrivers__reset.a(reset_stm32.c.obj)
 .rodata.str1.1
                0x08004430       0x20 zephyr/drivers/serial/libdrivers__serial.a(uart_stm32.c.obj)
 .rodata.AHBPrescTable
                0x08004430       0x10 modules/hal_stm32/stm32cube/lib..__modules__hal__stm32__stm32cube.a(system_stm32f0xx.c.obj)
                0x08004430                AHBPrescTable
 .rodata.aPredivFactorTable.0
                0x08004440       0x10 modules/hal_stm32/stm32cube/lib..__modules__hal__stm32__stm32cube.a(stm32f0xx_hal_rcc.c.obj)
 .rodata.aPLLMULFactorTable.1
                0x08004450       0x10 modules/hal_stm32/stm32cube/lib..__modules__hal__stm32__stm32cube.a(stm32f0xx_hal_rcc.c.obj)
 .rodata.z_cstart.str1.1
                0x08004460        0x5 zephyr/kernel/libkernel.a(init.c.obj)
 .rodata.boot_banner.str1.1
                0x08004460       0x3a zephyr/kernel/libkernel.a(banner.c.obj)
 .rodata.__l_vfprintf.str1.1
                0x08004460        0xf C:/Users/justin/zephyr-sdk-1.0.1/gnu/arm-zephyr-eabi/bin/../lib/gcc/arm-zephyr-eabi/14.3.0/../../../../arm-zephyr-eabi/lib/thumb/v6-m/nofp/space\libc.a(libc_tinystdio_vflprintf.c.o)
 *(SORT_BY_ALIGNMENT(.gnu.linkonce.r.*))
                0x080044c4                        . = ALIGN (0x4)
                [!provide]                        PROVIDE (__eh_frame_start = 0x0)
                [!provide]                        PROVIDE (__eh_frame_end = 0x0)
                [!provide]                        PROVIDE (__eh_frame_hdr_start = 0x0)
                [!provide]                        PROVIDE (__eh_frame_hdr_end = 0x0)

/DISCARD/
 *(SORT_BY_ALIGNMENT(.eh_frame))
                0x08004460                        __rodata_region_end = .
                0x080044c4                        . = ALIGN (_region_min_align)
                0x08004460                        __rom_region_end = ((__rom_region_start + .) - ADDR (rom_start))
                0x00004460                        __rom_region_size = (__rom_region_end - __rom_region_start)

/DISCARD/
 *(SORT_BY_ALIGNMENT(.got.plt))
 *(SORT_BY_ALIGNMENT(.igot.plt))
 *(SORT_BY_ALIGNMENT(.got))
 *(SORT_BY_ALIGNMENT(.igot))
                0x20000000                        . = 0x20000000
                0x20000000                        . = ALIGN (_region_min_align)
                0x20000000                        _image_ram_start = .

.st_stm32f0x_vt
                0x20000000       0xb4
                0x20000000                        _ram_vector_start = .
                0x200000b4                        . = (. + (_vector_end - _vector_start))
 *fill*         0x20000000       0xb4 
                0x200000b4                        _ram_vector_end = .

.ramfunc        0x200000b4        0x0 load address 0x08004460
                0x200000b4                        __ramfunc_region_start = .
                0x200000b4                        . = ALIGN (_region_min_align)
                0x200000b4                        __ramfunc_start = .
 *(SORT_BY_ALIGNMENT(.ramfunc))
 *(SORT_BY_ALIGNMENT(.ramfunc.*))
                0x200000b4                        . = ALIGN (_region_min_align)
                0x200000b4                        __ramfunc_end = .
                0x00000000                        __ramfunc_size = (__ramfunc_end - __ramfunc_start)
                0x08004460                        __ramfunc_load_start = LOADADDR (.ramfunc)

datas           0x200000b4       0x80 load address 0x08004460
                0x200000b4                        __data_region_start = .
                0x200000b4                        __data_start = .
 *(SORT_BY_ALIGNMENT(.data))
 *(SORT_BY_ALIGNMENT(.data.*))
 .data._char_out
                0x200000b4        0x4 zephyr/libzephyr.a(printk.c.obj)
 .data.__stdout
                0x200000b8       0x10 zephyr/lib/libc/picolibc/liblib__libc__picolibc.a(stdio.c.obj)
 .data.pwm_stm32_data_2
                0x200000c8        0xc zephyr/drivers/pwm/libdrivers__pwm.a(pwm_stm32.c.obj)
 .data.pwm_stm32_data_1
                0x200000d4        0xc zephyr/drivers/pwm/libdrivers__pwm.a(pwm_stm32.c.obj)
 .data.pwm_stm32_data_0
                0x200000e0        0xc zephyr/drivers/pwm/libdrivers__pwm.a(pwm_stm32.c.obj)
 .data.uart_stm32_data_1
                0x200000ec        0xc zephyr/drivers/serial/libdrivers__serial.a(uart_stm32.c.obj)
 .data.uart_cfg_1
                0x200000f8        0x8 zephyr/drivers/serial/libdrivers__serial.a(uart_stm32.c.obj)
 .data.uart_stm32_data_0
                0x20000100        0xc zephyr/drivers/serial/libdrivers__serial.a(uart_stm32.c.obj)
 .data.uart_cfg_0
                0x2000010c        0x8 zephyr/drivers/serial/libdrivers__serial.a(uart_stm32.c.obj)
 .data.SystemCoreClock
                0x20000114        0x4 modules/hal_stm32/stm32cube/lib..__modules__hal__stm32__stm32cube.a(system_stm32f0xx.c.obj)